<!doctype html public "-//w3c//dtd html 4.0 transitional//en">
<html><head>
<title>Static Call Graph - [.\Objects\FSP_Project.axf]</title></head>
<body><HR>
<H1>Static Call Graph for image .\Objects\FSP_Project.axf</H1><HR>
<BR><P>#&#060CALLGRAPH&#062# ARM Linker, 6230001: Last Updated: Thu Jun 11 21:50:34 2026
<BR><P>
<H3>Maximum Stack Usage =       1232 bytes + Unknown(Cycles, Untraceable Function Pointers)</H3><H3>
Call chain for Maximum Stack Depth:</H3>
motor_ctrl_task_func &rArr; motor_ctrl_task_entry &rArr; Dummy_Motormatic_Task &rArr; Kinematic_SolveIK &rArr; Moveit_Inverse_Kinematics_From_Pose &rArr; __hardfp_sin &rArr; __ieee754_rem_pio2 &rArr; __aeabi_dsub &rArr; __aeabi_dadd &rArr; _double_epilogue &rArr; _double_round
<P>
<H3>
Mutually Recursive functions
</H3> <LI><a href="#[a4]">bsp_prv_software_delay_loop</a>&nbsp;&nbsp;&nbsp;&rArr;&nbsp;&nbsp;&nbsp;<a href="#[a4]">bsp_prv_software_delay_loop</a><BR>
 <LI><a href="#[bc]">daemon_task_entry</a>&nbsp;&nbsp;&nbsp;&rArr;&nbsp;&nbsp;&nbsp;<a href="#[bc]">daemon_task_entry</a><BR>
</UL>
<P>
<H3>
Function Pointers
</H3><UL>
 <LI><a href="#[17]">BT_RxCallback</a> from bluetooth.o(.text.BT_RxCallback) referenced 2 times from bluetooth.o(.text.BT_Init)
 <LI><a href="#[4]">BusFault_Handler</a> from startup.o(.text.Default_Handler) referenced from startup.o(.fixed_vectors)
 <LI><a href="#[19]">DJIMotorLostCallback</a> from dji_motor.o(.text.DJIMotorLostCallback) referenced 2 times from dji_motor.o(.text.DJIMotorInit)
 <LI><a href="#[1b]">DM_IMU_Decode</a> from dm_imu.o(.text.DM_IMU_Decode) referenced 2 times from dm_imu.o(.text.DM_IMU_Init)
 <LI><a href="#[8]">DebugMon_Handler</a> from startup.o(.text.Default_Handler) referenced from startup.o(.fixed_vectors)
 <LI><a href="#[18]">DecodeDJIMotor</a> from dji_motor.o(.text.DecodeDJIMotor) referenced 2 times from dji_motor.o(.text.DJIMotorInit)
 <LI><a href="#[1f]">DecodeRSMotor</a> from rs_motor.o(.text.DecodeRSMotor) referenced 2 times from rs_motor.o(.text.RSMotorInit)
 <LI><a href="#[2]">HardFault_Handler</a> from startup.o(.text.Default_Handler) referenced from startup.o(.fixed_vectors)
 <LI><a href="#[23]">HostLostCallback</a> from vision.o(.text.HostLostCallback) referenced from vision.o(.text.Vision_Init)
 <LI><a href="#[22]">HostRxCallback</a> from vision.o(.text.HostRxCallback) referenced 2 times from vision.o(.text.Vision_Init)
 <LI><a href="#[1a]">IMUCANLostCallback</a> from dm_imu.o(.text.IMUCANLostCallback) referenced 2 times from dm_imu.o(.text.DM_IMU_Init)
 <LI><a href="#[1c]">Joint_Motor_Callback</a> from step_motor.o(.text.Joint_Motor_Callback) referenced 2 times from step_motor.o(.text.Joint_Motor_Init)
 <LI><a href="#[1e]">MCLostCallback</a> from mc6c.o(.text.MCLostCallback) referenced from mc6c.o(.text.MCControlInit)
 <LI><a href="#[1d]">MCRxCallback</a> from mc6c.o(.text.MCRxCallback) referenced 2 times from mc6c.o(.text.MCControlInit)
 <LI><a href="#[3]">MemManage_Handler</a> from startup.o(.text.Default_Handler) referenced from startup.o(.fixed_vectors)
 <LI><a href="#[1]">NMI_Handler</a> from bsp_group_irq.o(.text.NMI_Handler) referenced from startup.o(.fixed_vectors)
 <LI><a href="#[9]">PendSV_Handler</a> from port.o(.text.PendSV_Handler) referenced from startup.o(.fixed_vectors)
 <LI><a href="#[20]">RSMotorLostCallback</a> from rs_motor.o(.text.RSMotorLostCallback) referenced 2 times from rs_motor.o(.text.RSMotorInit)
 <LI><a href="#[35]">R_DTC_CallbackSet</a> from r_dtc.o(.text.R_DTC_CallbackSet) referenced from r_dtc.o(.rodata.g_transfer_on_dtc)
 <LI><a href="#[33]">R_DTC_Close</a> from r_dtc.o(.text.R_DTC_Close) referenced from r_dtc.o(.rodata.g_transfer_on_dtc)
 <LI><a href="#[2f]">R_DTC_Disable</a> from r_dtc.o(.text.R_DTC_Disable) referenced from r_dtc.o(.rodata.g_transfer_on_dtc)
 <LI><a href="#[2e]">R_DTC_Enable</a> from r_dtc.o(.text.R_DTC_Enable) referenced from r_dtc.o(.rodata.g_transfer_on_dtc)
 <LI><a href="#[32]">R_DTC_InfoGet</a> from r_dtc.o(.text.R_DTC_InfoGet) referenced from r_dtc.o(.rodata.g_transfer_on_dtc)
 <LI><a href="#[2b]">R_DTC_Open</a> from r_dtc.o(.text.R_DTC_Open) referenced from r_dtc.o(.rodata.g_transfer_on_dtc)
 <LI><a href="#[2c]">R_DTC_Reconfigure</a> from r_dtc.o(.text.R_DTC_Reconfigure) referenced from r_dtc.o(.rodata.g_transfer_on_dtc)
 <LI><a href="#[34]">R_DTC_Reload</a> from r_dtc.o(.text.R_DTC_Reload) referenced from r_dtc.o(.rodata.g_transfer_on_dtc)
 <LI><a href="#[2d]">R_DTC_Reset</a> from r_dtc.o(.text.R_DTC_Reset) referenced from r_dtc.o(.rodata.g_transfer_on_dtc)
 <LI><a href="#[30]">R_DTC_SoftwareStart</a> from r_dtc.o(.text.R_DTC_SoftwareStart) referenced from r_dtc.o(.rodata.g_transfer_on_dtc)
 <LI><a href="#[31]">R_DTC_SoftwareStop</a> from r_dtc.o(.text.R_DTC_SoftwareStop) referenced from r_dtc.o(.rodata.g_transfer_on_dtc)
 <LI><a href="#[0]">Reset_Handler</a> from startup.o(.text.Reset_Handler) referenced from startup.o(.fixed_vectors)
 <LI><a href="#[7]">SVC_Handler</a> from port.o(.text.SVC_Handler) referenced from startup.o(.fixed_vectors)
 <LI><a href="#[6]">SecureFault_Handler</a> from startup.o(.text.Default_Handler) referenced from startup.o(.fixed_vectors)
 <LI><a href="#[a]">SysTick_Handler</a> from port.o(.text.SysTick_Handler) referenced from startup.o(.fixed_vectors)
 <LI><a href="#[2a]">UART_Global_Callback</a> from bsp_uart.o(.text.UART_Global_Callback) referenced from hal_data.o(.rodata.bt_uart_cfg)
 <LI><a href="#[2a]">UART_Global_Callback</a> from bsp_uart.o(.text.UART_Global_Callback) referenced from hal_data.o(.rodata.pc_uart_cfg)
 <LI><a href="#[2a]">UART_Global_Callback</a> from bsp_uart.o(.text.UART_Global_Callback) referenced from hal_data.o(.rodata.sbus_cfg)
 <LI><a href="#[5]">UsageFault_Handler</a> from startup.o(.text.Default_Handler) referenced from startup.o(.fixed_vectors)
 <LI><a href="#[36]">can_callback</a> from bsp_can.o(.text.can_callback) referenced from hal_data.o(.rodata.motor_ctrl_can_cfg)
 <LI><a href="#[c]">canfd_channel_tx_isr</a> from r_canfd.o(.text.canfd_channel_tx_isr) referenced from vector_data.o(.application_vectors)
 <LI><a href="#[d]">canfd_common_fifo_rx_isr</a> from r_canfd.o(.text.canfd_common_fifo_rx_isr) referenced from vector_data.o(.application_vectors)
 <LI><a href="#[b]">canfd_error_isr</a> from r_canfd.o(.text.canfd_error_isr) referenced 2 times from vector_data.o(.application_vectors)
 <LI><a href="#[e]">canfd_rx_fifo_isr</a> from r_canfd.o(.text.canfd_rx_fifo_isr) referenced from vector_data.o(.application_vectors)
 <LI><a href="#[24]">daemon_task_func</a> from daemon_task.o(.text.daemon_task_func) referenced 2 times from daemon_task.o(.text.daemon_task_create)
 <LI><a href="#[25]">motor_ctrl_task_func</a> from motor_ctrl_task.o(.text.motor_ctrl_task_func) referenced 2 times from motor_ctrl_task.o(.text.motor_ctrl_task_create)
 <LI><a href="#[28]">prvIdleTask</a> from tasks.o(.text.prvIdleTask) referenced 2 times from tasks.o(.text.vTaskStartScheduler)
 <LI><a href="#[26]">prvTaskExitError</a> from port.o(.text.prvTaskExitError) referenced 2 times from port.o(.text.pxPortInitialiseStack)
 <LI><a href="#[29]">prvTimerTask</a> from timers.o(.text.prvTimerTask) referenced 2 times from timers.o(.text.xTimerCreateTimerTask)
 <LI><a href="#[27]">robot_task_func</a> from robot_task.o(.text.robot_task_func) referenced 2 times from robot_task.o(.text.robot_task_create)
 <LI><a href="#[12]">sci_uart_eri_isr</a> from r_sci_uart.o(.text.sci_uart_eri_isr) referenced 4 times from vector_data.o(.application_vectors)
 <LI><a href="#[f]">sci_uart_rxi_isr</a> from r_sci_uart.o(.text.sci_uart_rxi_isr) referenced 4 times from vector_data.o(.application_vectors)
 <LI><a href="#[11]">sci_uart_tei_isr</a> from r_sci_uart.o(.text.sci_uart_tei_isr) referenced 4 times from vector_data.o(.application_vectors)
 <LI><a href="#[10]">sci_uart_txi_isr</a> from r_sci_uart.o(.text.sci_uart_txi_isr) referenced 4 times from vector_data.o(.application_vectors)
 <LI><a href="#[15]">usbfs_d0fifo_handler</a> from r_usb_mcu.o(.text.usbfs_d0fifo_handler) referenced from vector_data.o(.application_vectors)
 <LI><a href="#[16]">usbfs_d1fifo_handler</a> from r_usb_mcu.o(.text.usbfs_d1fifo_handler) referenced from vector_data.o(.application_vectors)
 <LI><a href="#[13]">usbfs_interrupt_handler</a> from r_usb_mcu.o(.text.usbfs_interrupt_handler) referenced from vector_data.o(.application_vectors)
 <LI><a href="#[14]">usbfs_resume_handler</a> from r_usb_mcu.o(.text.usbfs_resume_handler) referenced from vector_data.o(.application_vectors)
 <LI><a href="#[21]">vPortSVCHandler_C</a> from port.o(.text.vPortSVCHandler_C) referenced from port.o(.text.SVC_Handler)
</UL>
<P>
<H3>
Global Symbols
</H3>
<P><STRONG><a name="[38]"></a>__aeabi_uldivmod</STRONG> (Thumb, 98 bytes, Stack size 40 bytes, uldiv.o(.text))
<BR><BR>[Stack]<UL><LI>Max Depth = 40<LI>Call Chain = __aeabi_uldivmod
</UL>
<BR>[Calls]<UL><LI><a href="#[39]">&gt;&gt;</a>&nbsp;&nbsp;&nbsp;__aeabi_llsr
<LI><a href="#[3a]">&gt;&gt;</a>&nbsp;&nbsp;&nbsp;__aeabi_llsl
</UL>
<BR>[Called By]<UL><LI><a href="#[67]">&gt;&gt;</a>&nbsp;&nbsp;&nbsp;DWT_SysTimeUpdate
</UL>

<P><STRONG><a name="[5a]"></a>__aeabi_memcpy</STRONG> (Thumb, 36 bytes, Stack size 0 bytes, memcpya.o(.text))
<BR><BR>[Called By]<UL><LI><a href="#[e2]">&gt;&gt;</a>&nbsp;&nbsp;&nbsp;xQueueReceive
<LI><a href="#[d3]">&gt;&gt;</a>&nbsp;&nbsp;&nbsp;prvCopyDataToQueue
<LI><a href="#[72]">&gt;&gt;</a>&nbsp;&nbsp;&nbsp;PubPushMessage
<LI><a href="#[6f]">&gt;&gt;</a>&nbsp;&nbsp;&nbsp;SubGetMessage
<LI><a href="#[59]">&gt;&gt;</a>&nbsp;&nbsp;&nbsp;CANTransmit
<LI><a href="#[f]">&gt;&gt;</a>&nbsp;&nbsp;&nbsp;sci_uart_rxi_isr
</UL>

<P><STRONG><a name="[77]"></a>__aeabi_memcpy4</STRONG> (Thumb, 0 bytes, Stack size 0 bytes, memcpya.o(.text))
<BR><BR>[Called By]<UL><LI><a href="#[7e]">&gt;&gt;</a>&nbsp;&nbsp;&nbsp;Kinematic_Init
<LI><a href="#[36]">&gt;&gt;</a>&nbsp;&nbsp;&nbsp;can_callback
<LI><a href="#[76]">&gt;&gt;</a>&nbsp;&nbsp;&nbsp;Dummy_Motormatic_Init
<LI><a href="#[d]">&gt;&gt;</a>&nbsp;&nbsp;&nbsp;canfd_common_fifo_rx_isr
<LI><a href="#[c]">&gt;&gt;</a>&nbsp;&nbsp;&nbsp;canfd_channel_tx_isr
<LI><a href="#[e]">&gt;&gt;</a>&nbsp;&nbsp;&nbsp;canfd_rx_fifo_isr
<LI><a href="#[b]">&gt;&gt;</a>&nbsp;&nbsp;&nbsp;canfd_error_isr
<LI><a href="#[b0]">&gt;&gt;</a>&nbsp;&nbsp;&nbsp;SystemRuntimeInit
</UL>

<P><STRONG><a name="[110]"></a>__aeabi_memcpy8</STRONG> (Thumb, 0 bytes, Stack size 0 bytes, memcpya.o(.text), UNUSED)

<P><STRONG><a name="[3c]"></a>__aeabi_memset</STRONG> (Thumb, 14 bytes, Stack size 0 bytes, memseta.o(.text))
<BR><BR>[Called By]<UL><LI><a href="#[3d]">&gt;&gt;</a>&nbsp;&nbsp;&nbsp;_memset$wrapper
<LI><a href="#[3b]">&gt;&gt;</a>&nbsp;&nbsp;&nbsp;__aeabi_memclr
</UL>

<P><STRONG><a name="[111]"></a>__aeabi_memset4</STRONG> (Thumb, 0 bytes, Stack size 0 bytes, memseta.o(.text), UNUSED)

<P><STRONG><a name="[112]"></a>__aeabi_memset8</STRONG> (Thumb, 0 bytes, Stack size 0 bytes, memseta.o(.text), UNUSED)

<P><STRONG><a name="[3b]"></a>__aeabi_memclr</STRONG> (Thumb, 4 bytes, Stack size 0 bytes, memseta.o(.text))
<BR><BR>[Calls]<UL><LI><a href="#[3c]">&gt;&gt;</a>&nbsp;&nbsp;&nbsp;__aeabi_memset
</UL>
<BR>[Called By]<UL><LI><a href="#[ba]">&gt;&gt;</a>&nbsp;&nbsp;&nbsp;xTaskCreateStatic
</UL>

<P><STRONG><a name="[54]"></a>__aeabi_memclr4</STRONG> (Thumb, 0 bytes, Stack size 0 bytes, memseta.o(.text))
<BR><BR>[Called By]<UL><LI><a href="#[5e]">&gt;&gt;</a>&nbsp;&nbsp;&nbsp;DJIMotorInit
<LI><a href="#[52]">&gt;&gt;</a>&nbsp;&nbsp;&nbsp;BT_Init
<LI><a href="#[83]">&gt;&gt;</a>&nbsp;&nbsp;&nbsp;Kinematic_SolveIK
<LI><a href="#[7e]">&gt;&gt;</a>&nbsp;&nbsp;&nbsp;Kinematic_Init
<LI><a href="#[78]">&gt;&gt;</a>&nbsp;&nbsp;&nbsp;Joint_Motor_Init
<LI><a href="#[b]">&gt;&gt;</a>&nbsp;&nbsp;&nbsp;canfd_error_isr
<LI><a href="#[b0]">&gt;&gt;</a>&nbsp;&nbsp;&nbsp;SystemRuntimeInit
</UL>

<P><STRONG><a name="[93]"></a>__aeabi_memclr8</STRONG> (Thumb, 0 bytes, Stack size 0 bytes, memseta.o(.text))
<BR><BR>[Called By]<UL><LI><a href="#[91]">&gt;&gt;</a>&nbsp;&nbsp;&nbsp;Moveit_Inverse_Kinematics_From_Pose
<LI><a href="#[5f]">&gt;&gt;</a>&nbsp;&nbsp;&nbsp;PIDInit
<LI><a href="#[2b]">&gt;&gt;</a>&nbsp;&nbsp;&nbsp;R_DTC_Open
</UL>

<P><STRONG><a name="[3d]"></a>_memset$wrapper</STRONG> (Thumb, 18 bytes, Stack size 8 bytes, memseta.o(.text), UNUSED)
<BR><BR>[Calls]<UL><LI><a href="#[3c]">&gt;&gt;</a>&nbsp;&nbsp;&nbsp;__aeabi_memset
</UL>

<P><STRONG><a name="[9c]"></a>strcmp</STRONG> (Thumb, 28 bytes, Stack size 8 bytes, strcmp.o(.text))
<BR><BR>[Stack]<UL><LI>Max Depth = 8<LI>Call Chain = strcmp
</UL>
<BR>[Called By]<UL><LI><a href="#[6c]">&gt;&gt;</a>&nbsp;&nbsp;&nbsp;PubRegister
</UL>

<P><STRONG><a name="[9d]"></a>strcpy</STRONG> (Thumb, 18 bytes, Stack size 0 bytes, strcpy.o(.text))
<BR><BR>[Called By]<UL><LI><a href="#[6c]">&gt;&gt;</a>&nbsp;&nbsp;&nbsp;PubRegister
</UL>

<P><STRONG><a name="[9b]"></a>strnlen</STRONG> (Thumb, 22 bytes, Stack size 0 bytes, strnlen.o(.text))
<BR><BR>[Called By]<UL><LI><a href="#[6c]">&gt;&gt;</a>&nbsp;&nbsp;&nbsp;PubRegister
</UL>

<P><STRONG><a name="[3e]"></a>calloc</STRONG> (Thumb, 28 bytes, Stack size 8 bytes, calloc.o(.text))
<BR><BR>[Stack]<UL><LI>Max Depth = 28<LI>Call Chain = calloc &rArr; malloc
</UL>
<BR>[Calls]<UL><LI><a href="#[3f]">&gt;&gt;</a>&nbsp;&nbsp;&nbsp;malloc
</UL>
<BR>[Called By]<UL><LI><a href="#[63]">&gt;&gt;</a>&nbsp;&nbsp;&nbsp;DM_IMU_Init
<LI><a href="#[79]">&gt;&gt;</a>&nbsp;&nbsp;&nbsp;RSMotorInit
<LI><a href="#[5e]">&gt;&gt;</a>&nbsp;&nbsp;&nbsp;DJIMotorInit
<LI><a href="#[6d]">&gt;&gt;</a>&nbsp;&nbsp;&nbsp;SubRegister
<LI><a href="#[6c]">&gt;&gt;</a>&nbsp;&nbsp;&nbsp;PubRegister
<LI><a href="#[60]">&gt;&gt;</a>&nbsp;&nbsp;&nbsp;DaemonRegister
<LI><a href="#[53]">&gt;&gt;</a>&nbsp;&nbsp;&nbsp;USARTRegister
<LI><a href="#[50]">&gt;&gt;</a>&nbsp;&nbsp;&nbsp;BSP_CAN_Init
</UL>

<P><STRONG><a name="[40]"></a>__aeabi_dadd</STRONG> (Thumb, 322 bytes, Stack size 48 bytes, dadd.o(.text))
<BR><BR>[Stack]<UL><LI>Max Depth = 88<LI>Call Chain = __aeabi_dadd &rArr; _double_epilogue &rArr; _double_round
</UL>
<BR>[Calls]<UL><LI><a href="#[41]">&gt;&gt;</a>&nbsp;&nbsp;&nbsp;__aeabi_lasr
<LI><a href="#[3a]">&gt;&gt;</a>&nbsp;&nbsp;&nbsp;__aeabi_llsl
<LI><a href="#[43]">&gt;&gt;</a>&nbsp;&nbsp;&nbsp;_double_round
<LI><a href="#[42]">&gt;&gt;</a>&nbsp;&nbsp;&nbsp;_double_epilogue
</UL>
<BR>[Called By]<UL><LI><a href="#[84]">&gt;&gt;</a>&nbsp;&nbsp;&nbsp;Kinematic_Select_Best_Sol
<LI><a href="#[44]">&gt;&gt;</a>&nbsp;&nbsp;&nbsp;__aeabi_dsub
<LI><a href="#[98]">&gt;&gt;</a>&nbsp;&nbsp;&nbsp;Moveit_Normalize_Angle
<LI><a href="#[91]">&gt;&gt;</a>&nbsp;&nbsp;&nbsp;Moveit_Inverse_Kinematics_From_Pose
<LI><a href="#[90]">&gt;&gt;</a>&nbsp;&nbsp;&nbsp;Moveit_Rotation_Matrix_To_Euler
<LI><a href="#[107]">&gt;&gt;</a>&nbsp;&nbsp;&nbsp;__kernel_poly
<LI><a href="#[10e]">&gt;&gt;</a>&nbsp;&nbsp;&nbsp;__kernel_sin
<LI><a href="#[10d]">&gt;&gt;</a>&nbsp;&nbsp;&nbsp;__ieee754_rem_pio2
<LI><a href="#[108]">&gt;&gt;</a>&nbsp;&nbsp;&nbsp;__mathlib_dbl_infnan2
<LI><a href="#[103]">&gt;&gt;</a>&nbsp;&nbsp;&nbsp;__mathlib_dbl_infnan
<LI><a href="#[102]">&gt;&gt;</a>&nbsp;&nbsp;&nbsp;__hardfp_atan
<LI><a href="#[45]">&gt;&gt;</a>&nbsp;&nbsp;&nbsp;__aeabi_drsub
</UL>

<P><STRONG><a name="[44]"></a>__aeabi_dsub</STRONG> (Thumb, 6 bytes, Stack size 0 bytes, dadd.o(.text))
<BR><BR>[Stack]<UL><LI>Max Depth = 88<LI>Call Chain = __aeabi_dsub &rArr; __aeabi_dadd &rArr; _double_epilogue &rArr; _double_round
</UL>
<BR>[Calls]<UL><LI><a href="#[40]">&gt;&gt;</a>&nbsp;&nbsp;&nbsp;__aeabi_dadd
</UL>
<BR>[Called By]<UL><LI><a href="#[84]">&gt;&gt;</a>&nbsp;&nbsp;&nbsp;Kinematic_Select_Best_Sol
<LI><a href="#[91]">&gt;&gt;</a>&nbsp;&nbsp;&nbsp;Moveit_Inverse_Kinematics_From_Pose
<LI><a href="#[10e]">&gt;&gt;</a>&nbsp;&nbsp;&nbsp;__kernel_sin
<LI><a href="#[10d]">&gt;&gt;</a>&nbsp;&nbsp;&nbsp;__ieee754_rem_pio2
<LI><a href="#[10f]">&gt;&gt;</a>&nbsp;&nbsp;&nbsp;__kernel_cos
<LI><a href="#[102]">&gt;&gt;</a>&nbsp;&nbsp;&nbsp;__hardfp_atan
<LI><a href="#[97]">&gt;&gt;</a>&nbsp;&nbsp;&nbsp;__hardfp_atan2
</UL>

<P><STRONG><a name="[45]"></a>__aeabi_drsub</STRONG> (Thumb, 6 bytes, Stack size 0 bytes, dadd.o(.text))
<BR><BR>[Stack]<UL><LI>Max Depth = 88<LI>Call Chain = __aeabi_drsub &rArr; __aeabi_dadd &rArr; _double_epilogue &rArr; _double_round
</UL>
<BR>[Calls]<UL><LI><a href="#[40]">&gt;&gt;</a>&nbsp;&nbsp;&nbsp;__aeabi_dadd
</UL>
<BR>[Called By]<UL><LI><a href="#[10e]">&gt;&gt;</a>&nbsp;&nbsp;&nbsp;__kernel_sin
<LI><a href="#[10d]">&gt;&gt;</a>&nbsp;&nbsp;&nbsp;__ieee754_rem_pio2
<LI><a href="#[10f]">&gt;&gt;</a>&nbsp;&nbsp;&nbsp;__kernel_cos
<LI><a href="#[102]">&gt;&gt;</a>&nbsp;&nbsp;&nbsp;__hardfp_atan
<LI><a href="#[97]">&gt;&gt;</a>&nbsp;&nbsp;&nbsp;__hardfp_atan2
</UL>

<P><STRONG><a name="[46]"></a>__aeabi_dmul</STRONG> (Thumb, 228 bytes, Stack size 48 bytes, dmul.o(.text))
<BR><BR>[Stack]<UL><LI>Max Depth = 88<LI>Call Chain = __aeabi_dmul &rArr; _double_epilogue &rArr; _double_round
</UL>
<BR>[Calls]<UL><LI><a href="#[42]">&gt;&gt;</a>&nbsp;&nbsp;&nbsp;_double_epilogue
</UL>
<BR>[Called By]<UL><LI><a href="#[83]">&gt;&gt;</a>&nbsp;&nbsp;&nbsp;Kinematic_SolveIK
<LI><a href="#[91]">&gt;&gt;</a>&nbsp;&nbsp;&nbsp;Moveit_Inverse_Kinematics_From_Pose
<LI><a href="#[90]">&gt;&gt;</a>&nbsp;&nbsp;&nbsp;Moveit_Rotation_Matrix_To_Euler
<LI><a href="#[107]">&gt;&gt;</a>&nbsp;&nbsp;&nbsp;__kernel_poly
<LI><a href="#[10e]">&gt;&gt;</a>&nbsp;&nbsp;&nbsp;__kernel_sin
<LI><a href="#[10d]">&gt;&gt;</a>&nbsp;&nbsp;&nbsp;__ieee754_rem_pio2
<LI><a href="#[105]">&gt;&gt;</a>&nbsp;&nbsp;&nbsp;__mathlib_dbl_underflow
<LI><a href="#[10f]">&gt;&gt;</a>&nbsp;&nbsp;&nbsp;__kernel_cos
<LI><a href="#[102]">&gt;&gt;</a>&nbsp;&nbsp;&nbsp;__hardfp_atan
</UL>

<P><STRONG><a name="[47]"></a>__aeabi_ddiv</STRONG> (Thumb, 222 bytes, Stack size 32 bytes, ddiv.o(.text))
<BR><BR>[Stack]<UL><LI>Max Depth = 40<LI>Call Chain = __aeabi_ddiv &rArr; _double_round
</UL>
<BR>[Calls]<UL><LI><a href="#[43]">&gt;&gt;</a>&nbsp;&nbsp;&nbsp;_double_round
</UL>
<BR>[Called By]<UL><LI><a href="#[83]">&gt;&gt;</a>&nbsp;&nbsp;&nbsp;Kinematic_SolveIK
<LI><a href="#[91]">&gt;&gt;</a>&nbsp;&nbsp;&nbsp;Moveit_Inverse_Kinematics_From_Pose
<LI><a href="#[10c]">&gt;&gt;</a>&nbsp;&nbsp;&nbsp;__mathlib_dbl_invalid
<LI><a href="#[102]">&gt;&gt;</a>&nbsp;&nbsp;&nbsp;__hardfp_atan
<LI><a href="#[97]">&gt;&gt;</a>&nbsp;&nbsp;&nbsp;__hardfp_atan2
</UL>

<P><STRONG><a name="[8c]"></a>__aeabi_dcmple</STRONG> (Thumb, 54 bytes, Stack size 12 bytes, dcmple.o(.text))
<BR><BR>[Stack]<UL><LI>Max Depth = 12<LI>Call Chain = __aeabi_dcmple
</UL>
<BR>[Called By]<UL><LI><a href="#[84]">&gt;&gt;</a>&nbsp;&nbsp;&nbsp;Kinematic_Select_Best_Sol
<LI><a href="#[98]">&gt;&gt;</a>&nbsp;&nbsp;&nbsp;Moveit_Normalize_Angle
<LI><a href="#[91]">&gt;&gt;</a>&nbsp;&nbsp;&nbsp;Moveit_Inverse_Kinematics_From_Pose
<LI><a href="#[90]">&gt;&gt;</a>&nbsp;&nbsp;&nbsp;Moveit_Rotation_Matrix_To_Euler
</UL>

<P><STRONG><a name="[8f]"></a>__aeabi_dcmplt</STRONG> (Thumb, 54 bytes, Stack size 12 bytes, dcmplt.o(.text))
<BR><BR>[Stack]<UL><LI>Max Depth = 12<LI>Call Chain = __aeabi_dcmplt
</UL>
<BR>[Called By]<UL><LI><a href="#[84]">&gt;&gt;</a>&nbsp;&nbsp;&nbsp;Kinematic_Select_Best_Sol
<LI><a href="#[98]">&gt;&gt;</a>&nbsp;&nbsp;&nbsp;Moveit_Normalize_Angle
<LI><a href="#[91]">&gt;&gt;</a>&nbsp;&nbsp;&nbsp;Moveit_Inverse_Kinematics_From_Pose
</UL>

<P><STRONG><a name="[8e]"></a>__aeabi_dcmpge</STRONG> (Thumb, 54 bytes, Stack size 12 bytes, dcmpge.o(.text))
<BR><BR>[Stack]<UL><LI>Max Depth = 12<LI>Call Chain = __aeabi_dcmpge
</UL>
<BR>[Called By]<UL><LI><a href="#[84]">&gt;&gt;</a>&nbsp;&nbsp;&nbsp;Kinematic_Select_Best_Sol
<LI><a href="#[98]">&gt;&gt;</a>&nbsp;&nbsp;&nbsp;Moveit_Normalize_Angle
<LI><a href="#[91]">&gt;&gt;</a>&nbsp;&nbsp;&nbsp;Moveit_Inverse_Kinematics_From_Pose
</UL>

<P><STRONG><a name="[8d]"></a>__aeabi_dcmpgt</STRONG> (Thumb, 54 bytes, Stack size 12 bytes, dcmpgt.o(.text))
<BR><BR>[Stack]<UL><LI>Max Depth = 12<LI>Call Chain = __aeabi_dcmpgt
</UL>
<BR>[Called By]<UL><LI><a href="#[84]">&gt;&gt;</a>&nbsp;&nbsp;&nbsp;Kinematic_Select_Best_Sol
<LI><a href="#[98]">&gt;&gt;</a>&nbsp;&nbsp;&nbsp;Moveit_Normalize_Angle
<LI><a href="#[91]">&gt;&gt;</a>&nbsp;&nbsp;&nbsp;Moveit_Inverse_Kinematics_From_Pose
</UL>

<P><STRONG><a name="[48]"></a>__aeabi_ul2f</STRONG> (Thumb, 28 bytes, Stack size 8 bytes, ffltul.o(.text))
<BR><BR>[Stack]<UL><LI>Max Depth = 12<LI>Call Chain = __aeabi_ul2f &rArr; _float_epilogue
</UL>
<BR>[Calls]<UL><LI><a href="#[49]">&gt;&gt;</a>&nbsp;&nbsp;&nbsp;_float_epilogue
</UL>
<BR>[Called By]<UL><LI><a href="#[66]">&gt;&gt;</a>&nbsp;&nbsp;&nbsp;DWT_GetTimeline_ms
</UL>

<P><STRONG><a name="[4a]"></a>__aeabi_ui2d</STRONG> (Thumb, 26 bytes, Stack size 16 bytes, dfltui.o(.text))
<BR><BR>[Stack]<UL><LI>Max Depth = 56<LI>Call Chain = __aeabi_ui2d &rArr; _double_epilogue &rArr; _double_round
</UL>
<BR>[Calls]<UL><LI><a href="#[42]">&gt;&gt;</a>&nbsp;&nbsp;&nbsp;_double_epilogue
</UL>
<BR>[Called By]<UL><LI><a href="#[10d]">&gt;&gt;</a>&nbsp;&nbsp;&nbsp;__ieee754_rem_pio2
</UL>

<P><STRONG><a name="[8b]"></a>__aeabi_f2d</STRONG> (Thumb, 38 bytes, Stack size 0 bytes, f2d.o(.text))
<BR><BR>[Called By]<UL><LI><a href="#[84]">&gt;&gt;</a>&nbsp;&nbsp;&nbsp;Kinematic_Select_Best_Sol
<LI><a href="#[83]">&gt;&gt;</a>&nbsp;&nbsp;&nbsp;Kinematic_SolveIK
</UL>

<P><STRONG><a name="[4b]"></a>__aeabi_d2f</STRONG> (Thumb, 56 bytes, Stack size 8 bytes, d2f.o(.text))
<BR><BR>[Stack]<UL><LI>Max Depth = 8<LI>Call Chain = __aeabi_d2f
</UL>
<BR>[Calls]<UL><LI><a href="#[4c]">&gt;&gt;</a>&nbsp;&nbsp;&nbsp;_float_round
</UL>
<BR>[Called By]<UL><LI><a href="#[84]">&gt;&gt;</a>&nbsp;&nbsp;&nbsp;Kinematic_Select_Best_Sol
<LI><a href="#[83]">&gt;&gt;</a>&nbsp;&nbsp;&nbsp;Kinematic_SolveIK
<LI><a href="#[7e]">&gt;&gt;</a>&nbsp;&nbsp;&nbsp;Kinematic_Init
</UL>

<P><STRONG><a name="[3a]"></a>__aeabi_llsl</STRONG> (Thumb, 30 bytes, Stack size 0 bytes, llshl.o(.text))
<BR><BR>[Called By]<UL><LI><a href="#[40]">&gt;&gt;</a>&nbsp;&nbsp;&nbsp;__aeabi_dadd
<LI><a href="#[42]">&gt;&gt;</a>&nbsp;&nbsp;&nbsp;_double_epilogue
<LI><a href="#[38]">&gt;&gt;</a>&nbsp;&nbsp;&nbsp;__aeabi_uldivmod
</UL>

<P><STRONG><a name="[113]"></a>_ll_shift_l</STRONG> (Thumb, 0 bytes, Stack size 0 bytes, llshl.o(.text), UNUSED)

<P><STRONG><a name="[39]"></a>__aeabi_llsr</STRONG> (Thumb, 32 bytes, Stack size 0 bytes, llushr.o(.text))
<BR><BR>[Called By]<UL><LI><a href="#[4f]">&gt;&gt;</a>&nbsp;&nbsp;&nbsp;__aeabi_d2iz
<LI><a href="#[42]">&gt;&gt;</a>&nbsp;&nbsp;&nbsp;_double_epilogue
<LI><a href="#[38]">&gt;&gt;</a>&nbsp;&nbsp;&nbsp;__aeabi_uldivmod
<LI><a href="#[4d]">&gt;&gt;</a>&nbsp;&nbsp;&nbsp;_dsqrt
</UL>

<P><STRONG><a name="[114]"></a>_ll_ushift_r</STRONG> (Thumb, 0 bytes, Stack size 0 bytes, llushr.o(.text), UNUSED)

<P><STRONG><a name="[41]"></a>__aeabi_lasr</STRONG> (Thumb, 36 bytes, Stack size 0 bytes, llsshr.o(.text))
<BR><BR>[Called By]<UL><LI><a href="#[40]">&gt;&gt;</a>&nbsp;&nbsp;&nbsp;__aeabi_dadd
</UL>

<P><STRONG><a name="[115]"></a>_ll_sshift_r</STRONG> (Thumb, 0 bytes, Stack size 0 bytes, llsshr.o(.text), UNUSED)

<P><STRONG><a name="[116]"></a>__I$use$fp</STRONG> (Thumb, 0 bytes, Stack size 0 bytes, iusefp.o(.text), UNUSED)

<P><STRONG><a name="[4c]"></a>_float_round</STRONG> (Thumb, 18 bytes, Stack size 0 bytes, fepilogue.o(.text))
<BR><BR>[Called By]<UL><LI><a href="#[4b]">&gt;&gt;</a>&nbsp;&nbsp;&nbsp;__aeabi_d2f
</UL>

<P><STRONG><a name="[49]"></a>_float_epilogue</STRONG> (Thumb, 92 bytes, Stack size 4 bytes, fepilogue.o(.text))
<BR><BR>[Stack]<UL><LI>Max Depth = 4<LI>Call Chain = _float_epilogue
</UL>
<BR>[Called By]<UL><LI><a href="#[48]">&gt;&gt;</a>&nbsp;&nbsp;&nbsp;__aeabi_ul2f
</UL>

<P><STRONG><a name="[43]"></a>_double_round</STRONG> (Thumb, 30 bytes, Stack size 8 bytes, depilogue.o(.text))
<BR><BR>[Stack]<UL><LI>Max Depth = 8<LI>Call Chain = _double_round
</UL>
<BR>[Called By]<UL><LI><a href="#[40]">&gt;&gt;</a>&nbsp;&nbsp;&nbsp;__aeabi_dadd
<LI><a href="#[47]">&gt;&gt;</a>&nbsp;&nbsp;&nbsp;__aeabi_ddiv
<LI><a href="#[42]">&gt;&gt;</a>&nbsp;&nbsp;&nbsp;_double_epilogue
<LI><a href="#[4d]">&gt;&gt;</a>&nbsp;&nbsp;&nbsp;_dsqrt
</UL>

<P><STRONG><a name="[42]"></a>_double_epilogue</STRONG> (Thumb, 156 bytes, Stack size 32 bytes, depilogue.o(.text))
<BR><BR>[Stack]<UL><LI>Max Depth = 40<LI>Call Chain = _double_epilogue &rArr; _double_round
</UL>
<BR>[Calls]<UL><LI><a href="#[39]">&gt;&gt;</a>&nbsp;&nbsp;&nbsp;__aeabi_llsr
<LI><a href="#[3a]">&gt;&gt;</a>&nbsp;&nbsp;&nbsp;__aeabi_llsl
<LI><a href="#[43]">&gt;&gt;</a>&nbsp;&nbsp;&nbsp;_double_round
</UL>
<BR>[Called By]<UL><LI><a href="#[40]">&gt;&gt;</a>&nbsp;&nbsp;&nbsp;__aeabi_dadd
<LI><a href="#[46]">&gt;&gt;</a>&nbsp;&nbsp;&nbsp;__aeabi_dmul
<LI><a href="#[4a]">&gt;&gt;</a>&nbsp;&nbsp;&nbsp;__aeabi_ui2d
<LI><a href="#[4e]">&gt;&gt;</a>&nbsp;&nbsp;&nbsp;__aeabi_i2d
</UL>

<P><STRONG><a name="[4d]"></a>_dsqrt</STRONG> (Thumb, 162 bytes, Stack size 32 bytes, dsqrt.o(.text))
<BR><BR>[Stack]<UL><LI>Max Depth = 40<LI>Call Chain = _dsqrt &rArr; _double_round
</UL>
<BR>[Calls]<UL><LI><a href="#[39]">&gt;&gt;</a>&nbsp;&nbsp;&nbsp;__aeabi_llsr
<LI><a href="#[43]">&gt;&gt;</a>&nbsp;&nbsp;&nbsp;_double_round
</UL>
<BR>[Called By]<UL><LI><a href="#[96]">&gt;&gt;</a>&nbsp;&nbsp;&nbsp;__hardfp_sqrt
</UL>

<P><STRONG><a name="[10a]"></a>__aeabi_cdcmpeq</STRONG> (Thumb, 0 bytes, Stack size 0 bytes, cdcmple.o(.text))
<BR><BR>[Called By]<UL><LI><a href="#[97]">&gt;&gt;</a>&nbsp;&nbsp;&nbsp;__hardfp_atan2
</UL>

<P><STRONG><a name="[117]"></a>__aeabi_cdcmple</STRONG> (Thumb, 48 bytes, Stack size 0 bytes, cdcmple.o(.text), UNUSED)

<P><STRONG><a name="[4e]"></a>__aeabi_i2d</STRONG> (Thumb, 34 bytes, Stack size 16 bytes, dflti.o(.text))
<BR><BR>[Stack]<UL><LI>Max Depth = 56<LI>Call Chain = __aeabi_i2d &rArr; _double_epilogue &rArr; _double_round
</UL>
<BR>[Calls]<UL><LI><a href="#[42]">&gt;&gt;</a>&nbsp;&nbsp;&nbsp;_double_epilogue
</UL>
<BR>[Called By]<UL><LI><a href="#[10d]">&gt;&gt;</a>&nbsp;&nbsp;&nbsp;__ieee754_rem_pio2
</UL>

<P><STRONG><a name="[4f]"></a>__aeabi_d2iz</STRONG> (Thumb, 62 bytes, Stack size 16 bytes, dfixi.o(.text))
<BR><BR>[Stack]<UL><LI>Max Depth = 16<LI>Call Chain = __aeabi_d2iz
</UL>
<BR>[Calls]<UL><LI><a href="#[39]">&gt;&gt;</a>&nbsp;&nbsp;&nbsp;__aeabi_llsr
</UL>
<BR>[Called By]<UL><LI><a href="#[10d]">&gt;&gt;</a>&nbsp;&nbsp;&nbsp;__ieee754_rem_pio2
<LI><a href="#[10f]">&gt;&gt;</a>&nbsp;&nbsp;&nbsp;__kernel_cos
</UL>

<P><STRONG><a name="[50]"></a>BSP_CAN_Init</STRONG> (Thumb, 128 bytes, Stack size 24 bytes, bsp_can.o(.text.BSP_CAN_Init))
<BR><BR>[Stack]<UL><LI>Max Depth = 80<LI>Call Chain = BSP_CAN_Init &rArr; R_CANFD_Open &rArr; r_canfd_mode_transition
</UL>
<BR>[Calls]<UL><LI><a href="#[51]">&gt;&gt;</a>&nbsp;&nbsp;&nbsp;R_CANFD_Open
<LI><a href="#[3e]">&gt;&gt;</a>&nbsp;&nbsp;&nbsp;calloc
</UL>
<BR>[Called By]<UL><LI><a href="#[78]">&gt;&gt;</a>&nbsp;&nbsp;&nbsp;Joint_Motor_Init
<LI><a href="#[58]">&gt;&gt;</a>&nbsp;&nbsp;&nbsp;CANRegister
</UL>

<P><STRONG><a name="[52]"></a>BT_Init</STRONG> (Thumb, 62 bytes, Stack size 24 bytes, bluetooth.o(.text.BT_Init))
<BR><BR>[Stack]<UL><LI>Max Depth = 88<LI>Call Chain = BT_Init &rArr; USARTRegister &rArr; R_SCI_UART_Open &rArr; r_sci_uart_transfer_configure
</UL>
<BR>[Calls]<UL><LI><a href="#[53]">&gt;&gt;</a>&nbsp;&nbsp;&nbsp;USARTRegister
<LI><a href="#[54]">&gt;&gt;</a>&nbsp;&nbsp;&nbsp;__aeabi_memclr4
</UL>
<BR>[Called By]<UL><LI><a href="#[69]">&gt;&gt;</a>&nbsp;&nbsp;&nbsp;DummyCmd_Init
</UL>

<P><STRONG><a name="[55]"></a>BT_SendData</STRONG> (Thumb, 60 bytes, Stack size 16 bytes, bluetooth.o(.text.BT_SendData))
<BR><BR>[Stack]<UL><LI>Max Depth = 32<LI>Call Chain = BT_SendData &rArr; R_SCI_UART_Write
</UL>
<BR>[Calls]<UL><LI><a href="#[56]">&gt;&gt;</a>&nbsp;&nbsp;&nbsp;R_SCI_UART_Write
</UL>
<BR>[Called By]<UL><LI><a href="#[57]">&gt;&gt;</a>&nbsp;&nbsp;&nbsp;Bt_Set_FeedData
</UL>

<P><STRONG><a name="[57]"></a>Bt_Set_FeedData</STRONG> (Thumb, 104 bytes, Stack size 8 bytes, dummy_cmd.o(.text.Bt_Set_FeedData))
<BR><BR>[Stack]<UL><LI>Max Depth = 40<LI>Call Chain = Bt_Set_FeedData &rArr; BT_SendData &rArr; R_SCI_UART_Write
</UL>
<BR>[Calls]<UL><LI><a href="#[55]">&gt;&gt;</a>&nbsp;&nbsp;&nbsp;BT_SendData
</UL>
<BR>[Called By]<UL><LI><a href="#[6e]">&gt;&gt;</a>&nbsp;&nbsp;&nbsp;DummyCmd_Task
</UL>

<P><STRONG><a name="[58]"></a>CANRegister</STRONG> (Thumb, 4 bytes, Stack size 0 bytes, bsp_can.o(.text.CANRegister))
<BR><BR>[Stack]<UL><LI>Max Depth = 80<LI>Call Chain = CANRegister &rArr; BSP_CAN_Init &rArr; R_CANFD_Open &rArr; r_canfd_mode_transition
</UL>
<BR>[Calls]<UL><LI><a href="#[50]">&gt;&gt;</a>&nbsp;&nbsp;&nbsp;BSP_CAN_Init
</UL>
<BR>[Called By]<UL><LI><a href="#[63]">&gt;&gt;</a>&nbsp;&nbsp;&nbsp;DM_IMU_Init
<LI><a href="#[79]">&gt;&gt;</a>&nbsp;&nbsp;&nbsp;RSMotorInit
<LI><a href="#[5e]">&gt;&gt;</a>&nbsp;&nbsp;&nbsp;DJIMotorInit
</UL>

<P><STRONG><a name="[59]"></a>CANTransmit</STRONG> (Thumb, 62 bytes, Stack size 16 bytes, bsp_can.o(.text.CANTransmit))
<BR><BR>[Stack]<UL><LI>Max Depth = 24<LI>Call Chain = CANTransmit &rArr; R_CANFD_Write
</UL>
<BR>[Calls]<UL><LI><a href="#[5b]">&gt;&gt;</a>&nbsp;&nbsp;&nbsp;R_CANFD_Write
<LI><a href="#[5a]">&gt;&gt;</a>&nbsp;&nbsp;&nbsp;__aeabi_memcpy
</UL>
<BR>[Called By]<UL><LI><a href="#[7d]">&gt;&gt;</a>&nbsp;&nbsp;&nbsp;IMU_Data_Request
<LI><a href="#[85]">&gt;&gt;</a>&nbsp;&nbsp;&nbsp;RSMotorControl
<LI><a href="#[9e]">&gt;&gt;</a>&nbsp;&nbsp;&nbsp;RSMotorSetMode
<LI><a href="#[5c]">&gt;&gt;</a>&nbsp;&nbsp;&nbsp;DJIMotorControl
<LI><a href="#[86]">&gt;&gt;</a>&nbsp;&nbsp;&nbsp;Joint_Motor_Gripper_Task
<LI><a href="#[82]">&gt;&gt;</a>&nbsp;&nbsp;&nbsp;Joint_Motor_Set_Pos_With_SpeedLimit
<LI><a href="#[78]">&gt;&gt;</a>&nbsp;&nbsp;&nbsp;Joint_Motor_Init
<LI><a href="#[8a]">&gt;&gt;</a>&nbsp;&nbsp;&nbsp;Send_Float
<LI><a href="#[88]">&gt;&gt;</a>&nbsp;&nbsp;&nbsp;Send_U32
</UL>

<P><STRONG><a name="[5c]"></a>DJIMotorControl</STRONG> (Thumb, 378 bytes, Stack size 32 bytes, dji_motor.o(.text.DJIMotorControl))
<BR><BR>[Stack]<UL><LI>Max Depth = 84<LI>Call Chain = DJIMotorControl &rArr; PIDCalculate &rArr; DWT_GetDeltaT &rArr; DWT_CNT_Update
</UL>
<BR>[Calls]<UL><LI><a href="#[5d]">&gt;&gt;</a>&nbsp;&nbsp;&nbsp;PIDCalculate
<LI><a href="#[59]">&gt;&gt;</a>&nbsp;&nbsp;&nbsp;CANTransmit
</UL>
<BR>[Called By]<UL><LI><a href="#[80]">&gt;&gt;</a>&nbsp;&nbsp;&nbsp;Dummy_Motormatic_Task
</UL>

<P><STRONG><a name="[5e]"></a>DJIMotorInit</STRONG> (Thumb, 394 bytes, Stack size 40 bytes, dji_motor.o(.text.DJIMotorInit))
<BR><BR>[Stack]<UL><LI>Max Depth = 120<LI>Call Chain = DJIMotorInit &rArr; CANRegister &rArr; BSP_CAN_Init &rArr; R_CANFD_Open &rArr; r_canfd_mode_transition
</UL>
<BR>[Calls]<UL><LI><a href="#[60]">&gt;&gt;</a>&nbsp;&nbsp;&nbsp;DaemonRegister
<LI><a href="#[5f]">&gt;&gt;</a>&nbsp;&nbsp;&nbsp;PIDInit
<LI><a href="#[58]">&gt;&gt;</a>&nbsp;&nbsp;&nbsp;CANRegister
<LI><a href="#[3e]">&gt;&gt;</a>&nbsp;&nbsp;&nbsp;calloc
<LI><a href="#[61]">&gt;&gt;</a>&nbsp;&nbsp;&nbsp;free
<LI><a href="#[54]">&gt;&gt;</a>&nbsp;&nbsp;&nbsp;__aeabi_memclr4
</UL>
<BR>[Called By]<UL><LI><a href="#[76]">&gt;&gt;</a>&nbsp;&nbsp;&nbsp;Dummy_Motormatic_Init
</UL>

<P><STRONG><a name="[7b]"></a>DJiMotorSetMode</STRONG> (Thumb, 8 bytes, Stack size 0 bytes, dji_motor.o(.text.DJiMotorSetMode))
<BR><BR>[Called By]<UL><LI><a href="#[76]">&gt;&gt;</a>&nbsp;&nbsp;&nbsp;Dummy_Motormatic_Init
</UL>

<P><STRONG><a name="[63]"></a>DM_IMU_Init</STRONG> (Thumb, 126 bytes, Stack size 32 bytes, dm_imu.o(.text.DM_IMU_Init))
<BR><BR>[Stack]<UL><LI>Max Depth = 112<LI>Call Chain = DM_IMU_Init &rArr; CANRegister &rArr; BSP_CAN_Init &rArr; R_CANFD_Open &rArr; r_canfd_mode_transition
</UL>
<BR>[Calls]<UL><LI><a href="#[60]">&gt;&gt;</a>&nbsp;&nbsp;&nbsp;DaemonRegister
<LI><a href="#[58]">&gt;&gt;</a>&nbsp;&nbsp;&nbsp;CANRegister
<LI><a href="#[3e]">&gt;&gt;</a>&nbsp;&nbsp;&nbsp;calloc
<LI><a href="#[61]">&gt;&gt;</a>&nbsp;&nbsp;&nbsp;free
</UL>
<BR>[Called By]<UL><LI><a href="#[76]">&gt;&gt;</a>&nbsp;&nbsp;&nbsp;Dummy_Motormatic_Init
</UL>

<P><STRONG><a name="[9f]"></a>DWT_Delay</STRONG> (Thumb, 54 bytes, Stack size 0 bytes, bsp_dwt.o(.text.DWT_Delay))
<BR><BR>[Called By]<UL><LI><a href="#[79]">&gt;&gt;</a>&nbsp;&nbsp;&nbsp;RSMotorInit
<LI><a href="#[7a]">&gt;&gt;</a>&nbsp;&nbsp;&nbsp;RSMotorCaliEncoder
</UL>

<P><STRONG><a name="[64]"></a>DWT_GetDeltaT</STRONG> (Thumb, 74 bytes, Stack size 24 bytes, bsp_dwt.o(.text.DWT_GetDeltaT))
<BR><BR>[Stack]<UL><LI>Max Depth = 28<LI>Call Chain = DWT_GetDeltaT &rArr; DWT_CNT_Update
</UL>
<BR>[Calls]<UL><LI><a href="#[65]">&gt;&gt;</a>&nbsp;&nbsp;&nbsp;DWT_CNT_Update
</UL>
<BR>[Called By]<UL><LI><a href="#[18]">&gt;&gt;</a>&nbsp;&nbsp;&nbsp;DecodeDJIMotor
<LI><a href="#[5d]">&gt;&gt;</a>&nbsp;&nbsp;&nbsp;PIDCalculate
<LI><a href="#[5f]">&gt;&gt;</a>&nbsp;&nbsp;&nbsp;PIDInit
</UL>

<P><STRONG><a name="[66]"></a>DWT_GetTimeline_ms</STRONG> (Thumb, 100 bytes, Stack size 16 bytes, bsp_dwt.o(.text.DWT_GetTimeline_ms))
<BR><BR>[Stack]<UL><LI>Max Depth = 80<LI>Call Chain = DWT_GetTimeline_ms &rArr; DWT_SysTimeUpdate &rArr; __aeabi_uldivmod
</UL>
<BR>[Calls]<UL><LI><a href="#[48]">&gt;&gt;</a>&nbsp;&nbsp;&nbsp;__aeabi_ul2f
<LI><a href="#[67]">&gt;&gt;</a>&nbsp;&nbsp;&nbsp;DWT_SysTimeUpdate
</UL>
<BR>[Called By]<UL><LI><a href="#[74]">&gt;&gt;</a>&nbsp;&nbsp;&nbsp;Joint_Motor_Check_Connection
</UL>

<P><STRONG><a name="[68]"></a>DWT_Init</STRONG> (Thumb, 126 bytes, Stack size 0 bytes, bsp_dwt.o(.text.DWT_Init))
<BR><BR>[Stack]<UL><LI>Max Depth = 4<LI>Call Chain = DWT_Init &rArr; DWT_CNT_Update
</UL>
<BR>[Calls]<UL><LI><a href="#[65]">&gt;&gt;</a>&nbsp;&nbsp;&nbsp;DWT_CNT_Update
</UL>
<BR>[Called By]<UL><LI><a href="#[69]">&gt;&gt;</a>&nbsp;&nbsp;&nbsp;DummyCmd_Init
</UL>

<P><STRONG><a name="[67]"></a>DWT_SysTimeUpdate</STRONG> (Thumb, 168 bytes, Stack size 24 bytes, bsp_dwt.o(.text.DWT_SysTimeUpdate))
<BR><BR>[Stack]<UL><LI>Max Depth = 64<LI>Call Chain = DWT_SysTimeUpdate &rArr; __aeabi_uldivmod
</UL>
<BR>[Calls]<UL><LI><a href="#[65]">&gt;&gt;</a>&nbsp;&nbsp;&nbsp;DWT_CNT_Update
<LI><a href="#[38]">&gt;&gt;</a>&nbsp;&nbsp;&nbsp;__aeabi_uldivmod
</UL>
<BR>[Called By]<UL><LI><a href="#[66]">&gt;&gt;</a>&nbsp;&nbsp;&nbsp;DWT_GetTimeline_ms
</UL>

<P><STRONG><a name="[60]"></a>DaemonRegister</STRONG> (Thumb, 60 bytes, Stack size 8 bytes, daemon.o(.text.DaemonRegister))
<BR><BR>[Stack]<UL><LI>Max Depth = 36<LI>Call Chain = DaemonRegister &rArr; calloc &rArr; malloc
</UL>
<BR>[Calls]<UL><LI><a href="#[3e]">&gt;&gt;</a>&nbsp;&nbsp;&nbsp;calloc
</UL>
<BR>[Called By]<UL><LI><a href="#[63]">&gt;&gt;</a>&nbsp;&nbsp;&nbsp;DM_IMU_Init
<LI><a href="#[79]">&gt;&gt;</a>&nbsp;&nbsp;&nbsp;RSMotorInit
<LI><a href="#[5e]">&gt;&gt;</a>&nbsp;&nbsp;&nbsp;DJIMotorInit
<LI><a href="#[6a]">&gt;&gt;</a>&nbsp;&nbsp;&nbsp;Vision_Init
<LI><a href="#[6b]">&gt;&gt;</a>&nbsp;&nbsp;&nbsp;MCControlInit
</UL>

<P><STRONG><a name="[62]"></a>DaemonReload</STRONG> (Thumb, 6 bytes, Stack size 0 bytes, daemon.o(.text.DaemonReload))
<BR><BR>[Called By]<UL><LI><a href="#[1b]">&gt;&gt;</a>&nbsp;&nbsp;&nbsp;DM_IMU_Decode
<LI><a href="#[1f]">&gt;&gt;</a>&nbsp;&nbsp;&nbsp;DecodeRSMotor
<LI><a href="#[18]">&gt;&gt;</a>&nbsp;&nbsp;&nbsp;DecodeDJIMotor
<LI><a href="#[22]">&gt;&gt;</a>&nbsp;&nbsp;&nbsp;HostRxCallback
<LI><a href="#[1d]">&gt;&gt;</a>&nbsp;&nbsp;&nbsp;MCRxCallback
</UL>

<P><STRONG><a name="[bd]"></a>DaemonTask</STRONG> (Thumb, 58 bytes, Stack size 16 bytes, daemon.o(.text.DaemonTask))
<BR><BR>[Stack]<UL><LI>Max Depth = 16<LI>Call Chain = DaemonTask
</UL>
<BR>[Called By]<UL><LI><a href="#[bc]">&gt;&gt;</a>&nbsp;&nbsp;&nbsp;daemon_task_entry
</UL>

<P><STRONG><a name="[4]"></a>BusFault_Handler</STRONG> (Thumb, 4 bytes, Stack size 0 bytes, startup.o(.text.Default_Handler))
<BR>[Address Reference Count : 1]<UL><LI> startup.o(.fixed_vectors)
</UL>
<P><STRONG><a name="[8]"></a>DebugMon_Handler</STRONG> (Thumb, 4 bytes, Stack size 0 bytes, startup.o(.text.Default_Handler))
<BR>[Address Reference Count : 1]<UL><LI> startup.o(.fixed_vectors)
</UL>
<P><STRONG><a name="[118]"></a>Default_Handler</STRONG> (Thumb, 4 bytes, Stack size 0 bytes, startup.o(.text.Default_Handler), UNUSED)

<P><STRONG><a name="[2]"></a>HardFault_Handler</STRONG> (Thumb, 4 bytes, Stack size 0 bytes, startup.o(.text.Default_Handler))
<BR>[Address Reference Count : 1]<UL><LI> startup.o(.fixed_vectors)
</UL>
<P><STRONG><a name="[3]"></a>MemManage_Handler</STRONG> (Thumb, 4 bytes, Stack size 0 bytes, startup.o(.text.Default_Handler))
<BR>[Address Reference Count : 1]<UL><LI> startup.o(.fixed_vectors)
</UL>
<P><STRONG><a name="[6]"></a>SecureFault_Handler</STRONG> (Thumb, 4 bytes, Stack size 0 bytes, startup.o(.text.Default_Handler))
<BR>[Address Reference Count : 1]<UL><LI> startup.o(.fixed_vectors)
</UL>
<P><STRONG><a name="[5]"></a>UsageFault_Handler</STRONG> (Thumb, 4 bytes, Stack size 0 bytes, startup.o(.text.Default_Handler))
<BR>[Address Reference Count : 1]<UL><LI> startup.o(.fixed_vectors)
</UL>
<P><STRONG><a name="[69]"></a>DummyCmd_Init</STRONG> (Thumb, 140 bytes, Stack size 8 bytes, dummy_cmd.o(.text.DummyCmd_Init))
<BR><BR>[Stack]<UL><LI>Max Depth = 112<LI>Call Chain = DummyCmd_Init &rArr; Vision_Init &rArr; USARTRegister &rArr; R_SCI_UART_Open &rArr; r_sci_uart_transfer_configure
</UL>
<BR>[Calls]<UL><LI><a href="#[52]">&gt;&gt;</a>&nbsp;&nbsp;&nbsp;BT_Init
<LI><a href="#[6a]">&gt;&gt;</a>&nbsp;&nbsp;&nbsp;Vision_Init
<LI><a href="#[6b]">&gt;&gt;</a>&nbsp;&nbsp;&nbsp;MCControlInit
<LI><a href="#[6d]">&gt;&gt;</a>&nbsp;&nbsp;&nbsp;SubRegister
<LI><a href="#[6c]">&gt;&gt;</a>&nbsp;&nbsp;&nbsp;PubRegister
<LI><a href="#[68]">&gt;&gt;</a>&nbsp;&nbsp;&nbsp;DWT_Init
</UL>
<BR>[Called By]<UL><LI><a href="#[e6]">&gt;&gt;</a>&nbsp;&nbsp;&nbsp;robot_task_entry
</UL>

<P><STRONG><a name="[6e]"></a>DummyCmd_Task</STRONG> (Thumb, 62 bytes, Stack size 8 bytes, dummy_cmd.o(.text.DummyCmd_Task))
<BR><BR>[Stack]<UL><LI>Max Depth = 48<LI>Call Chain = DummyCmd_Task &rArr; Bt_Set_FeedData &rArr; BT_SendData &rArr; R_SCI_UART_Write
</UL>
<BR>[Calls]<UL><LI><a href="#[57]">&gt;&gt;</a>&nbsp;&nbsp;&nbsp;Bt_Set_FeedData
<LI><a href="#[71]">&gt;&gt;</a>&nbsp;&nbsp;&nbsp;Vision_Set_FeedData
<LI><a href="#[70]">&gt;&gt;</a>&nbsp;&nbsp;&nbsp;MC_Remote_Ctrl
<LI><a href="#[72]">&gt;&gt;</a>&nbsp;&nbsp;&nbsp;PubPushMessage
<LI><a href="#[6f]">&gt;&gt;</a>&nbsp;&nbsp;&nbsp;SubGetMessage
</UL>
<BR>[Called By]<UL><LI><a href="#[e6]">&gt;&gt;</a>&nbsp;&nbsp;&nbsp;robot_task_entry
</UL>

<P><STRONG><a name="[73]"></a>Dummy_Joint_Update</STRONG> (Thumb, 92 bytes, Stack size 8 bytes, dummy_motormatic.o(.text.Dummy_Joint_Update))
<BR><BR>[Stack]<UL><LI>Max Depth = 120<LI>Call Chain = Dummy_Joint_Update &rArr; Joint_Motor_Check_Connection &rArr; DWT_GetTimeline_ms &rArr; DWT_SysTimeUpdate &rArr; __aeabi_uldivmod
</UL>
<BR>[Calls]<UL><LI><a href="#[75]">&gt;&gt;</a>&nbsp;&nbsp;&nbsp;Joint_Motor_Get_All_Angles_And_State
<LI><a href="#[74]">&gt;&gt;</a>&nbsp;&nbsp;&nbsp;Joint_Motor_Check_Connection
</UL>
<BR>[Called By]<UL><LI><a href="#[80]">&gt;&gt;</a>&nbsp;&nbsp;&nbsp;Dummy_Motormatic_Task
</UL>

<P><STRONG><a name="[76]"></a>Dummy_Motormatic_Init</STRONG> (Thumb, 372 bytes, Stack size 872 bytes, dummy_motormatic.o(.text.Dummy_Motormatic_Init))
<BR><BR>[Stack]<UL><LI>Max Depth = 1008<LI>Call Chain = Dummy_Motormatic_Init &rArr; Joint_Motor_Init &rArr; BSP_CAN_Init &rArr; R_CANFD_Open &rArr; r_canfd_mode_transition
</UL>
<BR>[Calls]<UL><LI><a href="#[7d]">&gt;&gt;</a>&nbsp;&nbsp;&nbsp;IMU_Data_Request
<LI><a href="#[63]">&gt;&gt;</a>&nbsp;&nbsp;&nbsp;DM_IMU_Init
<LI><a href="#[7c]">&gt;&gt;</a>&nbsp;&nbsp;&nbsp;IMU_Mode_Set
<LI><a href="#[79]">&gt;&gt;</a>&nbsp;&nbsp;&nbsp;RSMotorInit
<LI><a href="#[7a]">&gt;&gt;</a>&nbsp;&nbsp;&nbsp;RSMotorCaliEncoder
<LI><a href="#[7b]">&gt;&gt;</a>&nbsp;&nbsp;&nbsp;DJiMotorSetMode
<LI><a href="#[5e]">&gt;&gt;</a>&nbsp;&nbsp;&nbsp;DJIMotorInit
<LI><a href="#[7e]">&gt;&gt;</a>&nbsp;&nbsp;&nbsp;Kinematic_Init
<LI><a href="#[6d]">&gt;&gt;</a>&nbsp;&nbsp;&nbsp;SubRegister
<LI><a href="#[6c]">&gt;&gt;</a>&nbsp;&nbsp;&nbsp;PubRegister
<LI><a href="#[7f]">&gt;&gt;</a>&nbsp;&nbsp;&nbsp;Joint_Motor_Get_Angle
<LI><a href="#[78]">&gt;&gt;</a>&nbsp;&nbsp;&nbsp;Joint_Motor_Init
<LI><a href="#[77]">&gt;&gt;</a>&nbsp;&nbsp;&nbsp;__aeabi_memcpy4
</UL>
<BR>[Called By]<UL><LI><a href="#[c6]">&gt;&gt;</a>&nbsp;&nbsp;&nbsp;motor_ctrl_task_entry
</UL>

<P><STRONG><a name="[80]"></a>Dummy_Motormatic_Task</STRONG> (Thumb, 940 bytes, Stack size 32 bytes, dummy_motormatic.o(.text.Dummy_Motormatic_Task))
<BR><BR>[Stack]<UL><LI>Max Depth = 1224<LI>Call Chain = Dummy_Motormatic_Task &rArr; Kinematic_SolveIK &rArr; Moveit_Inverse_Kinematics_From_Pose &rArr; __hardfp_sin &rArr; __ieee754_rem_pio2 &rArr; __aeabi_dsub &rArr; __aeabi_dadd &rArr; _double_epilogue &rArr; _double_round
</UL>
<BR>[Calls]<UL><LI><a href="#[73]">&gt;&gt;</a>&nbsp;&nbsp;&nbsp;Dummy_Joint_Update
<LI><a href="#[7d]">&gt;&gt;</a>&nbsp;&nbsp;&nbsp;IMU_Data_Request
<LI><a href="#[85]">&gt;&gt;</a>&nbsp;&nbsp;&nbsp;RSMotorControl
<LI><a href="#[5c]">&gt;&gt;</a>&nbsp;&nbsp;&nbsp;DJIMotorControl
<LI><a href="#[84]">&gt;&gt;</a>&nbsp;&nbsp;&nbsp;Kinematic_Select_Best_Sol
<LI><a href="#[83]">&gt;&gt;</a>&nbsp;&nbsp;&nbsp;Kinematic_SolveIK
<LI><a href="#[72]">&gt;&gt;</a>&nbsp;&nbsp;&nbsp;PubPushMessage
<LI><a href="#[6f]">&gt;&gt;</a>&nbsp;&nbsp;&nbsp;SubGetMessage
<LI><a href="#[86]">&gt;&gt;</a>&nbsp;&nbsp;&nbsp;Joint_Motor_Gripper_Task
<LI><a href="#[7f]">&gt;&gt;</a>&nbsp;&nbsp;&nbsp;Joint_Motor_Get_Angle
<LI><a href="#[81]">&gt;&gt;</a>&nbsp;&nbsp;&nbsp;Joint_Motor_Set_Current
<LI><a href="#[82]">&gt;&gt;</a>&nbsp;&nbsp;&nbsp;Joint_Motor_Set_Pos_With_SpeedLimit
</UL>
<BR>[Called By]<UL><LI><a href="#[c6]">&gt;&gt;</a>&nbsp;&nbsp;&nbsp;motor_ctrl_task_entry
</UL>

<P><STRONG><a name="[7d]"></a>IMU_Data_Request</STRONG> (Thumb, 66 bytes, Stack size 8 bytes, dm_imu.o(.text.IMU_Data_Request))
<BR><BR>[Stack]<UL><LI>Max Depth = 32<LI>Call Chain = IMU_Data_Request &rArr; CANTransmit &rArr; R_CANFD_Write
</UL>
<BR>[Calls]<UL><LI><a href="#[59]">&gt;&gt;</a>&nbsp;&nbsp;&nbsp;CANTransmit
</UL>
<BR>[Called By]<UL><LI><a href="#[80]">&gt;&gt;</a>&nbsp;&nbsp;&nbsp;Dummy_Motormatic_Task
<LI><a href="#[76]">&gt;&gt;</a>&nbsp;&nbsp;&nbsp;Dummy_Motormatic_Init
</UL>

<P><STRONG><a name="[7c]"></a>IMU_Mode_Set</STRONG> (Thumb, 6 bytes, Stack size 0 bytes, dm_imu.o(.text.IMU_Mode_Set))
<BR><BR>[Called By]<UL><LI><a href="#[76]">&gt;&gt;</a>&nbsp;&nbsp;&nbsp;Dummy_Motormatic_Init
</UL>

<P><STRONG><a name="[74]"></a>Joint_Motor_Check_Connection</STRONG> (Thumb, 92 bytes, Stack size 32 bytes, step_motor.o(.text.Joint_Motor_Check_Connection))
<BR><BR>[Stack]<UL><LI>Max Depth = 112<LI>Call Chain = Joint_Motor_Check_Connection &rArr; DWT_GetTimeline_ms &rArr; DWT_SysTimeUpdate &rArr; __aeabi_uldivmod
</UL>
<BR>[Calls]<UL><LI><a href="#[88]">&gt;&gt;</a>&nbsp;&nbsp;&nbsp;Send_U32
<LI><a href="#[66]">&gt;&gt;</a>&nbsp;&nbsp;&nbsp;DWT_GetTimeline_ms
</UL>
<BR>[Called By]<UL><LI><a href="#[73]">&gt;&gt;</a>&nbsp;&nbsp;&nbsp;Dummy_Joint_Update
</UL>

<P><STRONG><a name="[75]"></a>Joint_Motor_Get_All_Angles_And_State</STRONG> (Thumb, 56 bytes, Stack size 24 bytes, dummy_kinematic_v2.o(.text.Joint_Motor_Get_All_Angles_And_State))
<BR><BR>[Stack]<UL><LI>Max Depth = 24<LI>Call Chain = Joint_Motor_Get_All_Angles_And_State
</UL>
<BR>[Calls]<UL><LI><a href="#[89]">&gt;&gt;</a>&nbsp;&nbsp;&nbsp;Joint_Motor_Get_State
<LI><a href="#[7f]">&gt;&gt;</a>&nbsp;&nbsp;&nbsp;Joint_Motor_Get_Angle
</UL>
<BR>[Called By]<UL><LI><a href="#[73]">&gt;&gt;</a>&nbsp;&nbsp;&nbsp;Dummy_Joint_Update
</UL>

<P><STRONG><a name="[7f]"></a>Joint_Motor_Get_Angle</STRONG> (Thumb, 36 bytes, Stack size 0 bytes, step_motor.o(.text.Joint_Motor_Get_Angle))
<BR><BR>[Called By]<UL><LI><a href="#[75]">&gt;&gt;</a>&nbsp;&nbsp;&nbsp;Joint_Motor_Get_All_Angles_And_State
<LI><a href="#[80]">&gt;&gt;</a>&nbsp;&nbsp;&nbsp;Dummy_Motormatic_Task
<LI><a href="#[76]">&gt;&gt;</a>&nbsp;&nbsp;&nbsp;Dummy_Motormatic_Init
</UL>

<P><STRONG><a name="[89]"></a>Joint_Motor_Get_State</STRONG> (Thumb, 40 bytes, Stack size 0 bytes, step_motor.o(.text.Joint_Motor_Get_State))
<BR><BR>[Called By]<UL><LI><a href="#[75]">&gt;&gt;</a>&nbsp;&nbsp;&nbsp;Joint_Motor_Get_All_Angles_And_State
</UL>

<P><STRONG><a name="[86]"></a>Joint_Motor_Gripper_Task</STRONG> (Thumb, 410 bytes, Stack size 16 bytes, step_motor.o(.text.Joint_Motor_Gripper_Task))
<BR><BR>[Stack]<UL><LI>Max Depth = 56<LI>Call Chain = Joint_Motor_Gripper_Task &rArr; Joint_Motor_Set_Pos_With_SpeedLimit &rArr; CANTransmit &rArr; R_CANFD_Write
</UL>
<BR>[Calls]<UL><LI><a href="#[82]">&gt;&gt;</a>&nbsp;&nbsp;&nbsp;Joint_Motor_Set_Pos_With_SpeedLimit
<LI><a href="#[59]">&gt;&gt;</a>&nbsp;&nbsp;&nbsp;CANTransmit
</UL>
<BR>[Called By]<UL><LI><a href="#[80]">&gt;&gt;</a>&nbsp;&nbsp;&nbsp;Dummy_Motormatic_Task
</UL>

<P><STRONG><a name="[78]"></a>Joint_Motor_Init</STRONG> (Thumb, 190 bytes, Stack size 56 bytes, step_motor.o(.text.Joint_Motor_Init))
<BR><BR>[Stack]<UL><LI>Max Depth = 136<LI>Call Chain = Joint_Motor_Init &rArr; BSP_CAN_Init &rArr; R_CANFD_Open &rArr; r_canfd_mode_transition
</UL>
<BR>[Calls]<UL><LI><a href="#[59]">&gt;&gt;</a>&nbsp;&nbsp;&nbsp;CANTransmit
<LI><a href="#[50]">&gt;&gt;</a>&nbsp;&nbsp;&nbsp;BSP_CAN_Init
<LI><a href="#[54]">&gt;&gt;</a>&nbsp;&nbsp;&nbsp;__aeabi_memclr4
</UL>
<BR>[Called By]<UL><LI><a href="#[76]">&gt;&gt;</a>&nbsp;&nbsp;&nbsp;Dummy_Motormatic_Init
</UL>

<P><STRONG><a name="[81]"></a>Joint_Motor_Set_Current</STRONG> (Thumb, 6 bytes, Stack size 0 bytes, step_motor.o(.text.Joint_Motor_Set_Current))
<BR><BR>[Stack]<UL><LI>Max Depth = 40<LI>Call Chain = Joint_Motor_Set_Current &rArr; Send_Float &rArr; CANTransmit &rArr; R_CANFD_Write
</UL>
<BR>[Calls]<UL><LI><a href="#[8a]">&gt;&gt;</a>&nbsp;&nbsp;&nbsp;Send_Float
</UL>
<BR>[Called By]<UL><LI><a href="#[80]">&gt;&gt;</a>&nbsp;&nbsp;&nbsp;Dummy_Motormatic_Task
</UL>

<P><STRONG><a name="[82]"></a>Joint_Motor_Set_Pos_With_SpeedLimit</STRONG> (Thumb, 148 bytes, Stack size 16 bytes, step_motor.o(.text.Joint_Motor_Set_Pos_With_SpeedLimit))
<BR><BR>[Stack]<UL><LI>Max Depth = 40<LI>Call Chain = Joint_Motor_Set_Pos_With_SpeedLimit &rArr; CANTransmit &rArr; R_CANFD_Write
</UL>
<BR>[Calls]<UL><LI><a href="#[59]">&gt;&gt;</a>&nbsp;&nbsp;&nbsp;CANTransmit
</UL>
<BR>[Called By]<UL><LI><a href="#[86]">&gt;&gt;</a>&nbsp;&nbsp;&nbsp;Joint_Motor_Gripper_Task
<LI><a href="#[80]">&gt;&gt;</a>&nbsp;&nbsp;&nbsp;Dummy_Motormatic_Task
</UL>

<P><STRONG><a name="[7e]"></a>Kinematic_Init</STRONG> (Thumb, 120 bytes, Stack size 40 bytes, dummy_kinematic_v2.o(.text.Kinematic_Init))
<BR><BR>[Stack]<UL><LI>Max Depth = 48<LI>Call Chain = Kinematic_Init &rArr; __aeabi_d2f
</UL>
<BR>[Calls]<UL><LI><a href="#[4b]">&gt;&gt;</a>&nbsp;&nbsp;&nbsp;__aeabi_d2f
<LI><a href="#[54]">&gt;&gt;</a>&nbsp;&nbsp;&nbsp;__aeabi_memclr4
<LI><a href="#[77]">&gt;&gt;</a>&nbsp;&nbsp;&nbsp;__aeabi_memcpy4
</UL>
<BR>[Called By]<UL><LI><a href="#[76]">&gt;&gt;</a>&nbsp;&nbsp;&nbsp;Dummy_Motormatic_Init
</UL>

<P><STRONG><a name="[84]"></a>Kinematic_Select_Best_Sol</STRONG> (Thumb, 360 bytes, Stack size 120 bytes, dummy_kinematic_v2.o(.text.Kinematic_Select_Best_Sol))
<BR><BR>[Stack]<UL><LI>Max Depth = 208<LI>Call Chain = Kinematic_Select_Best_Sol &rArr; __aeabi_dsub &rArr; __aeabi_dadd &rArr; _double_epilogue &rArr; _double_round
</UL>
<BR>[Calls]<UL><LI><a href="#[8d]">&gt;&gt;</a>&nbsp;&nbsp;&nbsp;__aeabi_dcmpgt
<LI><a href="#[8e]">&gt;&gt;</a>&nbsp;&nbsp;&nbsp;__aeabi_dcmpge
<LI><a href="#[8f]">&gt;&gt;</a>&nbsp;&nbsp;&nbsp;__aeabi_dcmplt
<LI><a href="#[44]">&gt;&gt;</a>&nbsp;&nbsp;&nbsp;__aeabi_dsub
<LI><a href="#[8c]">&gt;&gt;</a>&nbsp;&nbsp;&nbsp;__aeabi_dcmple
<LI><a href="#[40]">&gt;&gt;</a>&nbsp;&nbsp;&nbsp;__aeabi_dadd
<LI><a href="#[8b]">&gt;&gt;</a>&nbsp;&nbsp;&nbsp;__aeabi_f2d
<LI><a href="#[4b]">&gt;&gt;</a>&nbsp;&nbsp;&nbsp;__aeabi_d2f
</UL>
<BR>[Called By]<UL><LI><a href="#[80]">&gt;&gt;</a>&nbsp;&nbsp;&nbsp;Dummy_Motormatic_Task
</UL>

<P><STRONG><a name="[83]"></a>Kinematic_SolveIK</STRONG> (Thumb, 424 bytes, Stack size 568 bytes, dummy_kinematic_v2.o(.text.Kinematic_SolveIK))
<BR><BR>[Stack]<UL><LI>Max Depth = 1192<LI>Call Chain = Kinematic_SolveIK &rArr; Moveit_Inverse_Kinematics_From_Pose &rArr; __hardfp_sin &rArr; __ieee754_rem_pio2 &rArr; __aeabi_dsub &rArr; __aeabi_dadd &rArr; _double_epilogue &rArr; _double_round
</UL>
<BR>[Calls]<UL><LI><a href="#[46]">&gt;&gt;</a>&nbsp;&nbsp;&nbsp;__aeabi_dmul
<LI><a href="#[8b]">&gt;&gt;</a>&nbsp;&nbsp;&nbsp;__aeabi_f2d
<LI><a href="#[4b]">&gt;&gt;</a>&nbsp;&nbsp;&nbsp;__aeabi_d2f
<LI><a href="#[91]">&gt;&gt;</a>&nbsp;&nbsp;&nbsp;Moveit_Inverse_Kinematics_From_Pose
<LI><a href="#[90]">&gt;&gt;</a>&nbsp;&nbsp;&nbsp;Moveit_Rotation_Matrix_To_Euler
<LI><a href="#[47]">&gt;&gt;</a>&nbsp;&nbsp;&nbsp;__aeabi_ddiv
<LI><a href="#[54]">&gt;&gt;</a>&nbsp;&nbsp;&nbsp;__aeabi_memclr4
</UL>
<BR>[Called By]<UL><LI><a href="#[80]">&gt;&gt;</a>&nbsp;&nbsp;&nbsp;Dummy_Motormatic_Task
</UL>

<P><STRONG><a name="[6b]"></a>MCControlInit</STRONG> (Thumb, 96 bytes, Stack size 40 bytes, mc6c.o(.text.MCControlInit))
<BR><BR>[Stack]<UL><LI>Max Depth = 104<LI>Call Chain = MCControlInit &rArr; USARTRegister &rArr; R_SCI_UART_Open &rArr; r_sci_uart_transfer_configure
</UL>
<BR>[Calls]<UL><LI><a href="#[60]">&gt;&gt;</a>&nbsp;&nbsp;&nbsp;DaemonRegister
<LI><a href="#[53]">&gt;&gt;</a>&nbsp;&nbsp;&nbsp;USARTRegister
</UL>
<BR>[Called By]<UL><LI><a href="#[69]">&gt;&gt;</a>&nbsp;&nbsp;&nbsp;DummyCmd_Init
</UL>

<P><STRONG><a name="[70]"></a>MC_Remote_Ctrl</STRONG> (Thumb, 636 bytes, Stack size 24 bytes, dummy_cmd.o(.text.MC_Remote_Ctrl))
<BR><BR>[Stack]<UL><LI>Max Depth = 24<LI>Call Chain = MC_Remote_Ctrl
</UL>
<BR>[Calls]<UL><LI><a href="#[92]">&gt;&gt;</a>&nbsp;&nbsp;&nbsp;map_float_clamp
</UL>
<BR>[Called By]<UL><LI><a href="#[6e]">&gt;&gt;</a>&nbsp;&nbsp;&nbsp;DummyCmd_Task
</UL>

<P><STRONG><a name="[1]"></a>NMI_Handler</STRONG> (Thumb, 68 bytes, Stack size 24 bytes, bsp_group_irq.o(.text.NMI_Handler))
<BR><BR>[Stack]<UL><LI>Max Depth = 24<LI>Call Chain = NMI_Handler
</UL>
<BR>[Address Reference Count : 1]<UL><LI> startup.o(.fixed_vectors)
</UL>
<P><STRONG><a name="[5d]"></a>PIDCalculate</STRONG> (Thumb, 628 bytes, Stack size 24 bytes, controller.o(.text.PIDCalculate))
<BR><BR>[Stack]<UL><LI>Max Depth = 52<LI>Call Chain = PIDCalculate &rArr; DWT_GetDeltaT &rArr; DWT_CNT_Update
</UL>
<BR>[Calls]<UL><LI><a href="#[99]">&gt;&gt;</a>&nbsp;&nbsp;&nbsp;f_PID_ErrorHandle
<LI><a href="#[64]">&gt;&gt;</a>&nbsp;&nbsp;&nbsp;DWT_GetDeltaT
</UL>
<BR>[Called By]<UL><LI><a href="#[85]">&gt;&gt;</a>&nbsp;&nbsp;&nbsp;RSMotorControl
<LI><a href="#[5c]">&gt;&gt;</a>&nbsp;&nbsp;&nbsp;DJIMotorControl
</UL>

<P><STRONG><a name="[5f]"></a>PIDInit</STRONG> (Thumb, 74 bytes, Stack size 16 bytes, controller.o(.text.PIDInit))
<BR><BR>[Stack]<UL><LI>Max Depth = 44<LI>Call Chain = PIDInit &rArr; DWT_GetDeltaT &rArr; DWT_CNT_Update
</UL>
<BR>[Calls]<UL><LI><a href="#[64]">&gt;&gt;</a>&nbsp;&nbsp;&nbsp;DWT_GetDeltaT
<LI><a href="#[93]">&gt;&gt;</a>&nbsp;&nbsp;&nbsp;__aeabi_memclr8
</UL>
<BR>[Called By]<UL><LI><a href="#[79]">&gt;&gt;</a>&nbsp;&nbsp;&nbsp;RSMotorInit
<LI><a href="#[5e]">&gt;&gt;</a>&nbsp;&nbsp;&nbsp;DJIMotorInit
</UL>

<P><STRONG><a name="[9]"></a>PendSV_Handler</STRONG> (Thumb, 64 bytes, Stack size 0 bytes, port.o(.text.PendSV_Handler))
<BR><BR>[Calls]<UL><LI><a href="#[37]">&gt;&gt;</a>&nbsp;&nbsp;&nbsp;vTaskSwitchContext
<LI><a href="#[9a]">&gt;&gt;</a>&nbsp;&nbsp;&nbsp;rm_freertos_port_restore_task_stackless
</UL>
<BR>[Address Reference Count : 1]<UL><LI> startup.o(.fixed_vectors)
</UL>
<P><STRONG><a name="[72]"></a>PubPushMessage</STRONG> (Thumb, 60 bytes, Stack size 24 bytes, message_center.o(.text.PubPushMessage))
<BR><BR>[Stack]<UL><LI>Max Depth = 24<LI>Call Chain = PubPushMessage
</UL>
<BR>[Calls]<UL><LI><a href="#[5a]">&gt;&gt;</a>&nbsp;&nbsp;&nbsp;__aeabi_memcpy
</UL>
<BR>[Called By]<UL><LI><a href="#[80]">&gt;&gt;</a>&nbsp;&nbsp;&nbsp;Dummy_Motormatic_Task
<LI><a href="#[6e]">&gt;&gt;</a>&nbsp;&nbsp;&nbsp;DummyCmd_Task
</UL>

<P><STRONG><a name="[6c]"></a>PubRegister</STRONG> (Thumb, 92 bytes, Stack size 24 bytes, message_center.o(.text.PubRegister))
<BR><BR>[Stack]<UL><LI>Max Depth = 52<LI>Call Chain = PubRegister &rArr; calloc &rArr; malloc
</UL>
<BR>[Calls]<UL><LI><a href="#[3e]">&gt;&gt;</a>&nbsp;&nbsp;&nbsp;calloc
<LI><a href="#[9b]">&gt;&gt;</a>&nbsp;&nbsp;&nbsp;strnlen
<LI><a href="#[9d]">&gt;&gt;</a>&nbsp;&nbsp;&nbsp;strcpy
<LI><a href="#[9c]">&gt;&gt;</a>&nbsp;&nbsp;&nbsp;strcmp
</UL>
<BR>[Called By]<UL><LI><a href="#[6d]">&gt;&gt;</a>&nbsp;&nbsp;&nbsp;SubRegister
<LI><a href="#[76]">&gt;&gt;</a>&nbsp;&nbsp;&nbsp;Dummy_Motormatic_Init
<LI><a href="#[69]">&gt;&gt;</a>&nbsp;&nbsp;&nbsp;DummyCmd_Init
</UL>

<P><STRONG><a name="[7a]"></a>RSMotorCaliEncoder</STRONG> (Thumb, 24 bytes, Stack size 8 bytes, rs_motor.o(.text.RSMotorCaliEncoder))
<BR><BR>[Stack]<UL><LI>Max Depth = 32<LI>Call Chain = RSMotorCaliEncoder &rArr; RSMotorSetMode &rArr; CANTransmit &rArr; R_CANFD_Write
</UL>
<BR>[Calls]<UL><LI><a href="#[9e]">&gt;&gt;</a>&nbsp;&nbsp;&nbsp;RSMotorSetMode
<LI><a href="#[9f]">&gt;&gt;</a>&nbsp;&nbsp;&nbsp;DWT_Delay
</UL>
<BR>[Called By]<UL><LI><a href="#[76]">&gt;&gt;</a>&nbsp;&nbsp;&nbsp;Dummy_Motormatic_Init
</UL>

<P><STRONG><a name="[85]"></a>RSMotorControl</STRONG> (Thumb, 360 bytes, Stack size 64 bytes, rs_motor.o(.text.RSMotorControl))
<BR><BR>[Stack]<UL><LI>Max Depth = 116<LI>Call Chain = RSMotorControl &rArr; PIDCalculate &rArr; DWT_GetDeltaT &rArr; DWT_CNT_Update
</UL>
<BR>[Calls]<UL><LI><a href="#[5d]">&gt;&gt;</a>&nbsp;&nbsp;&nbsp;PIDCalculate
<LI><a href="#[59]">&gt;&gt;</a>&nbsp;&nbsp;&nbsp;CANTransmit
</UL>
<BR>[Called By]<UL><LI><a href="#[80]">&gt;&gt;</a>&nbsp;&nbsp;&nbsp;Dummy_Motormatic_Task
</UL>

<P><STRONG><a name="[79]"></a>RSMotorInit</STRONG> (Thumb, 252 bytes, Stack size 40 bytes, rs_motor.o(.text.RSMotorInit))
<BR><BR>[Stack]<UL><LI>Max Depth = 120<LI>Call Chain = RSMotorInit &rArr; CANRegister &rArr; BSP_CAN_Init &rArr; R_CANFD_Open &rArr; r_canfd_mode_transition
</UL>
<BR>[Calls]<UL><LI><a href="#[9e]">&gt;&gt;</a>&nbsp;&nbsp;&nbsp;RSMotorSetMode
<LI><a href="#[60]">&gt;&gt;</a>&nbsp;&nbsp;&nbsp;DaemonRegister
<LI><a href="#[5f]">&gt;&gt;</a>&nbsp;&nbsp;&nbsp;PIDInit
<LI><a href="#[9f]">&gt;&gt;</a>&nbsp;&nbsp;&nbsp;DWT_Delay
<LI><a href="#[58]">&gt;&gt;</a>&nbsp;&nbsp;&nbsp;CANRegister
<LI><a href="#[3e]">&gt;&gt;</a>&nbsp;&nbsp;&nbsp;calloc
<LI><a href="#[61]">&gt;&gt;</a>&nbsp;&nbsp;&nbsp;free
</UL>
<BR>[Called By]<UL><LI><a href="#[76]">&gt;&gt;</a>&nbsp;&nbsp;&nbsp;Dummy_Motormatic_Init
</UL>

<P><STRONG><a name="[a0]"></a>R_BSP_Init_RTC</STRONG> (Thumb, 122 bytes, Stack size 16 bytes, bsp_clocks.o(.text.R_BSP_Init_RTC))
<BR><BR>[Stack]<UL><LI>Max Depth = 24<LI>Call Chain = R_BSP_Init_RTC &rArr; R_BSP_RegisterProtectDisable
</UL>
<BR>[Calls]<UL><LI><a href="#[a1]">&gt;&gt;</a>&nbsp;&nbsp;&nbsp;R_BSP_SoftwareDelay
<LI><a href="#[a3]">&gt;&gt;</a>&nbsp;&nbsp;&nbsp;R_BSP_RegisterProtectEnable
<LI><a href="#[a2]">&gt;&gt;</a>&nbsp;&nbsp;&nbsp;R_BSP_RegisterProtectDisable
</UL>
<BR>[Called By]<UL><LI><a href="#[ac]">&gt;&gt;</a>&nbsp;&nbsp;&nbsp;SystemInit
</UL>

<P><STRONG><a name="[a2]"></a>R_BSP_RegisterProtectDisable</STRONG> (Thumb, 78 bytes, Stack size 8 bytes, bsp_register_protection.o(.text.R_BSP_RegisterProtectDisable))
<BR><BR>[Stack]<UL><LI>Max Depth = 8<LI>Call Chain = R_BSP_RegisterProtectDisable
</UL>
<BR>[Called By]<UL><LI><a href="#[b7]">&gt;&gt;</a>&nbsp;&nbsp;&nbsp;bsp_vbatt_init
<LI><a href="#[b2]">&gt;&gt;</a>&nbsp;&nbsp;&nbsp;bsp_irq_cfg
<LI><a href="#[a0]">&gt;&gt;</a>&nbsp;&nbsp;&nbsp;R_BSP_Init_RTC
<LI><a href="#[ac]">&gt;&gt;</a>&nbsp;&nbsp;&nbsp;SystemInit
</UL>

<P><STRONG><a name="[a3]"></a>R_BSP_RegisterProtectEnable</STRONG> (Thumb, 82 bytes, Stack size 0 bytes, bsp_register_protection.o(.text.R_BSP_RegisterProtectEnable))
<BR><BR>[Called By]<UL><LI><a href="#[b7]">&gt;&gt;</a>&nbsp;&nbsp;&nbsp;bsp_vbatt_init
<LI><a href="#[b2]">&gt;&gt;</a>&nbsp;&nbsp;&nbsp;bsp_irq_cfg
<LI><a href="#[a0]">&gt;&gt;</a>&nbsp;&nbsp;&nbsp;R_BSP_Init_RTC
<LI><a href="#[ac]">&gt;&gt;</a>&nbsp;&nbsp;&nbsp;SystemInit
</UL>

<P><STRONG><a name="[a1]"></a>R_BSP_SoftwareDelay</STRONG> (Thumb, 132 bytes, Stack size 0 bytes, bsp_delay.o(.text.R_BSP_SoftwareDelay))
<BR><BR>[Calls]<UL><LI><a href="#[a4]">&gt;&gt;</a>&nbsp;&nbsp;&nbsp;bsp_prv_software_delay_loop
</UL>
<BR>[Called By]<UL><LI><a href="#[b7]">&gt;&gt;</a>&nbsp;&nbsp;&nbsp;bsp_vbatt_init
<LI><a href="#[a0]">&gt;&gt;</a>&nbsp;&nbsp;&nbsp;R_BSP_Init_RTC
<LI><a href="#[af]">&gt;&gt;</a>&nbsp;&nbsp;&nbsp;bsp_clock_init
<LI><a href="#[ea]">&gt;&gt;</a>&nbsp;&nbsp;&nbsp;usb_cpu_delay_1us
</UL>

<P><STRONG><a name="[b6]"></a>R_BSP_SubClockStabilizeWaitAfterReset</STRONG> (Thumb, 2 bytes, Stack size 0 bytes, bsp_clocks.o(.text.R_BSP_SubClockStabilizeWaitAfterReset))
<BR><BR>[Called By]<UL><LI><a href="#[af]">&gt;&gt;</a>&nbsp;&nbsp;&nbsp;bsp_clock_init
</UL>

<P><STRONG><a name="[a5]"></a>R_BSP_WarmStart</STRONG> (Thumb, 26 bytes, Stack size 0 bytes, hal_warmstart.o(.text.R_BSP_WarmStart))
<BR><BR>[Stack]<UL><LI>Max Depth = 72<LI>Call Chain = R_BSP_WarmStart &rArr; R_IOPORT_Open &rArr; r_ioport_pins_config &rArr; bsp_vbatt_init &rArr; R_BSP_RegisterProtectDisable
</UL>
<BR>[Calls]<UL><LI><a href="#[a6]">&gt;&gt;</a>&nbsp;&nbsp;&nbsp;R_IOPORT_Open
</UL>
<BR>[Called By]<UL><LI><a href="#[ac]">&gt;&gt;</a>&nbsp;&nbsp;&nbsp;SystemInit
</UL>

<P><STRONG><a name="[51]"></a>R_CANFD_Open</STRONG> (Thumb, 864 bytes, Stack size 40 bytes, r_canfd.o(.text.R_CANFD_Open))
<BR><BR>[Stack]<UL><LI>Max Depth = 56<LI>Call Chain = R_CANFD_Open &rArr; r_canfd_mode_transition
</UL>
<BR>[Calls]<UL><LI><a href="#[a7]">&gt;&gt;</a>&nbsp;&nbsp;&nbsp;r_canfd_mode_transition
</UL>
<BR>[Called By]<UL><LI><a href="#[50]">&gt;&gt;</a>&nbsp;&nbsp;&nbsp;BSP_CAN_Init
</UL>

<P><STRONG><a name="[5b]"></a>R_CANFD_Write</STRONG> (Thumb, 302 bytes, Stack size 8 bytes, r_canfd.o(.text.R_CANFD_Write))
<BR><BR>[Stack]<UL><LI>Max Depth = 8<LI>Call Chain = R_CANFD_Write
</UL>
<BR>[Called By]<UL><LI><a href="#[59]">&gt;&gt;</a>&nbsp;&nbsp;&nbsp;CANTransmit
</UL>

<P><STRONG><a name="[35]"></a>R_DTC_CallbackSet</STRONG> (Thumb, 4 bytes, Stack size 0 bytes, r_dtc.o(.text.R_DTC_CallbackSet))
<BR>[Address Reference Count : 1]<UL><LI> r_dtc.o(.rodata.g_transfer_on_dtc)
</UL>
<P><STRONG><a name="[33]"></a>R_DTC_Close</STRONG> (Thumb, 44 bytes, Stack size 0 bytes, r_dtc.o(.text.R_DTC_Close))
<BR>[Address Reference Count : 1]<UL><LI> r_dtc.o(.rodata.g_transfer_on_dtc)
</UL>
<P><STRONG><a name="[2f]"></a>R_DTC_Disable</STRONG> (Thumb, 26 bytes, Stack size 0 bytes, r_dtc.o(.text.R_DTC_Disable))
<BR>[Address Reference Count : 1]<UL><LI> r_dtc.o(.rodata.g_transfer_on_dtc)
</UL>
<P><STRONG><a name="[2e]"></a>R_DTC_Enable</STRONG> (Thumb, 26 bytes, Stack size 0 bytes, r_dtc.o(.text.R_DTC_Enable))
<BR>[Address Reference Count : 1]<UL><LI> r_dtc.o(.rodata.g_transfer_on_dtc)
</UL>
<P><STRONG><a name="[32]"></a>R_DTC_InfoGet</STRONG> (Thumb, 74 bytes, Stack size 0 bytes, r_dtc.o(.text.R_DTC_InfoGet))
<BR>[Address Reference Count : 1]<UL><LI> r_dtc.o(.rodata.g_transfer_on_dtc)
</UL>
<P><STRONG><a name="[2b]"></a>R_DTC_Open</STRONG> (Thumb, 132 bytes, Stack size 24 bytes, r_dtc.o(.text.R_DTC_Open))
<BR><BR>[Stack]<UL><LI>Max Depth = 24<LI>Call Chain = R_DTC_Open
</UL>
<BR>[Calls]<UL><LI><a href="#[a8]">&gt;&gt;</a>&nbsp;&nbsp;&nbsp;r_dtc_set_info
<LI><a href="#[93]">&gt;&gt;</a>&nbsp;&nbsp;&nbsp;__aeabi_memclr8
</UL>
<BR>[Address Reference Count : 1]<UL><LI> r_dtc.o(.rodata.g_transfer_on_dtc)
</UL>
<P><STRONG><a name="[2c]"></a>R_DTC_Reconfigure</STRONG> (Thumb, 70 bytes, Stack size 16 bytes, r_dtc.o(.text.R_DTC_Reconfigure))
<BR><BR>[Stack]<UL><LI>Max Depth = 16<LI>Call Chain = R_DTC_Reconfigure
</UL>
<BR>[Calls]<UL><LI><a href="#[a8]">&gt;&gt;</a>&nbsp;&nbsp;&nbsp;r_dtc_set_info
</UL>
<BR>[Address Reference Count : 1]<UL><LI> r_dtc.o(.rodata.g_transfer_on_dtc)
</UL>
<P><STRONG><a name="[34]"></a>R_DTC_Reload</STRONG> (Thumb, 4 bytes, Stack size 0 bytes, r_dtc.o(.text.R_DTC_Reload))
<BR>[Address Reference Count : 1]<UL><LI> r_dtc.o(.rodata.g_transfer_on_dtc)
</UL>
<P><STRONG><a name="[2d]"></a>R_DTC_Reset</STRONG> (Thumb, 136 bytes, Stack size 16 bytes, r_dtc.o(.text.R_DTC_Reset))
<BR><BR>[Stack]<UL><LI>Max Depth = 16<LI>Call Chain = R_DTC_Reset
</UL>
<BR>[Address Reference Count : 1]<UL><LI> r_dtc.o(.rodata.g_transfer_on_dtc)
</UL>
<P><STRONG><a name="[30]"></a>R_DTC_SoftwareStart</STRONG> (Thumb, 4 bytes, Stack size 0 bytes, r_dtc.o(.text.R_DTC_SoftwareStart))
<BR>[Address Reference Count : 1]<UL><LI> r_dtc.o(.rodata.g_transfer_on_dtc)
</UL>
<P><STRONG><a name="[31]"></a>R_DTC_SoftwareStop</STRONG> (Thumb, 4 bytes, Stack size 0 bytes, r_dtc.o(.text.R_DTC_SoftwareStop))
<BR>[Address Reference Count : 1]<UL><LI> r_dtc.o(.rodata.g_transfer_on_dtc)
</UL>
<P><STRONG><a name="[a6]"></a>R_IOPORT_Open</STRONG> (Thumb, 22 bytes, Stack size 8 bytes, r_ioport.o(.text.R_IOPORT_Open))
<BR><BR>[Stack]<UL><LI>Max Depth = 72<LI>Call Chain = R_IOPORT_Open &rArr; r_ioport_pins_config &rArr; bsp_vbatt_init &rArr; R_BSP_RegisterProtectDisable
</UL>
<BR>[Calls]<UL><LI><a href="#[a9]">&gt;&gt;</a>&nbsp;&nbsp;&nbsp;r_ioport_pins_config
</UL>
<BR>[Called By]<UL><LI><a href="#[a5]">&gt;&gt;</a>&nbsp;&nbsp;&nbsp;R_BSP_WarmStart
</UL>

<P><STRONG><a name="[aa]"></a>R_SCI_UART_Open</STRONG> (Thumb, 948 bytes, Stack size 32 bytes, r_sci_uart.o(.text.R_SCI_UART_Open))
<BR><BR>[Stack]<UL><LI>Max Depth = 40<LI>Call Chain = R_SCI_UART_Open &rArr; r_sci_uart_transfer_configure
</UL>
<BR>[Calls]<UL><LI><a href="#[ab]">&gt;&gt;</a>&nbsp;&nbsp;&nbsp;r_sci_uart_transfer_configure
</UL>
<BR>[Called By]<UL><LI><a href="#[53]">&gt;&gt;</a>&nbsp;&nbsp;&nbsp;USARTRegister
</UL>

<P><STRONG><a name="[b4]"></a>R_SCI_UART_Read</STRONG> (Thumb, 54 bytes, Stack size 16 bytes, r_sci_uart.o(.text.R_SCI_UART_Read))
<BR><BR>[Stack]<UL><LI>Max Depth = 16<LI>Call Chain = R_SCI_UART_Read
</UL>
<BR>[Called By]<UL><LI><a href="#[2a]">&gt;&gt;</a>&nbsp;&nbsp;&nbsp;UART_Global_Callback
<LI><a href="#[53]">&gt;&gt;</a>&nbsp;&nbsp;&nbsp;USARTRegister
</UL>

<P><STRONG><a name="[56]"></a>R_SCI_UART_Write</STRONG> (Thumb, 126 bytes, Stack size 16 bytes, r_sci_uart.o(.text.R_SCI_UART_Write))
<BR><BR>[Stack]<UL><LI>Max Depth = 16<LI>Call Chain = R_SCI_UART_Write
</UL>
<BR>[Called By]<UL><LI><a href="#[55]">&gt;&gt;</a>&nbsp;&nbsp;&nbsp;BT_SendData
<LI><a href="#[b5]">&gt;&gt;</a>&nbsp;&nbsp;&nbsp;Vision_Send_Data
</UL>

<P><STRONG><a name="[0]"></a>Reset_Handler</STRONG> (Thumb, 10 bytes, Stack size 0 bytes, startup.o(.text.Reset_Handler))
<BR><BR>[Stack]<UL><LI>Max Depth = 176<LI>Call Chain = Reset_Handler &rArr; main &rArr; vTaskStartScheduler &rArr; xTimerCreateTimerTask &rArr; xTaskCreateStatic &rArr; prvAddNewTaskToReadyList
</UL>
<BR>[Calls]<UL><LI><a href="#[ad]">&gt;&gt;</a>&nbsp;&nbsp;&nbsp;main
<LI><a href="#[ac]">&gt;&gt;</a>&nbsp;&nbsp;&nbsp;SystemInit
</UL>
<BR>[Address Reference Count : 1]<UL><LI> startup.o(.fixed_vectors)
</UL>
<P><STRONG><a name="[7]"></a>SVC_Handler</STRONG> (Thumb, 18 bytes, Stack size 0 bytes, port.o(.text.SVC_Handler))
<BR>[Address Reference Count : 1]<UL><LI> startup.o(.fixed_vectors)
</UL>
<P><STRONG><a name="[6f]"></a>SubGetMessage</STRONG> (Thumb, 40 bytes, Stack size 16 bytes, message_center.o(.text.SubGetMessage))
<BR><BR>[Stack]<UL><LI>Max Depth = 16<LI>Call Chain = SubGetMessage
</UL>
<BR>[Calls]<UL><LI><a href="#[5a]">&gt;&gt;</a>&nbsp;&nbsp;&nbsp;__aeabi_memcpy
</UL>
<BR>[Called By]<UL><LI><a href="#[80]">&gt;&gt;</a>&nbsp;&nbsp;&nbsp;Dummy_Motormatic_Task
<LI><a href="#[6e]">&gt;&gt;</a>&nbsp;&nbsp;&nbsp;DummyCmd_Task
</UL>

<P><STRONG><a name="[6d]"></a>SubRegister</STRONG> (Thumb, 54 bytes, Stack size 16 bytes, message_center.o(.text.SubRegister))
<BR><BR>[Stack]<UL><LI>Max Depth = 68<LI>Call Chain = SubRegister &rArr; PubRegister &rArr; calloc &rArr; malloc
</UL>
<BR>[Calls]<UL><LI><a href="#[6c]">&gt;&gt;</a>&nbsp;&nbsp;&nbsp;PubRegister
<LI><a href="#[3e]">&gt;&gt;</a>&nbsp;&nbsp;&nbsp;calloc
<LI><a href="#[3f]">&gt;&gt;</a>&nbsp;&nbsp;&nbsp;malloc
</UL>
<BR>[Called By]<UL><LI><a href="#[76]">&gt;&gt;</a>&nbsp;&nbsp;&nbsp;Dummy_Motormatic_Init
<LI><a href="#[69]">&gt;&gt;</a>&nbsp;&nbsp;&nbsp;DummyCmd_Init
</UL>

<P><STRONG><a name="[a]"></a>SysTick_Handler</STRONG> (Thumb, 38 bytes, Stack size 8 bytes, port.o(.text.SysTick_Handler))
<BR><BR>[Stack]<UL><LI>Max Depth = 48<LI>Call Chain = SysTick_Handler &rArr; xTaskIncrementTick
</UL>
<BR>[Calls]<UL><LI><a href="#[ae]">&gt;&gt;</a>&nbsp;&nbsp;&nbsp;xTaskIncrementTick
</UL>
<BR>[Address Reference Count : 1]<UL><LI> startup.o(.fixed_vectors)
</UL>
<P><STRONG><a name="[b1]"></a>SystemCoreClockUpdate</STRONG> (Thumb, 44 bytes, Stack size 0 bytes, bsp_clocks.o(.text.SystemCoreClockUpdate))
<BR><BR>[Called By]<UL><LI><a href="#[ac]">&gt;&gt;</a>&nbsp;&nbsp;&nbsp;SystemInit
</UL>

<P><STRONG><a name="[ac]"></a>SystemInit</STRONG> (Thumb, 162 bytes, Stack size 8 bytes, system.o(.text.SystemInit))
<BR><BR>[Stack]<UL><LI>Max Depth = 80<LI>Call Chain = SystemInit &rArr; R_BSP_WarmStart &rArr; R_IOPORT_Open &rArr; r_ioport_pins_config &rArr; bsp_vbatt_init &rArr; R_BSP_RegisterProtectDisable
</UL>
<BR>[Calls]<UL><LI><a href="#[a5]">&gt;&gt;</a>&nbsp;&nbsp;&nbsp;R_BSP_WarmStart
<LI><a href="#[b3]">&gt;&gt;</a>&nbsp;&nbsp;&nbsp;bsp_init
<LI><a href="#[b2]">&gt;&gt;</a>&nbsp;&nbsp;&nbsp;bsp_irq_cfg
<LI><a href="#[a3]">&gt;&gt;</a>&nbsp;&nbsp;&nbsp;R_BSP_RegisterProtectEnable
<LI><a href="#[a2]">&gt;&gt;</a>&nbsp;&nbsp;&nbsp;R_BSP_RegisterProtectDisable
<LI><a href="#[a0]">&gt;&gt;</a>&nbsp;&nbsp;&nbsp;R_BSP_Init_RTC
<LI><a href="#[b1]">&gt;&gt;</a>&nbsp;&nbsp;&nbsp;SystemCoreClockUpdate
<LI><a href="#[af]">&gt;&gt;</a>&nbsp;&nbsp;&nbsp;bsp_clock_init
<LI><a href="#[b0]">&gt;&gt;</a>&nbsp;&nbsp;&nbsp;SystemRuntimeInit
</UL>
<BR>[Called By]<UL><LI><a href="#[0]">&gt;&gt;</a>&nbsp;&nbsp;&nbsp;Reset_Handler
</UL>

<P><STRONG><a name="[2a]"></a>UART_Global_Callback</STRONG> (Thumb, 168 bytes, Stack size 16 bytes, bsp_uart.o(.text.UART_Global_Callback))
<BR><BR>[Stack]<UL><LI>Max Depth = 32<LI>Call Chain = UART_Global_Callback &rArr; R_SCI_UART_Read
</UL>
<BR>[Calls]<UL><LI><a href="#[b4]">&gt;&gt;</a>&nbsp;&nbsp;&nbsp;R_SCI_UART_Read
</UL>
<BR>[Address Reference Count : 3]<UL><LI> hal_data.o(.rodata.bt_uart_cfg)
<LI> hal_data.o(.rodata.pc_uart_cfg)
<LI> hal_data.o(.rodata.sbus_cfg)
</UL>
<P><STRONG><a name="[53]"></a>USARTRegister</STRONG> (Thumb, 108 bytes, Stack size 24 bytes, bsp_uart.o(.text.USARTRegister))
<BR><BR>[Stack]<UL><LI>Max Depth = 64<LI>Call Chain = USARTRegister &rArr; R_SCI_UART_Open &rArr; r_sci_uart_transfer_configure
</UL>
<BR>[Calls]<UL><LI><a href="#[b4]">&gt;&gt;</a>&nbsp;&nbsp;&nbsp;R_SCI_UART_Read
<LI><a href="#[aa]">&gt;&gt;</a>&nbsp;&nbsp;&nbsp;R_SCI_UART_Open
<LI><a href="#[3e]">&gt;&gt;</a>&nbsp;&nbsp;&nbsp;calloc
<LI><a href="#[61]">&gt;&gt;</a>&nbsp;&nbsp;&nbsp;free
</UL>
<BR>[Called By]<UL><LI><a href="#[52]">&gt;&gt;</a>&nbsp;&nbsp;&nbsp;BT_Init
<LI><a href="#[6a]">&gt;&gt;</a>&nbsp;&nbsp;&nbsp;Vision_Init
<LI><a href="#[6b]">&gt;&gt;</a>&nbsp;&nbsp;&nbsp;MCControlInit
</UL>

<P><STRONG><a name="[87]"></a>USART_Force_Restart</STRONG> (Thumb, 2 bytes, Stack size 0 bytes, bsp_uart.o(.text.USART_Force_Restart))
<BR><BR>[Called By]<UL><LI><a href="#[23]">&gt;&gt;</a>&nbsp;&nbsp;&nbsp;HostLostCallback
<LI><a href="#[1e]">&gt;&gt;</a>&nbsp;&nbsp;&nbsp;MCLostCallback
</UL>

<P><STRONG><a name="[6a]"></a>Vision_Init</STRONG> (Thumb, 88 bytes, Stack size 40 bytes, vision.o(.text.Vision_Init))
<BR><BR>[Stack]<UL><LI>Max Depth = 104<LI>Call Chain = Vision_Init &rArr; USARTRegister &rArr; R_SCI_UART_Open &rArr; r_sci_uart_transfer_configure
</UL>
<BR>[Calls]<UL><LI><a href="#[60]">&gt;&gt;</a>&nbsp;&nbsp;&nbsp;DaemonRegister
<LI><a href="#[53]">&gt;&gt;</a>&nbsp;&nbsp;&nbsp;USARTRegister
</UL>
<BR>[Called By]<UL><LI><a href="#[69]">&gt;&gt;</a>&nbsp;&nbsp;&nbsp;DummyCmd_Init
</UL>

<P><STRONG><a name="[b5]"></a>Vision_Send_Data</STRONG> (Thumb, 38 bytes, Stack size 0 bytes, vision.o(.text.Vision_Send_Data))
<BR><BR>[Stack]<UL><LI>Max Depth = 16<LI>Call Chain = Vision_Send_Data &rArr; R_SCI_UART_Write
</UL>
<BR>[Calls]<UL><LI><a href="#[56]">&gt;&gt;</a>&nbsp;&nbsp;&nbsp;R_SCI_UART_Write
</UL>
<BR>[Called By]<UL><LI><a href="#[71]">&gt;&gt;</a>&nbsp;&nbsp;&nbsp;Vision_Set_FeedData
</UL>

<P><STRONG><a name="[71]"></a>Vision_Set_FeedData</STRONG> (Thumb, 124 bytes, Stack size 0 bytes, dummy_cmd.o(.text.Vision_Set_FeedData))
<BR><BR>[Stack]<UL><LI>Max Depth = 16<LI>Call Chain = Vision_Set_FeedData &rArr; Vision_Send_Data &rArr; R_SCI_UART_Write
</UL>
<BR>[Calls]<UL><LI><a href="#[b5]">&gt;&gt;</a>&nbsp;&nbsp;&nbsp;Vision_Send_Data
</UL>
<BR>[Called By]<UL><LI><a href="#[6e]">&gt;&gt;</a>&nbsp;&nbsp;&nbsp;DummyCmd_Task
</UL>

<P><STRONG><a name="[d5]"></a>__aeabi_assert</STRONG> (Thumb, 6 bytes, Stack size 0 bytes, bsp_common.o(.text.__aeabi_assert))
<BR><BR>[Called By]<UL><LI><a href="#[d2]">&gt;&gt;</a>&nbsp;&nbsp;&nbsp;prvDeleteTCB
<LI><a href="#[d7]">&gt;&gt;</a>&nbsp;&nbsp;&nbsp;prvInitialiseNewTask
<LI><a href="#[f6]">&gt;&gt;</a>&nbsp;&nbsp;&nbsp;vTaskPlaceOnEventListRestricted
<LI><a href="#[d0]">&gt;&gt;</a>&nbsp;&nbsp;&nbsp;vQueueAddToRegistry
<LI><a href="#[e7]">&gt;&gt;</a>&nbsp;&nbsp;&nbsp;xQueueSemaphoreTake
<LI><a href="#[e2]">&gt;&gt;</a>&nbsp;&nbsp;&nbsp;xQueueReceive
<LI><a href="#[f5]">&gt;&gt;</a>&nbsp;&nbsp;&nbsp;vPortValidateInterruptPriority
<LI><a href="#[ec]">&gt;&gt;</a>&nbsp;&nbsp;&nbsp;xQueueGenericSendFromISR
<LI><a href="#[f7]">&gt;&gt;</a>&nbsp;&nbsp;&nbsp;vTaskPlaceOnEventList
<LI><a href="#[ff]">&gt;&gt;</a>&nbsp;&nbsp;&nbsp;xTaskCheckForTimeOut
<LI><a href="#[e8]">&gt;&gt;</a>&nbsp;&nbsp;&nbsp;xQueueGenericSend
<LI><a href="#[c2]">&gt;&gt;</a>&nbsp;&nbsp;&nbsp;xQueueCreateCountingSemaphoreStatic
<LI><a href="#[cf]">&gt;&gt;</a>&nbsp;&nbsp;&nbsp;xQueueGenericCreateStatic
<LI><a href="#[e4]">&gt;&gt;</a>&nbsp;&nbsp;&nbsp;xTaskRemoveFromEventList
<LI><a href="#[fc]">&gt;&gt;</a>&nbsp;&nbsp;&nbsp;xQueueGenericReset
<LI><a href="#[d4]">&gt;&gt;</a>&nbsp;&nbsp;&nbsp;vPortFree
<LI><a href="#[cd]">&gt;&gt;</a>&nbsp;&nbsp;&nbsp;vPortExitCritical
<LI><a href="#[cb]">&gt;&gt;</a>&nbsp;&nbsp;&nbsp;vPortEnterCritical
<LI><a href="#[e0]">&gt;&gt;</a>&nbsp;&nbsp;&nbsp;xTaskResumeAll
<LI><a href="#[be]">&gt;&gt;</a>&nbsp;&nbsp;&nbsp;vTaskDelay
<LI><a href="#[29]">&gt;&gt;</a>&nbsp;&nbsp;&nbsp;prvTimerTask
<LI><a href="#[f9]">&gt;&gt;</a>&nbsp;&nbsp;&nbsp;xTimerCreateTimerTask
<LI><a href="#[c5]">&gt;&gt;</a>&nbsp;&nbsp;&nbsp;vTaskStartScheduler
<LI><a href="#[37]">&gt;&gt;</a>&nbsp;&nbsp;&nbsp;vTaskSwitchContext
<LI><a href="#[ae]">&gt;&gt;</a>&nbsp;&nbsp;&nbsp;xTaskIncrementTick
<LI><a href="#[ba]">&gt;&gt;</a>&nbsp;&nbsp;&nbsp;xTaskCreateStatic
<LI><a href="#[21]">&gt;&gt;</a>&nbsp;&nbsp;&nbsp;vPortSVCHandler_C
</UL>

<P><STRONG><a name="[af]"></a>bsp_clock_init</STRONG> (Thumb, 444 bytes, Stack size 24 bytes, bsp_clocks.o(.text.bsp_clock_init))
<BR><BR>[Stack]<UL><LI>Max Depth = 24<LI>Call Chain = bsp_clock_init
</UL>
<BR>[Calls]<UL><LI><a href="#[a1]">&gt;&gt;</a>&nbsp;&nbsp;&nbsp;R_BSP_SoftwareDelay
<LI><a href="#[b6]">&gt;&gt;</a>&nbsp;&nbsp;&nbsp;R_BSP_SubClockStabilizeWaitAfterReset
</UL>
<BR>[Called By]<UL><LI><a href="#[ac]">&gt;&gt;</a>&nbsp;&nbsp;&nbsp;SystemInit
</UL>

<P><STRONG><a name="[b3]"></a>bsp_init</STRONG> (Thumb, 2 bytes, Stack size 0 bytes, bsp_common.o(.text.bsp_init_internal))
<BR><BR>[Called By]<UL><LI><a href="#[ac]">&gt;&gt;</a>&nbsp;&nbsp;&nbsp;SystemInit
</UL>

<P><STRONG><a name="[119]"></a>bsp_init_internal</STRONG> (Thumb, 2 bytes, Stack size 0 bytes, bsp_common.o(.text.bsp_init_internal), UNUSED)

<P><STRONG><a name="[b2]"></a>bsp_irq_cfg</STRONG> (Thumb, 138 bytes, Stack size 32 bytes, bsp_irq.o(.text.bsp_irq_cfg))
<BR><BR>[Stack]<UL><LI>Max Depth = 40<LI>Call Chain = bsp_irq_cfg &rArr; R_BSP_RegisterProtectDisable
</UL>
<BR>[Calls]<UL><LI><a href="#[a3]">&gt;&gt;</a>&nbsp;&nbsp;&nbsp;R_BSP_RegisterProtectEnable
<LI><a href="#[a2]">&gt;&gt;</a>&nbsp;&nbsp;&nbsp;R_BSP_RegisterProtectDisable
</UL>
<BR>[Called By]<UL><LI><a href="#[ac]">&gt;&gt;</a>&nbsp;&nbsp;&nbsp;SystemInit
</UL>

<P><STRONG><a name="[a4]"></a>bsp_prv_software_delay_loop</STRONG> (Thumb, 8 bytes, Stack size 0 bytes, bsp_delay.o(.text.bsp_prv_software_delay_loop))
<BR><BR>[Calls]<UL><LI><a href="#[a4]">&gt;&gt;</a>&nbsp;&nbsp;&nbsp;bsp_prv_software_delay_loop
</UL>
<BR>[Called By]<UL><LI><a href="#[a1]">&gt;&gt;</a>&nbsp;&nbsp;&nbsp;R_BSP_SoftwareDelay
<LI><a href="#[a4]">&gt;&gt;</a>&nbsp;&nbsp;&nbsp;bsp_prv_software_delay_loop
</UL>

<P><STRONG><a name="[36]"></a>can_callback</STRONG> (Thumb, 114 bytes, Stack size 32 bytes, bsp_can.o(.text.can_callback))
<BR><BR>[Stack]<UL><LI>Max Depth = 32<LI>Call Chain = can_callback
</UL>
<BR>[Calls]<UL><LI><a href="#[77]">&gt;&gt;</a>&nbsp;&nbsp;&nbsp;__aeabi_memcpy4
</UL>
<BR>[Address Reference Count : 1]<UL><LI> hal_data.o(.rodata.motor_ctrl_can_cfg)
</UL>
<P><STRONG><a name="[c]"></a>canfd_channel_tx_isr</STRONG> (Thumb, 332 bytes, Stack size 256 bytes, r_canfd.o(.text.canfd_channel_tx_isr))
<BR><BR>[Stack]<UL><LI>Max Depth = 256<LI>Call Chain = canfd_channel_tx_isr
</UL>
<BR>[Calls]<UL><LI><a href="#[77]">&gt;&gt;</a>&nbsp;&nbsp;&nbsp;__aeabi_memcpy4
</UL>
<BR>[Address Reference Count : 1]<UL><LI> vector_data.o(.application_vectors)
</UL>
<P><STRONG><a name="[d]"></a>canfd_common_fifo_rx_isr</STRONG> (Thumb, 262 bytes, Stack size 256 bytes, r_canfd.o(.text.canfd_common_fifo_rx_isr))
<BR><BR>[Stack]<UL><LI>Max Depth = 264<LI>Call Chain = canfd_common_fifo_rx_isr &rArr; r_canfd_mb_read
</UL>
<BR>[Calls]<UL><LI><a href="#[b8]">&gt;&gt;</a>&nbsp;&nbsp;&nbsp;r_canfd_mb_read
<LI><a href="#[77]">&gt;&gt;</a>&nbsp;&nbsp;&nbsp;__aeabi_memcpy4
</UL>
<BR>[Address Reference Count : 1]<UL><LI> vector_data.o(.application_vectors)
</UL>
<P><STRONG><a name="[b]"></a>canfd_error_isr</STRONG> (Thumb, 256 bytes, Stack size 232 bytes, r_canfd.o(.text.canfd_error_isr))
<BR><BR>[Stack]<UL><LI>Max Depth = 232<LI>Call Chain = canfd_error_isr
</UL>
<BR>[Calls]<UL><LI><a href="#[54]">&gt;&gt;</a>&nbsp;&nbsp;&nbsp;__aeabi_memclr4
<LI><a href="#[77]">&gt;&gt;</a>&nbsp;&nbsp;&nbsp;__aeabi_memcpy4
</UL>
<BR>[Address Reference Count : 1]<UL><LI> vector_data.o(.application_vectors)
</UL>
<P><STRONG><a name="[e]"></a>canfd_rx_fifo_isr</STRONG> (Thumb, 228 bytes, Stack size 248 bytes, r_canfd.o(.text.canfd_rx_fifo_isr))
<BR><BR>[Stack]<UL><LI>Max Depth = 256<LI>Call Chain = canfd_rx_fifo_isr &rArr; r_canfd_mb_read
</UL>
<BR>[Calls]<UL><LI><a href="#[b8]">&gt;&gt;</a>&nbsp;&nbsp;&nbsp;r_canfd_mb_read
<LI><a href="#[77]">&gt;&gt;</a>&nbsp;&nbsp;&nbsp;__aeabi_memcpy4
</UL>
<BR>[Address Reference Count : 1]<UL><LI> vector_data.o(.application_vectors)
</UL>
<P><STRONG><a name="[b9]"></a>daemon_task_create</STRONG> (Thumb, 100 bytes, Stack size 24 bytes, daemon_task.o(.text.daemon_task_create))
<BR><BR>[Stack]<UL><LI>Max Depth = 112<LI>Call Chain = daemon_task_create &rArr; xTaskCreateStatic &rArr; prvAddNewTaskToReadyList
</UL>
<BR>[Calls]<UL><LI><a href="#[ba]">&gt;&gt;</a>&nbsp;&nbsp;&nbsp;xTaskCreateStatic
<LI><a href="#[bb]">&gt;&gt;</a>&nbsp;&nbsp;&nbsp;rtos_startup_err_callback
</UL>
<BR>[Called By]<UL><LI><a href="#[ad]">&gt;&gt;</a>&nbsp;&nbsp;&nbsp;main
</UL>

<P><STRONG><a name="[bc]"></a>daemon_task_entry</STRONG> (Thumb, 12 bytes, Stack size 0 bytes, daemon_task_entry.o(.text.daemon_task_entry))
<BR><BR>[Stack]<UL><LI>Max Depth = 88 + In Cycle
<LI>Call Chain = daemon_task_entry &rArr;  daemon_task_entry (Cycle)
</UL>
<BR>[Calls]<UL><LI><a href="#[bd]">&gt;&gt;</a>&nbsp;&nbsp;&nbsp;DaemonTask
<LI><a href="#[bc]">&gt;&gt;</a>&nbsp;&nbsp;&nbsp;daemon_task_entry
<LI><a href="#[be]">&gt;&gt;</a>&nbsp;&nbsp;&nbsp;vTaskDelay
</UL>
<BR>[Called By]<UL><LI><a href="#[bc]">&gt;&gt;</a>&nbsp;&nbsp;&nbsp;daemon_task_entry
<LI><a href="#[24]">&gt;&gt;</a>&nbsp;&nbsp;&nbsp;daemon_task_func
</UL>

<P><STRONG><a name="[c1]"></a>g_common_init</STRONG> (Thumb, 2 bytes, Stack size 0 bytes, common_data.o(.text.g_common_init))
<BR><BR>[Called By]<UL><LI><a href="#[c0]">&gt;&gt;</a>&nbsp;&nbsp;&nbsp;g_hal_init
</UL>

<P><STRONG><a name="[c0]"></a>g_hal_init</STRONG> (Thumb, 4 bytes, Stack size 0 bytes, hal_data.o(.text.g_hal_init))
<BR><BR>[Calls]<UL><LI><a href="#[c1]">&gt;&gt;</a>&nbsp;&nbsp;&nbsp;g_common_init
</UL>
<BR>[Called By]<UL><LI><a href="#[bf]">&gt;&gt;</a>&nbsp;&nbsp;&nbsp;rtos_startup_common_init
</UL>

<P><STRONG><a name="[f3]"></a>hw_usb_pclear_sts_resm</STRONG> (Thumb, 28 bytes, Stack size 0 bytes, r_usb_preg_access.o(.text.hw_usb_pclear_sts_resm))
<BR><BR>[Called By]<UL><LI><a href="#[14]">&gt;&gt;</a>&nbsp;&nbsp;&nbsp;usbfs_resume_handler
</UL>

<P><STRONG><a name="[f1]"></a>hw_usb_pclear_sts_valid</STRONG> (Thumb, 28 bytes, Stack size 0 bytes, r_usb_preg_access.o(.text.hw_usb_pclear_sts_valid))
<BR><BR>[Called By]<UL><LI><a href="#[ef]">&gt;&gt;</a>&nbsp;&nbsp;&nbsp;usb_pstd_interrupt_handler
</UL>

<P><STRONG><a name="[f0]"></a>hw_usb_read_intsts</STRONG> (Thumb, 24 bytes, Stack size 0 bytes, r_usb_creg_access.o(.text.hw_usb_read_intsts))
<BR><BR>[Called By]<UL><LI><a href="#[ef]">&gt;&gt;</a>&nbsp;&nbsp;&nbsp;usb_pstd_interrupt_handler
</UL>

<P><STRONG><a name="[ee]"></a>hw_usb_set_suspendm</STRONG> (Thumb, 24 bytes, Stack size 0 bytes, r_usb_creg_access.o(.text.hw_usb_set_suspendm))
<BR><BR>[Called By]<UL><LI><a href="#[ed]">&gt;&gt;</a>&nbsp;&nbsp;&nbsp;usb_pstd_interrupt_clock
</UL>

<P><STRONG><a name="[ad]"></a>main</STRONG> (Thumb, 82 bytes, Stack size 8 bytes, main.o(.text.main))
<BR><BR>[Stack]<UL><LI>Max Depth = 176<LI>Call Chain = main &rArr; vTaskStartScheduler &rArr; xTimerCreateTimerTask &rArr; xTaskCreateStatic &rArr; prvAddNewTaskToReadyList
</UL>
<BR>[Calls]<UL><LI><a href="#[c2]">&gt;&gt;</a>&nbsp;&nbsp;&nbsp;xQueueCreateCountingSemaphoreStatic
<LI><a href="#[c5]">&gt;&gt;</a>&nbsp;&nbsp;&nbsp;vTaskStartScheduler
<LI><a href="#[c4]">&gt;&gt;</a>&nbsp;&nbsp;&nbsp;robot_task_create
<LI><a href="#[c3]">&gt;&gt;</a>&nbsp;&nbsp;&nbsp;motor_ctrl_task_create
<LI><a href="#[bb]">&gt;&gt;</a>&nbsp;&nbsp;&nbsp;rtos_startup_err_callback
<LI><a href="#[b9]">&gt;&gt;</a>&nbsp;&nbsp;&nbsp;daemon_task_create
</UL>
<BR>[Called By]<UL><LI><a href="#[0]">&gt;&gt;</a>&nbsp;&nbsp;&nbsp;Reset_Handler
</UL>

<P><STRONG><a name="[92]"></a>map_float_clamp</STRONG> (Thumb, 42 bytes, Stack size 0 bytes, controller.o(.text.map_float_clamp))
<BR><BR>[Called By]<UL><LI><a href="#[70]">&gt;&gt;</a>&nbsp;&nbsp;&nbsp;MC_Remote_Ctrl
</UL>

<P><STRONG><a name="[c3]"></a>motor_ctrl_task_create</STRONG> (Thumb, 100 bytes, Stack size 24 bytes, motor_ctrl_task.o(.text.motor_ctrl_task_create))
<BR><BR>[Stack]<UL><LI>Max Depth = 112<LI>Call Chain = motor_ctrl_task_create &rArr; xTaskCreateStatic &rArr; prvAddNewTaskToReadyList
</UL>
<BR>[Calls]<UL><LI><a href="#[ba]">&gt;&gt;</a>&nbsp;&nbsp;&nbsp;xTaskCreateStatic
<LI><a href="#[bb]">&gt;&gt;</a>&nbsp;&nbsp;&nbsp;rtos_startup_err_callback
</UL>
<BR>[Called By]<UL><LI><a href="#[ad]">&gt;&gt;</a>&nbsp;&nbsp;&nbsp;main
</UL>

<P><STRONG><a name="[c6]"></a>motor_ctrl_task_entry</STRONG> (Thumb, 16 bytes, Stack size 0 bytes, motor_ctrl_task_entry.o(.text.motor_ctrl_task_entry))
<BR><BR>[Stack]<UL><LI>Max Depth = 1224<LI>Call Chain = motor_ctrl_task_entry &rArr; Dummy_Motormatic_Task &rArr; Kinematic_SolveIK &rArr; Moveit_Inverse_Kinematics_From_Pose &rArr; __hardfp_sin &rArr; __ieee754_rem_pio2 &rArr; __aeabi_dsub &rArr; __aeabi_dadd &rArr; _double_epilogue &rArr; _double_round
</UL>
<BR>[Calls]<UL><LI><a href="#[80]">&gt;&gt;</a>&nbsp;&nbsp;&nbsp;Dummy_Motormatic_Task
<LI><a href="#[76]">&gt;&gt;</a>&nbsp;&nbsp;&nbsp;Dummy_Motormatic_Init
<LI><a href="#[be]">&gt;&gt;</a>&nbsp;&nbsp;&nbsp;vTaskDelay
</UL>
<BR>[Called By]<UL><LI><a href="#[25]">&gt;&gt;</a>&nbsp;&nbsp;&nbsp;motor_ctrl_task_func
</UL>

<P><STRONG><a name="[d9]"></a>pxPortInitialiseStack</STRONG> (Thumb, 40 bytes, Stack size 0 bytes, port.o(.text.pxPortInitialiseStack))
[...]
</UL>
<BR>[Called By]<UL><LI><a href="#[83]">&gt;&gt;</a>&nbsp;&nbsp;&nbsp;Kinematic_SolveIK
</UL>

<P><STRONG><a name="[91]"></a>Moveit_Inverse_Kinematics_From_Pose</STRONG> (Thumb, 4184 bytes, Stack size 384 bytes, dummy_kinematic_v2.o(.text.Moveit_Inverse_Kinematics_From_Pose))
<BR><BR>[Stack]<UL><LI>Max Depth = 624<LI>Call Chain = Moveit_Inverse_Kinematics_From_Pose &rArr; __hardfp_sin &rArr; __ieee754_rem_pio2 &rArr; __aeabi_dsub &rArr; __aeabi_dadd &rArr; _double_epilogue &rArr; _double_round
</UL>
<BR>[Calls]<UL><LI><a href="#[8d]">&gt;&gt;</a>&nbsp;&nbsp;&nbsp;__aeabi_dcmpgt
<LI><a href="#[8e]">&gt;&gt;</a>&nbsp;&nbsp;&nbsp;__aeabi_dcmpge
<LI><a href="#[8f]">&gt;&gt;</a>&nbsp;&nbsp;&nbsp;__aeabi_dcmplt
<LI><a href="#[44]">&gt;&gt;</a>&nbsp;&nbsp;&nbsp;__aeabi_dsub
<LI><a href="#[8c]">&gt;&gt;</a>&nbsp;&nbsp;&nbsp;__aeabi_dcmple
<LI><a href="#[40]">&gt;&gt;</a>&nbsp;&nbsp;&nbsp;__aeabi_dadd
<LI><a href="#[46]">&gt;&gt;</a>&nbsp;&nbsp;&nbsp;__aeabi_dmul
<LI><a href="#[98]">&gt;&gt;</a>&nbsp;&nbsp;&nbsp;Moveit_Normalize_Angle
<LI><a href="#[47]">&gt;&gt;</a>&nbsp;&nbsp;&nbsp;__aeabi_ddiv
<LI><a href="#[93]">&gt;&gt;</a>&nbsp;&nbsp;&nbsp;__aeabi_memclr8
<LI><a href="#[96]">&gt;&gt;</a>&nbsp;&nbsp;&nbsp;__hardfp_sqrt
<LI><a href="#[95]">&gt;&gt;</a>&nbsp;&nbsp;&nbsp;__hardfp_sin
<LI><a href="#[94]">&gt;&gt;</a>&nbsp;&nbsp;&nbsp;__hardfp_cos
<LI><a href="#[97]">&gt;&gt;</a>&nbsp;&nbsp;&nbsp;__hardfp_atan2
</UL>
<BR>[Called By]<UL><LI><a href="#[83]">&gt;&gt;</a>&nbsp;&nbsp;&nbsp;Kinematic_SolveIK
</UL>

<P><STRONG><a name="[98]"></a>Moveit_Normalize_Angle</STRONG> (Thumb, 152 bytes, Stack size 32 bytes, dummy_kinematic_v2.o(.text.Moveit_Normalize_Angle))
<BR><BR>[Stack]<UL><LI>Max Depth = 120<LI>Call Chain = Moveit_Normalize_Angle &rArr; __aeabi_dadd &rArr; _double_epilogue &rArr; _double_round
</UL>
<BR>[Calls]<UL><LI><a href="#[8d]">&gt;&gt;</a>&nbsp;&nbsp;&nbsp;__aeabi_dcmpgt
<LI><a href="#[8e]">&gt;&gt;</a>&nbsp;&nbsp;&nbsp;__aeabi_dcmpge
<LI><a href="#[8f]">&gt;&gt;</a>&nbsp;&nbsp;&nbsp;__aeabi_dcmplt
<LI><a href="#[8c]">&gt;&gt;</a>&nbsp;&nbsp;&nbsp;__aeabi_dcmple
<LI><a href="#[40]">&gt;&gt;</a>&nbsp;&nbsp;&nbsp;__aeabi_dadd
</UL>
<BR>[Called By]<UL><LI><a href="#[91]">&gt;&gt;</a>&nbsp;&nbsp;&nbsp;Moveit_Inverse_Kinematics_From_Pose
</UL>

<P><STRONG><a name="[22]"></a>HostRxCallback</STRONG> (Thumb, 252 bytes, Stack size 64 bytes, vision.o(.text.HostRxCallback))
<BR><BR>[Stack]<UL><LI>Max Depth = 64<LI>Call Chain = HostRxCallback
</UL>
<BR>[Calls]<UL><LI><a href="#[62]">&gt;&gt;</a>&nbsp;&nbsp;&nbsp;DaemonReload
</UL>
<BR>[Address Reference Count : 1]<UL><LI> vision.o(.text.Vision_Init)
</UL>
<P><STRONG><a name="[23]"></a>HostLostCallback</STRONG> (Thumb, 26 bytes, Stack size 0 bytes, vision.o(.text.HostLostCallback))
<BR><BR>[Calls]<UL><LI><a href="#[87]">&gt;&gt;</a>&nbsp;&nbsp;&nbsp;USART_Force_Restart
</UL>
<BR>[Address Reference Count : 1]<UL><LI> vision.o(.text.Vision_Init)
</UL>
<P><STRONG><a name="[17]"></a>BT_RxCallback</STRONG> (Thumb, 220 bytes, Stack size 64 bytes, bluetooth.o(.text.BT_RxCallback))
<BR><BR>[Stack]<UL><LI>Max Depth = 64<LI>Call Chain = BT_RxCallback
</UL>
<BR>[Address Reference Count : 1]<UL><LI> bluetooth.o(.text.BT_Init)
</UL>
<P><STRONG><a name="[18]"></a>DecodeDJIMotor</STRONG> (Thumb, 216 bytes, Stack size 16 bytes, dji_motor.o(.text.DecodeDJIMotor))
<BR><BR>[Stack]<UL><LI>Max Depth = 44<LI>Call Chain = DecodeDJIMotor &rArr; DWT_GetDeltaT &rArr; DWT_CNT_Update
</UL>
<BR>[Calls]<UL><LI><a href="#[62]">&gt;&gt;</a>&nbsp;&nbsp;&nbsp;DaemonReload
<LI><a href="#[64]">&gt;&gt;</a>&nbsp;&nbsp;&nbsp;DWT_GetDeltaT
</UL>
<BR>[Address Reference Count : 1]<UL><LI> dji_motor.o(.text.DJIMotorInit)
</UL>
<P><STRONG><a name="[19]"></a>DJIMotorLostCallback</STRONG> (Thumb, 10 bytes, Stack size 0 bytes, dji_motor.o(.text.DJIMotorLostCallback))
<BR>[Address Reference Count : 1]<UL><LI> dji_motor.o(.text.DJIMotorInit)
</UL>
<P><STRONG><a name="[9e]"></a>RSMotorSetMode</STRONG> (Thumb, 44 bytes, Stack size 0 bytes, rs_motor.o(.text.RSMotorSetMode))
<BR><BR>[Stack]<UL><LI>Max Depth = 24<LI>Call Chain = RSMotorSetMode &rArr; CANTransmit &rArr; R_CANFD_Write
</UL>
<BR>[Calls]<UL><LI><a href="#[59]">&gt;&gt;</a>&nbsp;&nbsp;&nbsp;CANTransmit
</UL>
<BR>[Called By]<UL><LI><a href="#[79]">&gt;&gt;</a>&nbsp;&nbsp;&nbsp;RSMotorInit
<LI><a href="#[7a]">&gt;&gt;</a>&nbsp;&nbsp;&nbsp;RSMotorCaliEncoder
</UL>

<P><STRONG><a name="[1f]"></a>DecodeRSMotor</STRONG> (Thumb, 196 bytes, Stack size 16 bytes, rs_motor.o(.text.DecodeRSMotor))
<BR><BR>[Stack]<UL><LI>Max Depth = 16<LI>Call Chain = DecodeRSMotor
</UL>
<BR>[Calls]<UL><LI><a href="#[62]">&gt;&gt;</a>&nbsp;&nbsp;&nbsp;DaemonReload
</UL>
<BR>[Address Reference Count : 1]<UL><LI> rs_motor.o(.text.RSMotorInit)
</UL>
<P><STRONG><a name="[20]"></a>RSMotorLostCallback</STRONG> (Thumb, 14 bytes, Stack size 0 bytes, rs_motor.o(.text.RSMotorLostCallback))
<BR>[Address Reference Count : 1]<UL><LI> rs_motor.o(.text.RSMotorInit)
</UL>
<P><STRONG><a name="[1a]"></a>IMUCANLostCallback</STRONG> (Thumb, 8 bytes, Stack size 0 bytes, dm_imu.o(.text.IMUCANLostCallback))
<BR>[Address Reference Count : 1]<UL><LI> dm_imu.o(.text.DM_IMU_Init)
</UL>
<P><STRONG><a name="[1b]"></a>DM_IMU_Decode</STRONG> (Thumb, 488 bytes, Stack size 16 bytes, dm_imu.o(.text.DM_IMU_Decode))
<BR><BR>[Stack]<UL><LI>Max Depth = 16<LI>Call Chain = DM_IMU_Decode
</UL>
<BR>[Calls]<UL><LI><a href="#[62]">&gt;&gt;</a>&nbsp;&nbsp;&nbsp;DaemonReload
</UL>
<BR>[Address Reference Count : 1]<UL><LI> dm_imu.o(.text.DM_IMU_Init)
</UL>
<P><STRONG><a name="[e3]"></a>prvUnlockQueue</STRONG> (Thumb, 114 bytes, Stack size 24 bytes, queue.o(.text.prvUnlockQueue))
<BR><BR>[Stack]<UL><LI>Max Depth = 40<LI>Call Chain = prvUnlockQueue &rArr; xTaskRemoveFromEventList
</UL>
<BR>[Calls]<UL><LI><a href="#[e5]">&gt;&gt;</a>&nbsp;&nbsp;&nbsp;vTaskMissedYield
<LI><a href="#[e4]">&gt;&gt;</a>&nbsp;&nbsp;&nbsp;xTaskRemoveFromEventList
<LI><a href="#[cd]">&gt;&gt;</a>&nbsp;&nbsp;&nbsp;vPortExitCritical
<LI><a href="#[cb]">&gt;&gt;</a>&nbsp;&nbsp;&nbsp;vPortEnterCritical
</UL>
<BR>[Called By]<UL><LI><a href="#[e1]">&gt;&gt;</a>&nbsp;&nbsp;&nbsp;vQueueWaitForMessageRestricted
<LI><a href="#[e7]">&gt;&gt;</a>&nbsp;&nbsp;&nbsp;xQueueSemaphoreTake
<LI><a href="#[e2]">&gt;&gt;</a>&nbsp;&nbsp;&nbsp;xQueueReceive
<LI><a href="#[e8]">&gt;&gt;</a>&nbsp;&nbsp;&nbsp;xQueueGenericSend
</UL>

<P><STRONG><a name="[d3]"></a>prvCopyDataToQueue</STRONG> (Thumb, 98 bytes, Stack size 16 bytes, queue.o(.text.prvCopyDataToQueue))
<BR><BR>[Stack]<UL><LI>Max Depth = 16<LI>Call Chain = prvCopyDataToQueue
</UL>
<BR>[Calls]<UL><LI><a href="#[5a]">&gt;&gt;</a>&nbsp;&nbsp;&nbsp;__aeabi_memcpy
</UL>
<BR>[Called By]<UL><LI><a href="#[ec]">&gt;&gt;</a>&nbsp;&nbsp;&nbsp;xQueueGenericSendFromISR
<LI><a href="#[e8]">&gt;&gt;</a>&nbsp;&nbsp;&nbsp;xQueueGenericSend
</UL>

<P><STRONG><a name="[d7]"></a>prvInitialiseNewTask</STRONG> (Thumb, 136 bytes, Stack size 32 bytes, tasks.o(.text.prvInitialiseNewTask))
<BR><BR>[Stack]<UL><LI>Max Depth = 32<LI>Call Chain = prvInitialiseNewTask
</UL>
<BR>[Calls]<UL><LI><a href="#[d8]">&gt;&gt;</a>&nbsp;&nbsp;&nbsp;vListInitialiseItem
<LI><a href="#[d5]">&gt;&gt;</a>&nbsp;&nbsp;&nbsp;__aeabi_assert
<LI><a href="#[d9]">&gt;&gt;</a>&nbsp;&nbsp;&nbsp;pxPortInitialiseStack
</UL>
<BR>[Called By]<UL><LI><a href="#[ba]">&gt;&gt;</a>&nbsp;&nbsp;&nbsp;xTaskCreateStatic
</UL>

<P><STRONG><a name="[ca]"></a>prvAddNewTaskToReadyList</STRONG> (Thumb, 296 bytes, Stack size 32 bytes, tasks.o(.text.prvAddNewTaskToReadyList))
<BR><BR>[Stack]<UL><LI>Max Depth = 32<LI>Call Chain = prvAddNewTaskToReadyList
</UL>
<BR>[Calls]<UL><LI><a href="#[cd]">&gt;&gt;</a>&nbsp;&nbsp;&nbsp;vPortExitCritical
<LI><a href="#[cb]">&gt;&gt;</a>&nbsp;&nbsp;&nbsp;vPortEnterCritical
<LI><a href="#[cc]">&gt;&gt;</a>&nbsp;&nbsp;&nbsp;vListInitialise
</UL>
<BR>[Called By]<UL><LI><a href="#[ba]">&gt;&gt;</a>&nbsp;&nbsp;&nbsp;xTaskCreateStatic
</UL>

<P><STRONG><a name="[d2]"></a>prvDeleteTCB</STRONG> (Thumb, 56 bytes, Stack size 8 bytes, tasks.o(.text.prvDeleteTCB))
<BR><BR>[Stack]<UL><LI>Max Depth = 112<LI>Call Chain = prvDeleteTCB &rArr; vPortFree &rArr; xTaskResumeAll &rArr; xTaskIncrementTick
</UL>
<BR>[Calls]<UL><LI><a href="#[d4]">&gt;&gt;</a>&nbsp;&nbsp;&nbsp;vPortFree
<LI><a href="#[d5]">&gt;&gt;</a>&nbsp;&nbsp;&nbsp;__aeabi_assert
</UL>
<BR>[Called By]<UL><LI><a href="#[d1]">&gt;&gt;</a>&nbsp;&nbsp;&nbsp;prvCheckTasksWaitingTermination
</UL>

<P><STRONG><a name="[c7]"></a>prvAddCurrentTaskToDelayedList</STRONG> (Thumb, 164 bytes, Stack size 32 bytes, tasks.o(.text.prvAddCurrentTaskToDelayedList))
<BR><BR>[Stack]<UL><LI>Max Depth = 40<LI>Call Chain = prvAddCurrentTaskToDelayedList &rArr; vListInsert
</UL>
<BR>[Calls]<UL><LI><a href="#[c8]">&gt;&gt;</a>&nbsp;&nbsp;&nbsp;uxListRemove
<LI><a href="#[c9]">&gt;&gt;</a>&nbsp;&nbsp;&nbsp;vListInsert
</UL>
<BR>[Called By]<UL><LI><a href="#[f6]">&gt;&gt;</a>&nbsp;&nbsp;&nbsp;vTaskPlaceOnEventListRestricted
<LI><a href="#[f7]">&gt;&gt;</a>&nbsp;&nbsp;&nbsp;vTaskPlaceOnEventList
<LI><a href="#[be]">&gt;&gt;</a>&nbsp;&nbsp;&nbsp;vTaskDelay
</UL>

<P><STRONG><a name="[28]"></a>prvIdleTask</STRONG> (Thumb, 46 bytes, Stack size 0 bytes, tasks.o(.text.prvIdleTask))
<BR><BR>[Stack]<UL><LI>Max Depth = 136<LI>Call Chain = prvIdleTask &rArr; prvCheckTasksWaitingTermination &rArr; prvDeleteTCB &rArr; vPortFree &rArr; xTaskResumeAll &rArr; xTaskIncrementTick
</UL>
<BR>[Calls]<UL><LI><a href="#[d1]">&gt;&gt;</a>&nbsp;&nbsp;&nbsp;prvCheckTasksWaitingTermination
<LI><a href="#[d6]">&gt;&gt;</a>&nbsp;&nbsp;&nbsp;vApplicationIdleHook
</UL>
<BR>[Address Reference Count : 1]<UL><LI> tasks.o(.text.vTaskStartScheduler)
</UL>
<P><STRONG><a name="[d1]"></a>prvCheckTasksWaitingTermination</STRONG> (Thumb, 78 bytes, Stack size 24 bytes, tasks.o(.text.prvCheckTasksWaitingTermination))
<BR><BR>[Stack]<UL><LI>Max Depth = 136<LI>Call Chain = prvCheckTasksWaitingTermination &rArr; prvDeleteTCB &rArr; vPortFree &rArr; xTaskResumeAll &rArr; xTaskIncrementTick
</UL>
<BR>[Calls]<UL><LI><a href="#[d2]">&gt;&gt;</a>&nbsp;&nbsp;&nbsp;prvDeleteTCB
<LI><a href="#[c8]">&gt;&gt;</a>&nbsp;&nbsp;&nbsp;uxListRemove
<LI><a href="#[cd]">&gt;&gt;</a>&nbsp;&nbsp;&nbsp;vPortExitCritical
<LI><a href="#[cb]">&gt;&gt;</a>&nbsp;&nbsp;&nbsp;vPortEnterCritical
</UL>
<BR>[Called By]<UL><LI><a href="#[28]">&gt;&gt;</a>&nbsp;&nbsp;&nbsp;prvIdleTask
</UL>

<P><STRONG><a name="[ce]"></a>prvCheckForValidListAndQueue</STRONG> (Thumb, 116 bytes, Stack size 24 bytes, timers.o(.text.prvCheckForValidListAndQueue))
<BR><BR>[Stack]<UL><LI>Max Depth = 72<LI>Call Chain = prvCheckForValidListAndQueue &rArr; xQueueGenericCreateStatic &rArr; xQueueGenericReset &rArr; xTaskRemoveFromEventList
</UL>
<BR>[Calls]<UL><LI><a href="#[d0]">&gt;&gt;</a>&nbsp;&nbsp;&nbsp;vQueueAddToRegistry
<LI><a href="#[cf]">&gt;&gt;</a>&nbsp;&nbsp;&nbsp;xQueueGenericCreateStatic
<LI><a href="#[cd]">&gt;&gt;</a>&nbsp;&nbsp;&nbsp;vPortExitCritical
<LI><a href="#[cb]">&gt;&gt;</a>&nbsp;&nbsp;&nbsp;vPortEnterCritical
<LI><a href="#[cc]">&gt;&gt;</a>&nbsp;&nbsp;&nbsp;vListInitialise
</UL>
<BR>[Called By]<UL><LI><a href="#[f9]">&gt;&gt;</a>&nbsp;&nbsp;&nbsp;xTimerCreateTimerTask
</UL>

<P><STRONG><a name="[29]"></a>prvTimerTask</STRONG> (Thumb, 384 bytes, Stack size 16 bytes, timers.o(.text.prvTimerTask))
<BR><BR>[Stack]<UL><LI>Max Depth = 144<LI>Call Chain = prvTimerTask &rArr; xQueueReceive &rArr; xTaskResumeAll &rArr; xTaskIncrementTick
</UL>
<BR>[Calls]<UL><LI><a href="#[e1]">&gt;&gt;</a>&nbsp;&nbsp;&nbsp;vQueueWaitForMessageRestricted
<LI><a href="#[e2]">&gt;&gt;</a>&nbsp;&nbsp;&nbsp;xQueueReceive
<LI><a href="#[c8]">&gt;&gt;</a>&nbsp;&nbsp;&nbsp;uxListRemove
<LI><a href="#[d4]">&gt;&gt;</a>&nbsp;&nbsp;&nbsp;vPortFree
<LI><a href="#[e0]">&gt;&gt;</a>&nbsp;&nbsp;&nbsp;xTaskResumeAll
<LI><a href="#[df]">&gt;&gt;</a>&nbsp;&nbsp;&nbsp;vTaskSuspendAll
<LI><a href="#[d5]">&gt;&gt;</a>&nbsp;&nbsp;&nbsp;__aeabi_assert
<LI><a href="#[dc]">&gt;&gt;</a>&nbsp;&nbsp;&nbsp;prvReloadTimer
<LI><a href="#[da]">&gt;&gt;</a>&nbsp;&nbsp;&nbsp;prvInsertTimerInActiveList
<LI><a href="#[db]">&gt;&gt;</a>&nbsp;&nbsp;&nbsp;prvProcessExpiredTimer
<LI><a href="#[dd]">&gt;&gt;</a>&nbsp;&nbsp;&nbsp;prvSampleTimeNow
</UL>
<BR>[Address Reference Count : 1]<UL><LI> timers.o(.text.xTimerCreateTimerTask)
</UL>
<P><STRONG><a name="[dd]"></a>prvSampleTimeNow</STRONG> (Thumb, 86 bytes, Stack size 24 bytes, timers.o(.text.prvSampleTimeNow))
<BR><BR>[Stack]<UL><LI>Max Depth = 72<LI>Call Chain = prvSampleTimeNow &rArr; prvProcessExpiredTimer &rArr; prvReloadTimer &rArr; prvInsertTimerInActiveList &rArr; vListInsert
</UL>
<BR>[Calls]<UL><LI><a href="#[db]">&gt;&gt;</a>&nbsp;&nbsp;&nbsp;prvProcessExpiredTimer
<LI><a href="#[de]">&gt;&gt;</a>&nbsp;&nbsp;&nbsp;xTaskGetTickCount
</UL>
<BR>[Called By]<UL><LI><a href="#[29]">&gt;&gt;</a>&nbsp;&nbsp;&nbsp;prvTimerTask
</UL>

<P><STRONG><a name="[db]"></a>prvProcessExpiredTimer</STRONG> (Thumb, 64 bytes, Stack size 16 bytes, timers.o(.text.prvProcessExpiredTimer))
<BR><BR>[Stack]<UL><LI>Max Depth = 48<LI>Call Chain = prvProcessExpiredTimer &rArr; prvReloadTimer &rArr; prvInsertTimerInActiveList &rArr; vListInsert
</UL>
<BR>[Calls]<UL><LI><a href="#[c8]">&gt;&gt;</a>&nbsp;&nbsp;&nbsp;uxListRemove
<LI><a href="#[dc]">&gt;&gt;</a>&nbsp;&nbsp;&nbsp;prvReloadTimer
</UL>
<BR>[Called By]<UL><LI><a href="#[dd]">&gt;&gt;</a>&nbsp;&nbsp;&nbsp;prvSampleTimeNow
<LI><a href="#[29]">&gt;&gt;</a>&nbsp;&nbsp;&nbsp;prvTimerTask
</UL>

<P><STRONG><a name="[da]"></a>prvInsertTimerInActiveList</STRONG> (Thumb, 64 bytes, Stack size 8 bytes, timers.o(.text.prvInsertTimerInActiveList))
<BR><BR>[Stack]<UL><LI>Max Depth = 16<LI>Call Chain = prvInsertTimerInActiveList &rArr; vListInsert
</UL>
<BR>[Calls]<UL><LI><a href="#[c9]">&gt;&gt;</a>&nbsp;&nbsp;&nbsp;vListInsert
</UL>
<BR>[Called By]<UL><LI><a href="#[dc]">&gt;&gt;</a>&nbsp;&nbsp;&nbsp;prvReloadTimer
<LI><a href="#[29]">&gt;&gt;</a>&nbsp;&nbsp;&nbsp;prvTimerTask
</UL>

<P><STRONG><a name="[dc]"></a>prvReloadTimer</STRONG> (Thumb, 46 bytes, Stack size 16 bytes, timers.o(.text.prvReloadTimer))
<BR><BR>[Stack]<UL><LI>Max Depth = 32<LI>Call Chain = prvReloadTimer &rArr; prvInsertTimerInActiveList &rArr; vListInsert
</UL>
<BR>[Calls]<UL><LI><a href="#[da]">&gt;&gt;</a>&nbsp;&nbsp;&nbsp;prvInsertTimerInActiveList
</UL>
<BR>[Called By]<UL><LI><a href="#[db]">&gt;&gt;</a>&nbsp;&nbsp;&nbsp;prvProcessExpiredTimer
<LI><a href="#[29]">&gt;&gt;</a>&nbsp;&nbsp;&nbsp;prvTimerTask
</UL>

<P><STRONG><a name="[b0]"></a>SystemRuntimeInit</STRONG> (Thumb, 90 bytes, Stack size 24 bytes, system.o(.text.SystemRuntimeInit))
<BR><BR>[Stack]<UL><LI>Max Depth = 24<LI>Call Chain = SystemRuntimeInit
</UL>
<BR>[Calls]<UL><LI><a href="#[54]">&gt;&gt;</a>&nbsp;&nbsp;&nbsp;__aeabi_memclr4
<LI><a href="#[77]">&gt;&gt;</a>&nbsp;&nbsp;&nbsp;__aeabi_memcpy4
</UL>
<BR>[Called By]<UL><LI><a href="#[ac]">&gt;&gt;</a>&nbsp;&nbsp;&nbsp;SystemInit
</UL>

<P><STRONG><a name="[a7]"></a>r_canfd_mode_transition</STRONG> (Thumb, 300 bytes, Stack size 16 bytes, r_canfd.o(.text.r_canfd_mode_transition))
<BR><BR>[Stack]<UL><LI>Max Depth = 16<LI>Call Chain = r_canfd_mode_transition
</UL>
<BR>[Called By]<UL><LI><a href="#[51]">&gt;&gt;</a>&nbsp;&nbsp;&nbsp;R_CANFD_Open
</UL>

<P><STRONG><a name="[b8]"></a>r_canfd_mb_read</STRONG> (Thumb, 144 bytes, Stack size 8 bytes, r_canfd.o(.text.r_canfd_mb_read))
<BR><BR>[Stack]<UL><LI>Max Depth = 8<LI>Call Chain = r_canfd_mb_read
</UL>
<BR>[Called By]<UL><LI><a href="#[d]">&gt;&gt;</a>&nbsp;&nbsp;&nbsp;canfd_common_fifo_rx_isr
<LI><a href="#[e]">&gt;&gt;</a>&nbsp;&nbsp;&nbsp;canfd_rx_fifo_isr
</UL>

<P><STRONG><a name="[a8]"></a>r_dtc_set_info</STRONG> (Thumb, 68 bytes, Stack size 0 bytes, r_dtc.o(.text.r_dtc_set_info))
<BR><BR>[Called By]<UL><LI><a href="#[2c]">&gt;&gt;</a>&nbsp;&nbsp;&nbsp;R_DTC_Reconfigure
<LI><a href="#[2b]">&gt;&gt;</a>&nbsp;&nbsp;&nbsp;R_DTC_Open
</UL>

<P><STRONG><a name="[a9]"></a>r_ioport_pins_config</STRONG> (Thumb, 192 bytes, Stack size 16 bytes, r_ioport.o(.text.r_ioport_pins_config))
<BR><BR>[Stack]<UL><LI>Max Depth = 64<LI>Call Chain = r_ioport_pins_config &rArr; bsp_vbatt_init &rArr; R_BSP_RegisterProtectDisable
</UL>
<BR>[Calls]<UL><LI><a href="#[b7]">&gt;&gt;</a>&nbsp;&nbsp;&nbsp;bsp_vbatt_init
</UL>
<BR>[Called By]<UL><LI><a href="#[a6]">&gt;&gt;</a>&nbsp;&nbsp;&nbsp;R_IOPORT_Open
</UL>

<P><STRONG><a name="[b7]"></a>bsp_vbatt_init</STRONG> (Thumb, 204 bytes, Stack size 40 bytes, r_ioport.o(.text.bsp_vbatt_init))
<BR><BR>[Stack]<UL><LI>Max Depth = 48<LI>Call Chain = bsp_vbatt_init &rArr; R_BSP_RegisterProtectDisable
</UL>
<BR>[Calls]<UL><LI><a href="#[a1]">&gt;&gt;</a>&nbsp;&nbsp;&nbsp;R_BSP_SoftwareDelay
<LI><a href="#[a3]">&gt;&gt;</a>&nbsp;&nbsp;&nbsp;R_BSP_RegisterProtectEnable
<LI><a href="#[a2]">&gt;&gt;</a>&nbsp;&nbsp;&nbsp;R_BSP_RegisterProtectDisable
</UL>
<BR>[Called By]<UL><LI><a href="#[a9]">&gt;&gt;</a>&nbsp;&nbsp;&nbsp;r_ioport_pins_config
</UL>

<P><STRONG><a name="[ab]"></a>r_sci_uart_transfer_configure</STRONG> (Thumb, 66 bytes, Stack size 8 bytes, r_sci_uart.o(.text.r_sci_uart_transfer_configure))
<BR><BR>[Stack]<UL><LI>Max Depth = 8<LI>Call Chain = r_sci_uart_transfer_configure
</UL>
<BR>[Called By]<UL><LI><a href="#[aa]">&gt;&gt;</a>&nbsp;&nbsp;&nbsp;R_SCI_UART_Open
</UL>

<P><STRONG><a name="[e9]"></a>r_sci_uart_call_callback</STRONG> (Thumb, 64 bytes, Stack size 32 bytes, r_sci_uart.o(.text.r_sci_uart_call_callback))
<BR><BR>[Stack]<UL><LI>Max Depth = 32<LI>Call Chain = r_sci_uart_call_callback
</UL>
<BR>[Called By]<UL><LI><a href="#[12]">&gt;&gt;</a>&nbsp;&nbsp;&nbsp;sci_uart_eri_isr
<LI><a href="#[11]">&gt;&gt;</a>&nbsp;&nbsp;&nbsp;sci_uart_tei_isr
<LI><a href="#[f]">&gt;&gt;</a>&nbsp;&nbsp;&nbsp;sci_uart_rxi_isr
<LI><a href="#[10]">&gt;&gt;</a>&nbsp;&nbsp;&nbsp;sci_uart_txi_isr
</UL>

<P><STRONG><a name="[26]"></a>prvTaskExitError</STRONG> (Thumb, 6 bytes, Stack size 0 bytes, port.o(.text.prvTaskExitError))
<BR>[Address Reference Count : 1]<UL><LI> port.o(.text.pxPortInitialiseStack)
</UL>
<P><STRONG><a name="[24]"></a>daemon_task_func</STRONG> (Thumb, 18 bytes, Stack size 8 bytes, daemon_task.o(.text.daemon_task_func))
<BR><BR>[Stack]<UL><LI>Max Depth = 160<LI>Call Chain = daemon_task_func &rArr; rtos_startup_common_init &rArr; xQueueGenericSend &rArr; xTaskResumeAll &rArr; xTaskIncrementTick
</UL>
<BR>[Calls]<UL><LI><a href="#[bc]">&gt;&gt;</a>&nbsp;&nbsp;&nbsp;daemon_task_entry
<LI><a href="#[bf]">&gt;&gt;</a>&nbsp;&nbsp;&nbsp;rtos_startup_common_init
</UL>
<BR>[Address Reference Count : 1]<UL><LI> daemon_task.o(.text.daemon_task_create)
</UL>
<P><STRONG><a name="[25]"></a>motor_ctrl_task_func</STRONG> (Thumb, 18 bytes, Stack size 8 bytes, motor_ctrl_task.o(.text.motor_ctrl_task_func))
<BR><BR>[Stack]<UL><LI>Max Depth = 1232<LI>Call Chain = motor_ctrl_task_func &rArr; motor_ctrl_task_entry &rArr; Dummy_Motormatic_Task &rArr; Kinematic_SolveIK &rArr; Moveit_Inverse_Kinematics_From_Pose &rArr; __hardfp_sin &rArr; __ieee754_rem_pio2 &rArr; __aeabi_dsub &rArr; __aeabi_dadd &rArr; _double_epilogue &rArr; _double_round
</UL>
<BR>[Calls]<UL><LI><a href="#[c6]">&gt;&gt;</a>&nbsp;&nbsp;&nbsp;motor_ctrl_task_entry
<LI><a href="#[bf]">&gt;&gt;</a>&nbsp;&nbsp;&nbsp;rtos_startup_common_init
</UL>
<BR>[Address Reference Count : 1]<UL><LI> motor_ctrl_task.o(.text.motor_ctrl_task_create)
</UL>
<P><STRONG><a name="[27]"></a>robot_task_func</STRONG> (Thumb, 18 bytes, Stack size 8 bytes, robot_task.o(.text.robot_task_func))
<BR><BR>[Stack]<UL><LI>Max Depth = 160<LI>Call Chain = robot_task_func &rArr; rtos_startup_common_init &rArr; xQueueGenericSend &rArr; xTaskResumeAll &rArr; xTaskIncrementTick
</UL>
<BR>[Calls]<UL><LI><a href="#[e6]">&gt;&gt;</a>&nbsp;&nbsp;&nbsp;robot_task_entry
<LI><a href="#[bf]">&gt;&gt;</a>&nbsp;&nbsp;&nbsp;rtos_startup_common_init
</UL>
<BR>[Address Reference Count : 1]<UL><LI> robot_task.o(.text.robot_task_create)
</UL><P>
<H3>
Undefined Global Symbols
</H3><HR></body></html>
