Component: Arm Compiler for Embedded 6.23 Tool: armlink [5f102400]

==============================================================================

Section Cross References

    hal_warmstart.o(.text.R_BSP_WarmStart) refers to common_data.o(.bss.g_ioport_ctrl) for g_ioport_ctrl
    hal_warmstart.o(.text.R_BSP_WarmStart) refers to pin_data.o(.rodata.g_bsp_pin_cfg) for g_bsp_pin_cfg
    hal_warmstart.o(.text.R_BSP_WarmStart) refers to r_ioport.o(.text.R_IOPORT_Open) for R_IOPORT_Open
    hal_warmstart.o(.ARM.exidx.text.R_BSP_WarmStart) refers to hal_warmstart.o(.text.R_BSP_WarmStart) for [Anonymous Symbol]
    robot_task_entry.o(.text.robot_task_entry) refers to dummy_cmd.o(.text.DummyCmd_Init) for DummyCmd_Init
    robot_task_entry.o(.text.robot_task_entry) refers to dummy_motormatic.o(.text.Dummy_Motormatic_Init) for Dummy_Motormatic_Init
    robot_task_entry.o(.text.robot_task_entry) refers to dummy_cmd.o(.text.DummyCmd_Task) for DummyCmd_Task
    robot_task_entry.o(.text.robot_task_entry) refers to dummy_motormatic.o(.text.Dummy_Motormatic_Task) for Dummy_Motormatic_Task
    robot_task_entry.o(.text.robot_task_entry) refers to tasks.o(.text.vTaskDelay) for vTaskDelay
    robot_task_entry.o(.ARM.exidx.text.robot_task_entry) refers to robot_task_entry.o(.text.robot_task_entry) for [Anonymous Symbol]
    daemon_task_entry.o(.text.daemon_task_entry) refers to daemon.o(.text.DaemonTask) for DaemonTask
    daemon_task_entry.o(.text.daemon_task_entry) refers to tasks.o(.text.vTaskDelay) for vTaskDelay
    daemon_task_entry.o(.ARM.exidx.text.daemon_task_entry) refers to daemon_task_entry.o(.text.daemon_task_entry) for [Anonymous Symbol]
    motor_ctrl_task_entry.o(.text.motor_ctrl_task_entry) refers to rs_motor.o(.text.RSMotorControl) for RSMotorControl
    motor_ctrl_task_entry.o(.text.motor_ctrl_task_entry) refers to dji_motor.o(.text.DJIMotorControl) for DJIMotorControl
    motor_ctrl_task_entry.o(.text.motor_ctrl_task_entry) refers to tasks.o(.text.vTaskDelay) for vTaskDelay
    motor_ctrl_task_entry.o(.ARM.exidx.text.motor_ctrl_task_entry) refers to motor_ctrl_task_entry.o(.text.motor_ctrl_task_entry) for [Anonymous Symbol]
    bsp_can.o(.text.BSP_CAN_Init) refers to bsp_can.o(.bss.can_idx) for can_idx
    bsp_can.o(.text.BSP_CAN_Init) refers to bsp_can.o(.bss.can0_instance) for can0_instance
    bsp_can.o(.text.BSP_CAN_Init) refers to calloc.o(.text) for calloc
    bsp_can.o(.text.BSP_CAN_Init) refers to bsp_can.o(.bss.can_instance) for can_instance
    bsp_can.o(.text.BSP_CAN_Init) refers to r_canfd.o(.text.R_CANFD_Open) for R_CANFD_Open
    bsp_can.o(.ARM.exidx.text.BSP_CAN_Init) refers to bsp_can.o(.text.BSP_CAN_Init) for [Anonymous Symbol]
    bsp_can.o(.text.CANRegister) refers to bsp_can.o(.text.BSP_CAN_Init) for BSP_CAN_Init
    bsp_can.o(.ARM.exidx.text.CANRegister) refers to bsp_can.o(.text.CANRegister) for [Anonymous Symbol]
    bsp_can.o(.ARM.exidx.text.CANSetDLC) refers to bsp_can.o(.text.CANSetDLC) for [Anonymous Symbol]
    bsp_can.o(.text.can_callback) refers to bsp_can.o(.bss.can_idx) for can_idx
    bsp_can.o(.text.can_callback) refers to bsp_can.o(.bss.can_instance) for can_instance
    bsp_can.o(.text.can_callback) refers to memcpya.o(.text) for __aeabi_memcpy4
    bsp_can.o(.ARM.exidx.text.can_callback) refers to bsp_can.o(.text.can_callback) for [Anonymous Symbol]
    bsp_can.o(.text.CANTransmit) refers to memcpya.o(.text) for __aeabi_memcpy
    bsp_can.o(.text.CANTransmit) refers to r_canfd.o(.text.R_CANFD_Write) for R_CANFD_Write
    bsp_can.o(.ARM.exidx.text.CANTransmit) refers to bsp_can.o(.text.CANTransmit) for [Anonymous Symbol]
    bsp_gpio.o(.text.LED_Set) refers to common_data.o(.bss.g_ioport_ctrl) for g_ioport_ctrl
    bsp_gpio.o(.text.LED_Set) refers to r_ioport.o(.text.R_IOPORT_PinWrite) for R_IOPORT_PinWrite
    bsp_gpio.o(.ARM.exidx.text.LED_Set) refers to bsp_gpio.o(.text.LED_Set) for [Anonymous Symbol]
    bsp_gpio.o(.text.Buzzer_Set) refers to common_data.o(.bss.g_ioport_ctrl) for g_ioport_ctrl
    bsp_gpio.o(.text.Buzzer_Set) refers to r_ioport.o(.text.R_IOPORT_PinWrite) for R_IOPORT_PinWrite
    bsp_gpio.o(.ARM.exidx.text.Buzzer_Set) refers to bsp_gpio.o(.text.Buzzer_Set) for [Anonymous Symbol]
    bsp_gpio.o(.text.WIFI_Weakmode_Set) refers to common_data.o(.bss.g_ioport_ctrl) for g_ioport_ctrl
    bsp_gpio.o(.text.WIFI_Weakmode_Set) refers to r_ioport.o(.text.R_IOPORT_PinWrite) for R_IOPORT_PinWrite
    bsp_gpio.o(.ARM.exidx.text.WIFI_Weakmode_Set) refers to bsp_gpio.o(.text.WIFI_Weakmode_Set) for [Anonymous Symbol]
    bsp_gpio.o(.text.WIFI_Reset_Set) refers to bsp_delay.o(.text.R_BSP_SoftwareDelay) for R_BSP_SoftwareDelay
    bsp_gpio.o(.ARM.exidx.text.WIFI_Reset_Set) refers to bsp_gpio.o(.text.WIFI_Reset_Set) for [Anonymous Symbol]
    bsp_uart.o(.text.USARTRegister) refers to bsp_uart.o(.bss.idx) for idx
    bsp_uart.o(.text.USARTRegister) refers to calloc.o(.text) for calloc
[...]

    Exec Addr    Load Addr    Size         Type   Attr      Idx    E Section Name        Object

    0x20005800        -       0x00000000   Zero   RW           46    .ram.endof.bss      anon$$obj.o


    Execution Region __RAM_end (Exec base: 0x20005800, Load base: 0x00000210, Size: 0x00000000, Max: 0x00000000, ABSOLUTE)

    Exec Addr    Load Addr    Size         Type   Attr      Idx    E Section Name        Object

    0x20005800        -       0x00000000   Zero   RW           47    __RAM_end.bss       anon$$obj.o


    Execution Region __ospi0_cs0_from_data_flash_jump (Exec base: 0x68000000, Load base: 0x000000a4, Size: 0x00000000, Max: 0x00000000, ABSOLUTE)

    Exec Addr    Load Addr    Size         Type   Attr      Idx    E Section Name        Object

    0x68000000        -       0x00000000   Zero   RW           37    __ospi0_cs0_from_data_flash_jump.bss  anon$$obj.o


    Execution Region __ospi0_cs0_from_flash (Exec base: 0x68000000, Load base: 0x000000a4, Size: 0x00000000, Max: 0xffffffff, ABSOLUTE)

    **** No section assigned to this execution region ****


    Execution Region __ospi0_cs0_noinit_nocache (Exec base: 0x68000000, Load base: 0x000000a4, Size: 0x00000000, Max: 0xffffffff, ABSOLUTE, UNINIT)

    **** No section assigned to this execution region ****


    Execution Region __ospi0_cs0_zero_nocache (Exec base: 0x68000000, Load base: 0x000000a4, Size: 0x00000000, Max: 0xffffffff, ABSOLUTE)

    **** No section assigned to this execution region ****


    Execution Region __ospi0_cs0_zero_nocache_pad (Exec base: 0x68000000, Load base: 0x000000a4, Size: 0x00000000, Max: 0x00000000, ABSOLUTE)

    Exec Addr    Load Addr    Size         Type   Attr      Idx    E Section Name        Object

    0x68000000        -       0x00000000   Zero   RW           38    __ospi0_cs0_zero_nocache_pad.bss  anon$$obj.o


    Execution Region __ospi0_cs0_noinit (Exec base: 0x68000000, Load base: 0x000000a4, Size: 0x00000000, Max: 0xffffffff, ABSOLUTE, UNINIT)

    **** No section assigned to this execution region ****


    Execution Region __ospi0_cs0_zero (Exec base: 0x68000000, Load base: 0x000000a4, Size: 0x00000000, Max: 0xffffffff, ABSOLUTE)

    **** No section assigned to this execution region ****


    Execution Region __ddsc_OSPI0_CS0_END (Exec base: 0x68000000, Load base: 0x000000a4, Size: 0x00000000, Max: 0x00000000, ABSOLUTE)

    Exec Addr    Load Addr    Size         Type   Attr      Idx    E Section Name        Object

    0x68000000        -       0x00000000   Zero   RW           39    __ddsc_OSPI0_CS0_END.bss  anon$$obj.o


    Execution Region .ospi0_cs0.endof (Exec base: 0x68000000, Load base: 0x000000a4, Size: 0x00000000, Max: 0x00000000, ABSOLUTE)

    Exec Addr    Load Addr    Size         Type   Attr      Idx    E Section Name        Object

    0x68000000        -       0x00000000   Zero   RW           40    .ospi0_cs0.endof.bss  anon$$obj.o


    Execution Region __OSPI0_CS0_end (Exec base: 0x68000000, Load base: 0x000000a4, Size: 0x00000000, Max: 0x00000000, ABSOLUTE)

    Exec Addr    Load Addr    Size         Type   Attr      Idx    E Section Name        Object

    0x68000000        -       0x00000000   Zero   RW           41    __OSPI0_CS0_end.bss  anon$$obj.o



  Load Region LOAD_REGION_FLASH_JUMP (Base: 0x00000210, Size: 0x0000c42c, Max: 0xffffffff, ABSOLUTE)

    Execution Region __flash_readonly (Exec base: 0x00000210, Load base: 0x00000210, Size: 0x0000c42c, Max: 0xffffffff, ABSOLUTE, FIXED)

    Exec Addr    Load Addr    Size         Type   Attr      Idx    E Section Name        Object

    0x00000210   0x00000210   0x00000024   Code   RO         2521    .text               mc_w.l(memcpya.o)
    0x00000234   0x00000234   0x00000024   Code   RO         2523    .text               mc_w.l(memseta.o)
    0x00000258   0x00000258   0x0000001c   Code   RO         2525    .text               mc_w.l(strcmp.o)
    0x00000274   0x00000274   0x00000012   Code   RO         2527    .text               mc_w.l(strcpy.o)
    0x00000286   0x00000286   0x00000016   Code   RO         2531    .text               mc_w.l(strnlen.o)
    0x0000029c   0x0000029c   0x0000001c   Code   RO         2561    .text               mc_w.l(calloc.o)
    0x000002b8   0x000002b8   0x0000014e   Code   RO         2563    .text               mf_w.l(dadd.o)
    0x00000406   0x00000406   0x000000e4   Code   RO         2565    .text               mf_w.l(dmul.o)
    0x000004ea   0x000004ea   0x000000de   Code   RO         2567    .text               mf_w.l(ddiv.o)
    0x000005c8   0x000005c8   0x00000036   Code   RO         2569    .text               mf_w.l(dcmple.o)
    0x000005fe   0x000005fe   0x00000036   Code   RO         2571    .text               mf_w.l(dcmplt.o)
    0x00000634   0x00000634   0x00000036   Code   RO         2573    .text               mf_w.l(dcmpge.o)
    0x0000066a   0x0000066a   0x00000036   Code   RO         2575    .text               mf_w.l(dcmpgt.o)
    0x000006a0   0x000006a0   0x0000001a   Code   RO         2579    .text               mf_w.l(dfltui.o)
    0x000006ba   0x000006ba   0x00000026   Code   RO         2581    .text               mf_w.l(f2d.o)
    0x000006e0   0x000006e0   0x00000038   Code   RO         2583    .text               mf_w.l(d2f.o)
    0x00000718   0x00000718   0x0000001e   Code   RO         2643    .text               mc_w.l(llshl.o)
    0x00000736   0x00000736   0x00000020   Code   RO         2645    .text               mc_w.l(llushr.o)
    0x00000756   0x00000756   0x00000024   Code   RO         2647    .text               mc_w.l(llsshr.o)
    0x0000077a   0x0000077a   0x00000000   Code   RO         2658    .text               mc_w.l(iusefp.o)
    0x0000077a   0x0000077a   0x0000006e   Code   RO         2659    .text               mf_w.l(fepilogue.o)
    0x000007e8   0x000007e8   0x000000ba   Code   RO         2661    .text               mf_w.l(depilogue.o)
    0x000008a2   0x000008a2   0x000000a2   Code   RO         2665    .text               mf_w.l(dsqrt.o)
    0x00000944   0x00000944   0x00000030   Code   RO         2667    .text               mf_w.l(cdcmple.o)
    0x00000974   0x00000974   0x00000022   Code   RO         2673    .text               mf_w.l(dflti.o)
    0x00000996   0x00000996   0x0000003e   Code   RO         2675    .text               mf_w.l(dfixi.o)
    0x000009d4   0x000009d4   0x00000080   Code   RO          180    .text.BSP_CAN_Init  bsp_can.o
    0x00000a54   0x00000a54   0x0000003e   Code   RO          488    .text.BT_Init       bluetooth.o
    0x00000a92   0x00000a92   0x00000002   PAD
    0x00000a94   0x00000a94   0x000000dc   Code   RO          490    .text.BT_RxCallback  bluetooth.o
    0x00000b70   0x00000b70   0x0000003c   Code   RO          492    .text.BT_SendData   bluetooth.o
    0x00000bac   0x00000bac   0x0000006a   Code   RO          667    .text.Bt_Set_FeedData  dummy_cmd.o
    0x00000c16   0x00000c16   0x00000004   Code   RO          182    .text.CANRegister   bsp_can.o
    0x00000c1a   0x00000c1a   0x0000003e   Code   RO          188    .text.CANTransmit   bsp_can.o
    0x00000c58   0x00000c58   0x00000258   Code   RO          417    .text.Controller_DeltaFK_Internal  dummy_kinematic_v2.o
    0x00000eb0   0x00000eb0   0x0000006e   Code   RO          690    .text.Controller_Motor_Enable  dummy_motormatic.o
    0x00000f1e   0x00000f1e   0x00000002   PAD
    0x00000f20   0x00000f20   0x000001b0   Code   RO          581    .text.DJIMotorControl  dji_motor.o
    0x000010d0   0x000010d0   0x0000000a   Code   RO          569    .text.DJIMotorEnable  dji_motor.o
    0x000010da   0x000010da   0x0000018a   Code   RO          563    .text.DJIMotorInit  dji_motor.o
    0x00001264   0x00001264   0x0000000a   Code   RO          567    .text.DJIMotorLostCallback  dji_motor.o
    0x0000126e   0x0000126e   0x00000008   Code   RO          579    .text.DJIMotorSetRef  dji_motor.o
    0x00001276   0x00001276   0x0000000a   Code   RO          573    .text.DJIMotorStop  dji_motor.o
    0x00001280   0x00001280   0x00000008   Code   RO          577    .text.DJiMotorSetMode  dji_motor.o
    0x00001288   0x00001288   0x00000208   Code   RO          645    .text.DM_IMU_Decode  dm_imu.o
    0x00001490   0x00001490   0x0000007e   Code   RO          641    .text.DM_IMU_Init   dm_imu.o
    0x0000150e   0x0000150e   0x0000004a   Code   RO          236    .text.DWT_CNT_Update  bsp_dwt.o
    0x00001558   0x00001558   0x00000036   Code   RO          252    .text.DWT_Delay     bsp_dwt.o
    0x0000158e   0x0000158e   0x0000004a   Code   RO          240    .text.DWT_GetDeltaT  bsp_dwt.o
    0x000015d8   0x000015d8   0x0000007e   Code   RO          234    .text.DWT_Init      bsp_dwt.o
    0x00001656   0x00001656   0x00000058   Code   RO          328    .text.DaemonRegister  daemon.o
    0x000016ae   0x000016ae   0x0000000c   Code   RO          330    .text.DaemonReload  daemon.o
    0x000016ba   0x000016ba   0x00000002   PAD
    0x000016bc   0x000016bc   0x0000004e   Code   RO          334    .text.DaemonTask    daemon.o
    0x0000170a   0x0000170a   0x00000002   PAD
    0x0000170c   0x0000170c   0x000000f0   Code   RO          565    .text.DecodeDJIMotor  dji_motor.o
    0x000017fc   0x000017fc   0x000000e4   Code   RO          607    .text.DecodeRSMotor  rs_motor.o
    0x000018e0   0x000018e0   0x00000004   Code   RO         1131    .text.Default_Handler  startup.o
    0x000018e4   0x000018e4   0x000000a0   Code   RO          659    .text.DummyCmd_Init  dummy_cmd.o
    0x00001984   0x00001984   0x0000003e   Code   RO          661    .text.DummyCmd_Task  dummy_cmd.o
    0x000019c2   0x000019c2   0x00000002   PAD
    0x000019c4   0x000019c4   0x00000444   Code   RO          686    .text.Dummy_Motormatic_Init  dummy_motormatic.o
    0x00001e08   0x00001e08   0x000003cc   Code   RO          688    .text.Dummy_Motormatic_Task  dummy_motormatic.o
    0x000021d4   0x000021d4   0x0000001a   Code   RO          464    .text.HostLostCallback  vision.o
    0x000021ee   0x000021ee   0x00000002   PAD
    0x000021f0   0x000021f0   0x000000fc   Code   RO          462    .text.HostRxCallback  vision.o
    0x000022ec   0x000022ec   0x00000008   Code   RO          643    .text.IMUCANLostCallback  dm_imu.o
    0x000022f4   0x000022f4   0x00000042   Code   RO          647    .text.IMU_Data_Request  dm_imu.o
    0x00002336   0x00002336   0x00000010   Code   RO          635    .text.IMU_Euler_Set_Zeros  dm_imu.o
    0x00002346   0x00002346   0x00000006   Code   RO          637    .text.IMU_Mode_Set  dm_imu.o
    0x0000234c   0x0000234c   0x00000004   PAD
    0x00002350   0x00002350   0x00000f2a   Code   RO          435    .text.Inverse_Kinematics_From_Rotation_Matrix  dummy_kinematic_v2.o
    0x0000327a   0x0000327a   0x00000006   PAD
    0x00003280   0x00003280   0x00000210   Code   RO          447    .text.Kinematic_Add_IK_Solution  dummy_kinematic_v2.o
    0x00003490   0x00003490   0x00000032   Code   RO          425    .text.Kinematic_Build_Pose  dummy_kinematic_v2.o
    0x000034c2   0x000034c2   0x00000002   PAD
    0x000034c4   0x000034c4   0x000000e0   Code   RO          423    .text.Kinematic_Build_Rotation_ZYX  dummy_kinematic_v2.o
    0x000035a4   0x000035a4   0x00000254   Code   RO          427    .text.Kinematic_ControllerFK  dummy_kinematic_v2.o
    0x000037f8   0x000037f8   0x000006f4   Code   RO          419    .text.Kinematic_ControllerGravityCompensation  dummy_kinematic_v2.o
    0x00003eec   0x00003eec   0x00000056   Code   RO          439    .text.Kinematic_IKAngle_To_Motor  dummy_kinematic_v2.o
    0x00003f42   0x00003f42   0x00000006   PAD
    0x00003f48   0x00003f48   0x00000088   Code   RO          413    .text.Kinematic_Init  dummy_kinematic_v2.o
    0x00003fd0   0x00003fd0   0x0000015a   Code   RO          443    .text.Kinematic_Limit_Motor_Angle  dummy_kinematic_v2.o
    0x0000412a   0x0000412a   0x00000006   PAD
    0x00004130   0x00004130   0x00000520   Code   RO          437    .text.Kinematic_Select_Best_Sol  dummy_kinematic_v2.o
    0x00004650   0x00004650   0x00000390   Code   RO          445    .text.Kinematic_SolveIK_To_Motor  dummy_kinematic_v2.o
    0x000049e0   0x000049e0   0x0000006c   Code   RO          365    .text.MCControlInit  mc6c.o
    0x00004a4c   0x00004a4c   0x00000020   Code   RO          369    .text.MCLostCallback  mc6c.o
    0x00004a6c   0x00004a6c   0x00000240   Code   RO          367    .text.MCRxCallback  mc6c.o
    0x00004cac   0x00004cac   0x000002d4   Code   RO          663    .text.MC_Remote_Ctrl  dummy_cmd.o
    0x00004f80   0x00004f80   0x00000044   Code   RO         1220    .text.NMI_Handler   bsp_group_irq.o
    0x00004fc4   0x00004fc4   0x00000004   PAD
    0x00004fc8   0x00004fc8   0x000000b8   Code   RO          449    .text.Normalize_Angle  dummy_kinematic_v2.o
    0x00005080   0x00005080   0x000002a0   Code   RO          310    .text.PIDCalculate  controller.o
    0x00005320   0x00005320   0x0000004a   Code   RO          308    .text.PIDInit       controller.o
    0x0000536a   0x0000536a   0x00000002   PAD
    0x0000536c   0x0000536c   0x00000044   Code   RO         2274    .text.PendSV_Handler  port.o
    0x000053b0   0x000053b0   0x00000300   Code   RO          433    .text.Pose_To_Vector_Rotation  dummy_kinematic_v2.o
    0x000056b0   0x000056b0   0x0000003c   Code   RO          352    .text.PubPushMessage  message_center.o
    0x000056ec   0x000056ec   0x0000005c   Code   RO          346    .text.PubRegister   message_center.o
    0x00005748   0x00005748   0x0000001c   Code   RO          597    .text.RSMotorCaliEncoder  rs_motor.o
    0x00005764   0x00005764   0x0000016c   Code   RO          621    .text.RSMotorControl  rs_motor.o
    0x000058d0   0x000058d0   0x0000000a   Code   RO          611    .text.RSMotorEnable  rs_motor.o
    0x000058da   0x000058da   0x00000002   PAD
    0x000058dc   0x000058dc   0x00000100   Code   RO          605    .text.RSMotorInit   rs_motor.o
    0x000059dc   0x000059dc   0x0000000e   Code   RO          609    .text.RSMotorLostCallback  rs_motor.o
    0x000059ea   0x000059ea   0x0000002c   Code   RO          599    .text.RSMotorSetMode  rs_motor.o
    0x00005a16   0x00005a16   0x00000008   Code   RO          613    .text.RSMotorSetRef  rs_motor.o
    0x00005a1e   0x00005a1e   0x0000000a   Code   RO          617    .text.RSMotorStop   rs_motor.o
    0x00005a28   0x00005a28   0x0000007a   Code   RO         1178    .text.R_BSP_Init_RTC  bsp_clocks.o
    0x00005aa2   0x00005aa2   0x0000004e   Code   RO         1254    .text.R_BSP_RegisterProtectDisable  bsp_register_protection.o
    0x00005af0   0x00005af0   0x00000052   Code   RO         1252    .text.R_BSP_RegisterProtectEnable  bsp_register_protection.o
    0x00005b42   0x00005b42   0x00000084   Code   RO         1206    .text.R_BSP_SoftwareDelay  bsp_delay.o
    0x00005bc6   0x00005bc6   0x00000002   Code   RO         1172    .text.R_BSP_SubClockStabilizeWaitAfterReset  bsp_clocks.o
    0x00005bc8   0x00005bc8   0x0000001a   Code   RO          145    .text.R_BSP_WarmStart  hal_warmstart.o
    0x00005be2   0x00005be2   0x00000002   PAD
    0x00005be4   0x00005be4   0x00000360   Code   RO         1319    .text.R_CANFD_Open  r_canfd.o
    0x00005f44   0x00005f44   0x0000012e   Code   RO         1321    .text.R_CANFD_Write  r_canfd.o
    0x00006072   0x00006072   0x00000004   Code   RO         1375    .text.R_DTC_CallbackSet  r_dtc.o
    0x00006076   0x00006076   0x0000002c   Code   RO         1371    .text.R_DTC_Close   r_dtc.o
    0x000060a2   0x000060a2   0x0000001a   Code   RO         1363    .text.R_DTC_Disable  r_dtc.o
    0x000060bc   0x000060bc   0x0000001a   Code   RO         1361    .text.R_DTC_Enable  r_dtc.o
    0x000060d6   0x000060d6   0x0000004a   Code   RO         1369    .text.R_DTC_InfoGet  r_dtc.o
    0x00006120   0x00006120   0x00000084   Code   RO         1355    .text.R_DTC_Open    r_dtc.o
    0x000061a4   0x000061a4   0x00000046   Code   RO         1357    .text.R_DTC_Reconfigure  r_dtc.o
    0x000061ea   0x000061ea   0x00000004   Code   RO         1373    .text.R_DTC_Reload  r_dtc.o
    0x000061ee   0x000061ee   0x00000002   PAD
    0x000061f0   0x000061f0   0x00000088   Code   RO         1359    .text.R_DTC_Reset   r_dtc.o
    0x00006278   0x00006278   0x00000004   Code   RO         1365    .text.R_DTC_SoftwareStart  r_dtc.o
    0x0000627c   0x0000627c   0x00000004   Code   RO         1367    .text.R_DTC_SoftwareStop  r_dtc.o
    0x00006280   0x00006280   0x00000016   Code   RO         1390    .text.R_IOPORT_Open  r_ioport.o
    0x00006296   0x00006296   0x00000002   PAD
    0x00006298   0x00006298   0x00000078   Code   RO         1439    .text.R_SCI_UART_Abort  r_sci_uart.o
    0x00006310   0x00006310   0x000000c8   Code   RO         1443    .text.R_SCI_UART_Close  r_sci_uart.o
    0x000063d8   0x000063d8   0x000003b4   Code   RO         1429    .text.R_SCI_UART_Open  r_sci_uart.o
    0x0000678c   0x0000678c   0x00000036   Code   RO         1431    .text.R_SCI_UART_Read  r_sci_uart.o
    0x000067c2   0x000067c2   0x0000007e   Code   RO         1433    .text.R_SCI_UART_Write  r_sci_uart.o
    0x00006840   0x00006840   0x0000000a   Code   RO         1129  * .text.Reset_Handler  startup.o
    0x0000684a   0x0000684a   0x00000002   PAD
    0x0000684c   0x0000684c   0x00000018   Code   RO         2272    .text.SVC_Handler   port.o
    0x00006864   0x00006864   0x000000e6   Code   RO          692    .text.Solve_IK_And_Fill_Feedback  dummy_motormatic.o
    0x0000694a   0x0000694a   0x00000028   Code   RO          350    .text.SubGetMessage  message_center.o
    0x00006972   0x00006972   0x00000002   PAD
    0x00006974   0x00006974   0x00000036   Code   RO          348    .text.SubRegister   message_center.o
    0x000069aa   0x000069aa   0x00000026   Code   RO         2278    .text.SysTick_Handler  port.o
    0x000069d0   0x000069d0   0x0000002c   Code   RO         1162    .text.SystemCoreClockUpdate  bsp_clocks.o
    0x000069fc   0x000069fc   0x000000a2   Code   RO         1143    .text.SystemInit    system.o
    0x00006a9e   0x00006a9e   0x00000002   PAD
    0x00006aa0   0x00006aa0   0x0000005a   Code   RO         1147    .text.SystemRuntimeInit  system.o
    0x00006afa   0x00006afa   0x00000002   PAD
    0x00006afc   0x00006afc   0x000000b0   Code   RO          220    .text.UART_Global_Callback  bsp_uart.o
    0x00006bac   0x00006bac   0x0000007c   Code   RO          218    .text.USARTRegister  bsp_uart.o
    0x00006c28   0x00006c28   0x0000002e   Code   RO          222    .text.USART_Force_Restart  bsp_uart.o
    0x00006c56   0x00006c56   0x00000002   PAD
    0x00006c58   0x00006c58   0x00000064   Code   RO          460    .text.Vision_Init   vision.o
    0x00006cbc   0x00006cbc   0x00000038   Code   RO          470    .text.Vision_Send_Data  vision.o
    0x00006cf4   0x00006cf4   0x00000084   Code   RO          665    .text.Vision_Set_FeedData  dummy_cmd.o
    0x00006d78   0x00006d78   0x00000006   Code   RO         1193    .text.__aeabi_assert  bsp_common.o
    0x00006d7e   0x00006d7e   0x00000002   PAD
    0x00006d80   0x00006d80   0x000001bc   Code   RO         1168    .text.bsp_clock_init  bsp_clocks.o
    0x00006f3c   0x00006f3c   0x00000002   Code   RO         1189    .text.bsp_init_internal  bsp_common.o
    0x00006f3e   0x00006f3e   0x00000002   PAD
    0x00006f40   0x00006f40   0x0000008a   Code   RO         1239    .text.bsp_irq_cfg   bsp_irq.o
    0x00006fca   0x00006fca   0x00000008   Code   RO         1208    .text.bsp_prv_software_delay_loop  bsp_delay.o
    0x00006fd2   0x00006fd2   0x00000002   PAD
    0x00006fd4   0x00006fd4   0x000000d8   Code   RO         1418    .text.bsp_vbatt_init  r_ioport.o
    0x000070ac   0x000070ac   0x00000072   Code   RO          186    .text.can_callback  bsp_can.o
    0x0000711e   0x0000711e   0x00000002   PAD
    0x00007120   0x00007120   0x0000014c   Code   RO         1341    .text.canfd_channel_tx_isr  r_canfd.o
    0x0000726c   0x0000726c   0x00000106   Code   RO         1343    .text.canfd_common_fifo_rx_isr  r_canfd.o
    0x00007372   0x00007372   0x00000100   Code   RO         1337    .text.canfd_error_isr  r_canfd.o
    0x00007472   0x00007472   0x00000002   PAD
    0x00007474   0x00007474   0x000000e4   Code   RO         1339    .text.canfd_rx_fifo_isr  r_canfd.o
    0x00007558   0x00007558   0x00000070   Code   RO         2323    .text.daemon_task_create  daemon_task.o
    0x000075c8   0x000075c8   0x0000000c   Code   RO          163    .text.daemon_task_entry  daemon_task_entry.o
    0x000075d4   0x000075d4   0x00000012   Code   RO         2325    .text.daemon_task_func  daemon_task.o
    0x000075e6   0x000075e6   0x00000002   PAD
    0x000075e8   0x000075e8   0x0000008c   Code   RO          312    .text.f_PID_ErrorHandle  controller.o
    0x00007674   0x00007674   0x00000002   Code   RO         2313    .text.g_common_init  common_data.o
    0x00007676   0x00007676   0x00000004   Code   RO         2339    .text.g_hal_init    hal_data.o
    0x0000767a   0x0000767a   0x0000001c   Code   RO         2239    .text.hw_usb_pclear_sts_resm  r_usb_preg_access.o
    0x00007696   0x00007696   0x0000001c   Code   RO         2241    .text.hw_usb_pclear_sts_valid  r_usb_preg_access.o
    0x000076b2   0x000076b2   0x00000018   Code   RO         2068    .text.hw_usb_read_intsts  r_usb_creg_access.o
    0x000076ca   0x000076ca   0x00000018   Code   RO         2140    .text.hw_usb_set_suspendm  r_usb_creg_access.o
    0x000076e2   0x000076e2   0x00000052   Code   RO         2411    .text.main          main.o
    0x00007734   0x00007734   0x0000002a   Code   RO          318    .text.map_float_clamp  controller.o
    0x0000775e   0x0000775e   0x00000002   PAD
    0x00007760   0x00007760   0x00000074   Code   RO         2434    .text.motor_ctrl_task_create  motor_ctrl_task.o
    0x000077d4   0x000077d4   0x00000010   Code   RO          172    .text.motor_ctrl_task_entry  motor_ctrl_task_entry.o
    0x000077e4   0x000077e4   0x00000012   Code   RO         2436    .text.motor_ctrl_task_func  motor_ctrl_task.o
    0x000077f6   0x000077f6   0x000000a4   Code   RO          942    .text.prvAddCurrentTaskToDelayedList  tasks.o
    0x0000789a   0x0000789a   0x00000002   PAD
    0x0000789c   0x0000789c   0x00000128   Code   RO          930    .text.prvAddNewTaskToReadyList  tasks.o
    0x000079c4   0x000079c4   0x0000007c   Code   RO         1065    .text.prvCheckForValidListAndQueue  timers.o
    0x00007a40   0x00007a40   0x0000004e   Code   RO          966    .text.prvCheckTasksWaitingTermination  tasks.o
    0x00007a8e   0x00007a8e   0x00000062   Code   RO          819    .text.prvCopyDataToQueue  queue.o
    0x00007af0   0x00007af0   0x0000006c   Code   RO          936    .text.prvDeleteTCB  tasks.o
    0x00007b5c   0x00007b5c   0x0000002e   Code   RO         1030    .text.prvIdleTask   tasks.o
    0x00007b8a   0x00007b8a   0x00000002   PAD
    0x00007b8c   0x00007b8c   0x0000009c   Code   RO         1028    .text.prvInitialiseNewTask  tasks.o
    0x00007c28   0x00007c28   0x00000040   Code   RO         1109    .text.prvInsertTimerInActiveList  timers.o
    0x00007c68   0x00007c68   0x00000040   Code   RO         1105    .text.prvProcessExpiredTimer  timers.o
    0x00007ca8   0x00007ca8   0x0000002e   Code   RO         1107    .text.prvReloadTimer  timers.o
    0x00007cd6   0x00007cd6   0x00000002   PAD
    0x00007cd8   0x00007cd8   0x00000056   Code   RO         1103    .text.prvSampleTimeNow  timers.o
    0x00007d2e   0x00007d2e   0x00000002   PAD
    0x00007d30   0x00007d30   0x00000006   Code   RO         2284    .text.prvTaskExitError  port.o
    0x00007d36   0x00007d36   0x00000002   PAD
    0x00007d38   0x00007d38   0x000001a8   Code   RO         1067    .text.prvTimerTask  timers.o
    0x00007ee0   0x00007ee0   0x00000072   Code   RO          821    .text.prvUnlockQueue  queue.o
    0x00007f52   0x00007f52   0x00000028   Code   RO         2282    .text.pxPortInitialiseStack  port.o
    0x00007f7a   0x00007f7a   0x00000002   PAD
    0x00007f7c   0x00007f7c   0x000000a0   Code   RO         1335    .text.r_canfd_mb_read  r_canfd.o
    0x0000801c   0x0000801c   0x0000012c   Code   RO         1333    .text.r_canfd_mode_transition  r_canfd.o
    0x00008148   0x00008148   0x00000044   Code   RO         1377    .text.r_dtc_set_info  r_dtc.o
    0x0000818c   0x0000818c   0x000000c0   Code   RO         1416    .text.r_ioport_pins_config  r_ioport.o
    0x0000824c   0x0000824c   0x00000040   Code   RO         1455    .text.r_sci_uart_call_callback  r_sci_uart.o
    0x0000828c   0x0000828c   0x00000042   Code   RO         1463    .text.r_sci_uart_transfer_configure  r_sci_uart.o
    0x000082ce   0x000082ce   0x00000002   PAD
    0x000082d0   0x000082d0   0x00000024   Code   RO         2276    .text.rm_freertos_port_restore_task_stackless  port.o
    0x000082f4   0x000082f4   0x0000006e   Code   RO         2296    .text.rm_freertos_port_sleep_preserving_lpm  port.o
    0x00008362   0x00008362   0x00000002   PAD
    0x00008364   0x00008364   0x00000070   Code   RO         2457    .text.robot_task_create  robot_task.o
    0x000083d4   0x000083d4   0x00000018   Code   RO          154    .text.robot_task_entry  robot_task_entry.o
    0x000083ec   0x000083ec   0x00000012   Code   RO         2459    .text.robot_task_func  robot_task.o
    0x000083fe   0x000083fe   0x00000002   PAD
    0x00008400   0x00008400   0x00000062   Code   RO         2409    .text.rtos_startup_common_init  main.o
    0x00008462   0x00008462   0x00000004   Code   RO         2407    .text.rtos_startup_err_callback_internal  main.o
    0x00008466   0x00008466   0x00000072   Code   RO         1461    .text.sci_uart_eri_isr  r_sci_uart.o
    0x000084d8   0x000084d8   0x000000cc   Code   RO         1457    .text.sci_uart_rxi_isr  r_sci_uart.o
    0x000085a4   0x000085a4   0x0000004a   Code   RO         1459    .text.sci_uart_tei_isr  r_sci_uart.o
    0x000085ee   0x000085ee   0x00000002   PAD
    0x000085f0   0x000085f0   0x000000f6   Code   RO         1453    .text.sci_uart_txi_isr  r_sci_uart.o
    0x000086e6   0x000086e6   0x00000006   Code   RO         2164    .text.usb_cpu_delay_1us  r_usb_mcu.o
    0x000086ec   0x000086ec   0x0000004c   Code   RO         1634    .text.usb_cstd_isnd_msg  r_usb_cstd_rtos.o
    0x00008738   0x00008738   0x0000001e   Code   RO         2214    .text.usb_pstd_interrupt_clock  r_usb_preg_abs.o
    0x00008756   0x00008756   0x0000023c   Code   RO         2192    .text.usb_pstd_interrupt_handler  r_usb_preg_abs.o
    0x00008992   0x00008992   0x0000006e   Code   RO         1831    .text.usb_pstd_usb_handler  r_usb_pinthandler_usbip0.o
    0x00008a00   0x00008a00   0x00000022   Code   RO         2174    .text.usbfs_d0fifo_handler  r_usb_mcu.o
    0x00008a22   0x00008a22   0x00000022   Code   RO         2176    .text.usbfs_d1fifo_handler  r_usb_mcu.o
    0x00008a44   0x00008a44   0x00000034   Code   RO         2170    .text.usbfs_interrupt_handler  r_usb_mcu.o
    0x00008a78   0x00008a78   0x00000032   Code   RO         2172    .text.usbfs_resume_handler  r_usb_mcu.o
    0x00008aaa   0x00008aaa   0x00000020   Code   RO          763    .text.uxListRemove  list.o
    0x00008aca   0x00008aca   0x0000000c   Code   RO          974    .text.uxTaskGetNumberOfTasks  tasks.o
    0x00008ad6   0x00008ad6   0x0000001a   Code   RO         2413    .text.vApplicationGetIdleTaskMemory  main.o
    0x00008af0   0x00008af0   0x0000001a   Code   RO         2415    .text.vApplicationGetTimerTaskMemory  main.o
    0x00008b0a   0x00008b0a   0x00000018   Code   RO         2298    .text.vApplicationIdleHook  port.o
    0x00008b22   0x00008b22   0x00000016   Code   RO          755    .text.vListInitialise  list.o
    0x00008b38   0x00008b38   0x00000006   Code   RO          757    .text.vListInitialiseItem  list.o
    0x00008b3e   0x00008b3e   0x00000002   PAD
    0x00008b40   0x00008b40   0x0000003a   Code   RO          761    .text.vListInsert   list.o
    0x00008b7a   0x00008b7a   0x0000004c   Code   RO         2292    .text.vPortEnterCritical  port.o
    0x00008bc6   0x00008bc6   0x00000002   PAD
    0x00008bc8   0x00008bc8   0x0000004c   Code   RO         2294    .text.vPortExitCritical  port.o
    0x00008c14   0x00008c14   0x00000138   Code   RO          775    .text.vPortFree     heap_4.o
    0x00008d4c   0x00008d4c   0x0000003c   Code   RO         2280    .text.vPortSVCHandler_C  port.o
    0x00008d88   0x00008d88   0x00000046   Code   RO         2288    .text.vPortSetupTimerInterrupt  port.o
    0x00008dce   0x00008dce   0x00000002   PAD
    0x00008dd0   0x00008dd0   0x000000b4   Code   RO         2300    .text.vPortValidateInterruptPriority  port.o
    0x00008e84   0x00008e84   0x0000005e   Code   RO          855    .text.vQueueAddToRegistry  queue.o
    0x00008ee2   0x00008ee2   0x00000046   Code   RO          859    .text.vQueueWaitForMessageRestricted  queue.o
    0x00008f28   0x00008f28   0x00000056   Code   RO          946    .text.vTaskDelay    tasks.o
    0x00008f7e   0x00008f7e   0x0000001a   Code   RO          994    .text.vTaskInternalSetTimeOutState  tasks.o
    0x00008f98   0x00008f98   0x0000000e   Code   RO          998    .text.vTaskMissedYield  tasks.o
    0x00008fa6   0x00008fa6   0x0000003a   Code   RO          982    .text.vTaskPlaceOnEventList  tasks.o
    0x00008fe0   0x00008fe0   0x0000006c   Code   RO          986    .text.vTaskPlaceOnEventListRestricted  tasks.o
    0x0000904c   0x0000904c   0x000000bc   Code   RO          962    .text.vTaskStartScheduler  tasks.o
    0x00009108   0x00009108   0x00000010   Code   RO          940    .text.vTaskSuspendAll  tasks.o
    0x00009118   0x00009118   0x0000009c   Code   RO          956    .text.vTaskSwitchContext  tasks.o
    0x000091b4   0x000091b4   0x0000003c   Code   RO         2286    .text.xPortStartScheduler  port.o
    0x000091f0   0x000091f0   0x00000040   Code   RO          813    .text.xQueueCreateCountingSemaphoreStatic  queue.o
    0x00009230   0x00009230   0x000000a8   Code   RO          807    .text.xQueueGenericCreateStatic  queue.o
    0x000092d8   0x000092d8   0x000000cc   Code   RO          805    .text.xQueueGenericReset  queue.o
    0x000093a4   0x000093a4   0x000001a8   Code   RO          817    .text.xQueueGenericSend  queue.o
    0x0000954c   0x0000954c   0x000000fe   Code   RO          823    .text.xQueueGenericSendFromISR  queue.o
    0x0000964a   0x0000964a   0x00000002   PAD
    0x0000964c   0x0000964c   0x0000019a   Code   RO          827    .text.xQueueReceive  queue.o
    0x000097e6   0x000097e6   0x00000002   PAD
    0x000097e8   0x000097e8   0x00000172   Code   RO          829    .text.xQueueSemaphoreTake  queue.o
    0x0000995a   0x0000995a   0x00000002   PAD
    0x0000995c   0x0000995c   0x0000009c   Code   RO          996    .text.xTaskCheckForTimeOut  tasks.o
    0x000099f8   0x000099f8   0x000000e0   Code   RO          928    .text.xTaskCreateStatic  tasks.o
    0x00009ad8   0x00009ad8   0x00000024   Code   RO         1008    .text.xTaskGetSchedulerState  tasks.o
    0x00009afc   0x00009afc   0x0000000c   Code   RO          970    .text.xTaskGetTickCount  tasks.o
    0x00009b08   0x00009b08   0x00000192   Code   RO          968    .text.xTaskIncrementTick  tasks.o
    0x00009c9a   0x00009c9a   0x000000f2   Code   RO          988    .text.xTaskRemoveFromEventList  tasks.o
    0x00009d8c   0x00009d8c   0x00000198   Code   RO          944    .text.xTaskResumeAll  tasks.o
    0x00009f24   0x00009f24   0x0000007c   Code   RO         1063    .text.xTimerCreateTimerTask  timers.o
    0x00009fa0   0x00009fa0   0x00000030   Code   RO         2669    i.__ARM_fpclassify  m_wm.l(fpclassify.o)
    0x00009fd0   0x00009fd0   0x00000026   Code   RO         2615    i.__ARM_fpclassifyf  m_wm.l(fpclassifyf.o)
    0x00009ff6   0x00009ff6   0x00000002   PAD
    0x00009ff8   0x00009ff8   0x00000050   Code   RO         2533    i.__free$2region    mc_w.l(malloc2.o)
    0x0000a048   0x0000a048   0x000002d8   Code   RO         2585    i.__hardfp_atan     m_wm.l(atan.o)
    0x0000a320   0x0000a320   0x00000200   Code   RO         2479    i.__hardfp_atan2    m_wm.l(atan2.o)
    0x0000a520   0x0000a520   0x000000c8   Code   RO         2485    i.__hardfp_cos      m_wm.l(cos.o)
    0x0000a5e8   0x0000a5e8   0x00000150   Code   RO         2491    i.__hardfp_cosf     m_wm.l(cosf.o)
    0x0000a738   0x0000a738   0x000000c8   Code   RO         2497    i.__hardfp_sin      m_wm.l(sin.o)
    0x0000a800   0x0000a800   0x00000190   Code   RO         2503    i.__hardfp_sinf     m_wm.l(sinf.o)
    0x0000a990   0x0000a990   0x0000007a   Code   RO         2509    i.__hardfp_sqrt     m_wm.l(sqrt.o)
    0x0000aa0a   0x0000aa0a   0x00000006   PAD
    0x0000aa10   0x0000aa10   0x00000438   Code   RO         2632    i.__ieee754_rem_pio2  m_wm.l(rred.o)
    0x0000ae48   0x0000ae48   0x00000170   Code   RO         2592    i.__kernel_cos      m_wm.l(cos_i.o)
    0x0000afb8   0x0000afb8   0x000000f8   Code   RO         2671    i.__kernel_poly     m_wm.l(poly.o)
    0x0000b0b0   0x0000b0b0   0x00000130   Code   RO         2640    i.__kernel_sin      m_wm.l(sin_i.o)
    0x0000b1e0   0x0000b1e0   0x0000006c   Code   RO         2534    i.__malloc$2region  mc_w.l(malloc2.o)
    0x0000b24c   0x0000b24c   0x00000014   Code   RO         2596    i.__mathlib_dbl_infnan  m_wm.l(dunder.o)
    0x0000b260   0x0000b260   0x00000014   Code   RO         2597    i.__mathlib_dbl_infnan2  m_wm.l(dunder.o)
    0x0000b274   0x0000b274   0x00000004   PAD
    0x0000b278   0x0000b278   0x00000020   Code   RO         2598    i.__mathlib_dbl_invalid  m_wm.l(dunder.o)
    0x0000b298   0x0000b298   0x00000020   Code   RO         2601    i.__mathlib_dbl_underflow  m_wm.l(dunder.o)
    0x0000b2b8   0x0000b2b8   0x00000006   Code   RO         2618    i.__mathlib_flt_infnan  m_wm.l(funder.o)
    0x0000b2be   0x0000b2be   0x00000002   PAD
    0x0000b2c0   0x0000b2c0   0x00000010   Code   RO         2620    i.__mathlib_flt_invalid  m_wm.l(funder.o)
    0x0000b2d0   0x0000b2d0   0x00000010   Code   RO         2623    i.__mathlib_flt_underflow  m_wm.l(funder.o)
    0x0000b2e0   0x0000b2e0   0x00000154   Code   RO         2637    i.__mathlib_rredf2  m_wm.l(rredf.o)
    0x0000b434   0x0000b434   0x0000000c   Code   RO         2653    i.__set_errno       mc_w.l(errno.o)
    0x0000b440   0x0000b440   0x00000010   Code   RO         2587    i.atan              m_wm.l(atan.o)
    0x0000b450   0x0000b450   0x00000018   Code   RO         2611    i.fabs              m_wm.l(fabs.o)
    0x0000b468   0x0000b468   0x00000098   Data   RO         2588    .constdata          m_wm.l(atan.o)
    0x0000b500   0x0000b500   0x00000030   Data   RO         2593    .constdata          m_wm.l(cos_i.o)
    0x0000b530   0x0000b530   0x00000008   Data   RO         2631    .constdata          m_wm.l(qnan.o)
    0x0000b538   0x0000b538   0x000000cc   Data   RO         2634    .constdata          m_wm.l(rred.o)
    0x0000b604   0x0000b604   0x00000020   Data   RO         2638    .constdata          m_wm.l(rredf.o)
    0x0000b624   0x0000b624   0x00000004   PAD
    0x0000b628   0x0000b628   0x00000028   Data   RO         2641    .constdata          m_wm.l(sin_i.o)
    0x0000b650   0x0000b650   0x000000d8   Data   RO          708    .rodata..L__const.Controller_Motor_Register.q1_rs_config  dummy_motormatic.o
    0x0000b728   0x0000b728   0x000000d8   Data   RO          709    .rodata..L__const.Controller_Motor_Register.q2_6020_config  dummy_motormatic.o
    0x0000b800   0x0000b800   0x000000d8   Data   RO          710    .rodata..L__const.Controller_Motor_Register.q3_6020_config  dummy_motormatic.o
    0x0000b8d8   0x0000b8d8   0x0000000c   Data   RO         2350    .rodata.bt_transfer0  hal_data.o
    0x0000b8e4   0x0000b8e4   0x00000008   Data   RO         2348    .rodata.bt_transfer0_cfg  hal_data.o
    0x0000b8ec   0x0000b8ec   0x00000004   Data   RO         2347    .rodata.bt_transfer0_cfg_extend  hal_data.o
    0x0000b8f0   0x0000b8f0   0x0000000c   Data   RO         2345    .rodata.bt_transfer1  hal_data.o
    0x0000b8fc   0x0000b8fc   0x00000008   Data   RO         2343    .rodata.bt_transfer1_cfg  hal_data.o
    0x0000b904   0x0000b904   0x00000004   Data   RO         2342    .rodata.bt_transfer1_cfg_extend  hal_data.o
    0x0000b908   0x0000b908   0x00000044   Data   RO         2353    .rodata.bt_uart_cfg  hal_data.o
    0x0000b94c   0x0000b94c   0x0000002c   Data   RO         2352    .rodata.bt_uart_cfg_extend  hal_data.o
    0x0000b978   0x0000b978   0x00000010   Data   RO          190    .rodata.can_afl     bsp_can.o
    0x0000b988   0x0000b988   0x00000080   Data   RO         1311    .rodata.copy_list   bsp_linker.o
    0x0000ba08   0x0000ba08   0x00000010   Data   RO          451    .rodata.cst16       dummy_kinematic_v2.o
    0x0000ba18   0x0000ba18   0x00000004   Data   RO         2327    .rodata.daemon_task_parameters  daemon_task.o
    0x0000ba1c   0x0000ba1c   0x0000000c   Data   RO         2451    .rodata.g_bsp_pin_cfg  pin_data.o
    0x0000ba28   0x0000ba28   0x00000078   Data   RO         2450    .rodata.g_bsp_pin_cfg_data  pin_data.o
    0x0000baa0   0x0000baa0   0x00000018   Data   RO         1313    .rodata.g_init_info  bsp_linker.o
    0x0000bab8   0x0000bab8   0x00000064   Data   RO         2474    .rodata.g_interrupt_event_link_select  vector_data.o
    0x0000bb1c   0x0000bb1c   0x0000000a   Data   RO         1257    .rodata.g_prcr_masks  bsp_register_protection.o
    0x0000bb26   0x0000bb26   0x00000002   PAD
    0x0000bb28   0x0000bb28   0x0000002c   Data   RO         1379    .rodata.g_transfer_on_dtc  r_dtc.o
    0x0000bb54   0x0000bb54   0x00000004   Data   RO         1279    .rodata.gp_ddsc_DATA_FLASH_END  bsp_linker.o
    0x0000bb58   0x0000bb58   0x00000004   Data   RO         1278    .rodata.gp_ddsc_DATA_FLASH_START  bsp_linker.o
    0x0000bb5c   0x0000bb5c   0x00000004   Data   RO         1281    .rodata.gp_ddsc_FLASH_END  bsp_linker.o
    0x0000bb60   0x0000bb60   0x00000004   Data   RO         1280    .rodata.gp_ddsc_FLASH_START  bsp_linker.o
    0x0000bb64   0x0000bb64   0x00000004   Data   RO         1291    .rodata.gp_ddsc_OPTION_SETTING_BANKSEL_END  bsp_linker.o
    0x0000bb68   0x0000bb68   0x00000004   Data   RO         1299    .rodata.gp_ddsc_OPTION_SETTING_BANKSEL_SEC_END  bsp_linker.o
    0x0000bb6c   0x0000bb6c   0x00000004   Data   RO         1298    .rodata.gp_ddsc_OPTION_SETTING_BANKSEL_SEC_START  bsp_linker.o
    0x0000bb70   0x0000bb70   0x00000004   Data   RO         1307    .rodata.gp_ddsc_OPTION_SETTING_BANKSEL_SEL_END  bsp_linker.o
    0x0000bb74   0x0000bb74   0x00000004   Data   RO         1306    .rodata.gp_ddsc_OPTION_SETTING_BANKSEL_SEL_START  bsp_linker.o
    0x0000bb78   0x0000bb78   0x00000004   Data   RO         1290    .rodata.gp_ddsc_OPTION_SETTING_BANKSEL_START  bsp_linker.o
    0x0000bb7c   0x0000bb7c   0x00000004   Data   RO         1293    .rodata.gp_ddsc_OPTION_SETTING_BPS_END  bsp_linker.o
    0x0000bb80   0x0000bb80   0x00000004   Data   RO         1301    .rodata.gp_ddsc_OPTION_SETTING_BPS_SEC_END  bsp_linker.o
    0x0000bb84   0x0000bb84   0x00000004   Data   RO         1300    .rodata.gp_ddsc_OPTION_SETTING_BPS_SEC_START  bsp_linker.o
    0x0000bb88   0x0000bb88   0x00000004   Data   RO         1309    .rodata.gp_ddsc_OPTION_SETTING_BPS_SEL_END  bsp_linker.o
    0x0000bb8c   0x0000bb8c   0x00000004   Data   RO         1308    .rodata.gp_ddsc_OPTION_SETTING_BPS_SEL_START  bsp_linker.o
    0x0000bb90   0x0000bb90   0x00000004   Data   RO         1292    .rodata.gp_ddsc_OPTION_SETTING_BPS_START  bsp_linker.o
    0x0000bb94   0x0000bb94   0x00000004   Data   RO         1287    .rodata.gp_ddsc_OPTION_SETTING_DUALSEL_END  bsp_linker.o
    0x0000bb98   0x0000bb98   0x00000004   Data   RO         1286    .rodata.gp_ddsc_OPTION_SETTING_DUALSEL_START  bsp_linker.o
    0x0000bb9c   0x0000bb9c   0x00000004   Data   RO         1285    .rodata.gp_ddsc_OPTION_SETTING_OFS0_END  bsp_linker.o
    0x0000bba0   0x0000bba0   0x00000004   Data   RO         1284    .rodata.gp_ddsc_OPTION_SETTING_OFS0_START  bsp_linker.o
    0x0000bba4   0x0000bba4   0x00000004   Data   RO         1289    .rodata.gp_ddsc_OPTION_SETTING_OFS1_END  bsp_linker.o
    0x0000bba8   0x0000bba8   0x00000004   Data   RO         1297    .rodata.gp_ddsc_OPTION_SETTING_OFS1_SEC_END  bsp_linker.o
    0x0000bbac   0x0000bbac   0x00000004   Data   RO         1296    .rodata.gp_ddsc_OPTION_SETTING_OFS1_SEC_START  bsp_linker.o
    0x0000bbb0   0x0000bbb0   0x00000004   Data   RO         1305    .rodata.gp_ddsc_OPTION_SETTING_OFS1_SEL_END  bsp_linker.o
    0x0000bbb4   0x0000bbb4   0x00000004   Data   RO         1304    .rodata.gp_ddsc_OPTION_SETTING_OFS1_SEL_START  bsp_linker.o
    0x0000bbb8   0x0000bbb8   0x00000004   Data   RO         1288    .rodata.gp_ddsc_OPTION_SETTING_OFS1_START  bsp_linker.o
    0x0000bbbc   0x0000bbbc   0x00000004   Data   RO         1295    .rodata.gp_ddsc_OPTION_SETTING_PBPS_END  bsp_linker.o
    0x0000bbc0   0x0000bbc0   0x00000004   Data   RO         1303    .rodata.gp_ddsc_OPTION_SETTING_PBPS_SEC_END  bsp_linker.o
    0x0000bbc4   0x0000bbc4   0x00000004   Data   RO         1302    .rodata.gp_ddsc_OPTION_SETTING_PBPS_SEC_START  bsp_linker.o
    0x0000bbc8   0x0000bbc8   0x00000004   Data   RO         1294    .rodata.gp_ddsc_OPTION_SETTING_PBPS_START  bsp_linker.o
    0x0000bbcc   0x0000bbcc   0x00000004   Data   RO         1277    .rodata.gp_ddsc_OSPI0_CS0_END  bsp_linker.o
    0x0000bbd0   0x0000bbd0   0x00000004   Data   RO         1276    .rodata.gp_ddsc_OSPI0_CS0_START  bsp_linker.o
    0x0000bbd4   0x0000bbd4   0x00000004   Data   RO         1275    .rodata.gp_ddsc_OSPI0_CS1_END  bsp_linker.o
    0x0000bbd8   0x0000bbd8   0x00000004   Data   RO         1274    .rodata.gp_ddsc_OSPI0_CS1_START  bsp_linker.o
    0x0000bbdc   0x0000bbdc   0x00000004   Data   RO         1273    .rodata.gp_ddsc_QSPI_FLASH_END  bsp_linker.o
    0x0000bbe0   0x0000bbe0   0x00000004   Data   RO         1272    .rodata.gp_ddsc_QSPI_FLASH_START  bsp_linker.o
    0x0000bbe4   0x0000bbe4   0x00000004   Data   RO         1283    .rodata.gp_ddsc_RAM_END  bsp_linker.o
    0x0000bbe8   0x0000bbe8   0x00000004   Data   RO         1282    .rodata.gp_ddsc_RAM_START  bsp_linker.o
    0x0000bbec   0x0000bbec   0x00000024   Data   RO         2398    .rodata.motor_ctrl_can_cfg  hal_data.o
    0x0000bc10   0x0000bc10   0x00000004   Data   RO         2438    .rodata.motor_ctrl_task_parameters  motor_ctrl_task.o
    0x0000bc14   0x0000bc14   0x00000010   Data   RO         1312    .rodata.nocache_list  bsp_linker.o
    0x0000bc24   0x0000bc24   0x0000000c   Data   RO         2373    .rodata.pc_transfer0  hal_data.o
    0x0000bc30   0x0000bc30   0x00000008   Data   RO         2371    .rodata.pc_transfer0_cfg  hal_data.o
    0x0000bc38   0x0000bc38   0x00000004   Data   RO         2370    .rodata.pc_transfer0_cfg_extend  hal_data.o
    0x0000bc3c   0x0000bc3c   0x0000000c   Data   RO         2378    .rodata.pc_transfer1  hal_data.o
    0x0000bc48   0x0000bc48   0x00000008   Data   RO         2376    .rodata.pc_transfer1_cfg  hal_data.o
    0x0000bc50   0x0000bc50   0x00000004   Data   RO         2375    .rodata.pc_transfer1_cfg_extend  hal_data.o
    0x0000bc54   0x0000bc54   0x00000044   Data   RO         2381    .rodata.pc_uart_cfg  hal_data.o
    0x0000bc98   0x0000bc98   0x0000002c   Data   RO         2380    .rodata.pc_uart_cfg_extend  hal_data.o
    0x0000bcc4   0x0000bcc4   0x00000004   Data   RO         2461    .rodata.robot_task_parameters  robot_task.o
    0x0000bcc8   0x0000bcc8   0x00000044   Data   RO         2391    .rodata.sbus_cfg    hal_data.o
    0x0000bd0c   0x0000bd0c   0x0000002c   Data   RO         2390    .rodata.sbus_cfg_extend  hal_data.o
    0x0000bd38   0x0000bd38   0x0000000c   Data   RO         2388    .rodata.sbus_dtc_transfer  hal_data.o
    0x0000bd44   0x0000bd44   0x00000008   Data   RO         2386    .rodata.sbus_dtc_transfer_cfg  hal_data.o
    0x0000bd4c   0x0000bd4c   0x00000004   Data   RO         2385    .rodata.sbus_dtc_transfer_cfg_extend  hal_data.o
    0x0000bd50   0x0000bd50   0x000002db   Data   RO          793    .rodata.str1.1      heap_4.o
    0x0000c02b   0x0000c02b   0x0000028b   Data   RO          861    .rodata.str1.1      queue.o
    0x0000c2b6   0x0000c2b6   0x00000208   Data   RO         1039    .rodata.str1.1      tasks.o
    0x0000c4be   0x0000c4be   0x0000005f   Data   RO         1113    .rodata.str1.1      timers.o
    0x0000c51d   0x0000c51d   0x00000098   Data   RO         2302    .rodata.str1.1      port.o
    0x0000c5b5   0x0000c5b5   0x00000003   PAD
    0x0000c5b8   0x0000c5b8   0x00000004   Data   RO         1048    .rodata.uxTopUsedPriority  tasks.o
    0x0000c5bc   0x0000c5bc   0x00000030   Data   RO         1310    .rodata.zero_list   bsp_linker.o
    0x0000c5ec   0x0000c5ec   0x00000004   Data   RO         1195    .version            bsp_common.o
    0x0000c5f0   0x0000c5f0   0x00000006   Data   RO         1196    .version            bsp_common.o
    0x0000c5f6   0x0000c5f6   0x00000044   Data   RO         1197    .version            bsp_common.o


    Execution Region __init_array_start (Exec base: 0x0000c63c, Load base: 0x0000c63c, Size: 0x00000000, Max: 0x00000000, ABSOLUTE)

    Exec Addr    Load Addr    Size         Type   Attr      Idx    E Section Name        Object

    0x0000c63c        -       0x00000000   Zero   RW           48    __init_array_start.bss  anon$$obj.o


    Execution Region __flash_init_array (Exec base: 0x0000c63c, Load base: 0x0000c63c, Size: 0x00000000, Max: 0xffffffff, ABSOLUTE, FIXED)

    **** No section assigned to this execution region ****


    Execution Region __init_array_end (Exec base: 0x0000c63c, Load base: 0x0000c63c, Size: 0x00000000, Max: 0x00000000, ABSOLUTE)

    Exec Addr    Load Addr    Size         Type   Attr      Idx    E Section Name        Object

    0x0000c63c        -       0x00000000   Zero   RW           49    __init_array_end.bss  anon$$obj.o


    Execution Region __ddsc_FLASH_END (Exec base: 0x0000c800, Load base: 0x0000c63c, Size: 0x00000000, Max: 0x00000000, ABSOLUTE)

    Exec Addr    Load Addr    Size         Type   Attr      Idx    E Section Name        Object

    0x0000c800        -       0x00000000   Zero   RW           50    __ddsc_FLASH_END.bss  anon$$obj.o


    Execution Region .flash.endof (Exec base: 0x0000c800, Load base: 0x0000c63c, Size: 0x00000000, Max: 0x00000000, ABSOLUTE)

    Exec Addr    Load Addr    Size         Type   Attr      Idx    E Section Name        Object

    0x0000c800        -       0x00000000   Zero   RW           51    .flash.endof.bss    anon$$obj.o


    Execution Region __FLASH_end (Exec base: 0x0000c800, Load base: 0x0000c63c, Size: 0x00000000, Max: 0x00000000, ABSOLUTE)

    Exec Addr    Load Addr    Size         Type   Attr      Idx    E Section Name        Object

    0x0000c800        -       0x00000000   Zero   RW           52    __FLASH_end.bss     anon$$obj.o



  Load Region LOAD_REGION_OPTION_SETTING_OFS0 (Base: 0x0100a100, Size: 0x00000004, Max: 0x00000004, ABSOLUTE)

    Execution Region __OPTION_SETTING_OFS0_start (Exec base: 0x0100a100, Load base: 0x0100a100, Size: 0x00000000, Max: 0x00000000, ABSOLUTE)

    Exec Addr    Load Addr    Size         Type   Attr      Idx    E Section Name        Object

    0x0100a100        -       0x00000000   Zero   RW           53    __OPTION_SETTING_OFS0_start.bss  anon$$obj.o


    Execution Region __OPTION_SETTING_OFS0_init (Exec base: 0x0100a100, Load base: 0x0100a100, Size: 0x00000000, Max: 0x00000000, ABSOLUTE)

    Exec Addr    Load Addr    Size         Type   Attr      Idx    E Section Name        Object

    0x0100a100        -       0x00000000   Zero   RW           54    __OPTION_SETTING_OFS0_init.bss  anon$$obj.o


    Execution Region __ddsc_OPTION_SETTING_OFS0_START (Exec base: 0x0100a100, Load base: 0x0100a100, Size: 0x00000000, Max: 0x00000000, ABSOLUTE)

    Exec Addr    Load Addr    Size         Type   Attr      Idx    E Section Name        Object

    0x0100a100        -       0x00000000   Zero   RW           55    __ddsc_OPTION_SETTING_OFS0_START.bss  anon$$obj.o


    Execution Region .option_setting_ofs0.startof (Exec base: 0x0100a100, Load base: 0x0100a100, Size: 0x00000000, Max: 0x00000000, ABSOLUTE)

    Exec Addr    Load Addr    Size         Type   Attr      Idx    E Section Name        Object

    0x0100a100        -       0x00000000   Zero   RW           56    .option_setting_ofs0.startof.bss  anon$$obj.o


    Execution Region __option_setting_ofs0_reg (Exec base: 0x0100a100, Load base: 0x0100a100, Size: 0x00000004, Max: 0xffffffff, ABSOLUTE, FIXED)

    Exec Addr    Load Addr    Size         Type   Attr      Idx    E Section Name        Object

    0x0100a100   0x0100a100   0x00000004   Data   RO         1269    .option_setting_ofs0  bsp_linker.o


    Execution Region __ddsc_OPTION_SETTING_OFS0_END (Exec base: 0x0100a104, Load base: 0x0100a104, Size: 0x00000000, Max: 0x00000000, ABSOLUTE)

    Exec Addr    Load Addr    Size         Type   Attr      Idx    E Section Name        Object

    0x0100a104        -       0x00000000   Zero   RW           57    __ddsc_OPTION_SETTING_OFS0_END.bss  anon$$obj.o


    Execution Region .option_setting_ofs0.endof (Exec base: 0x0100a104, Load base: 0x0100a104, Size: 0x00000000, Max: 0x00000000, ABSOLUTE)

    Exec Addr    Load Addr    Size         Type   Attr      Idx    E Section Name        Object

    0x0100a104        -       0x00000000   Zero   RW           58    .option_setting_ofs0.endof.bss  anon$$obj.o


    Execution Region __OPTION_SETTING_OFS0_end (Exec base: 0x0100a104, Load base: 0x0100a104, Size: 0x00000000, Max: 0x00000000, ABSOLUTE)

    Exec Addr    Load Addr    Size         Type   Attr      Idx    E Section Name        Object

    0x0100a104        -       0x00000000   Zero   RW           59    __OPTION_SETTING_OFS0_end.bss  anon$$obj.o



  Load Region LOAD_REGION_OPTION_SETTING_DUALSEL (Base: 0x0100a110, Size: 0x00000000, Max: 0x00000004, ABSOLUTE)

    Execution Region __OPTION_SETTING_DUALSEL_start (Exec base: 0x0100a110, Load base: 0x0100a110, Size: 0x00000000, Max: 0x00000000, ABSOLUTE)

    Exec Addr    Load Addr    Size         Type   Attr      Idx    E Section Name        Object

    0x0100a110        -       0x00000000   Zero   RW           60    __OPTION_SETTING_DUALSEL_start.bss  anon$$obj.o


    Execution Region __OPTION_SETTING_DUALSEL_init (Exec base: 0x0100a110, Load base: 0x0100a110, Size: 0x00000000, Max: 0x00000000, ABSOLUTE)

    Exec Addr    Load Addr    Size         Type   Attr      Idx    E Section Name        Object

    0x0100a110        -       0x00000000   Zero   RW           61    __OPTION_SETTING_DUALSEL_init.bss  anon$$obj.o


    Execution Region __ddsc_OPTION_SETTING_DUALSEL_START (Exec base: 0x0100a110, Load base: 0x0100a110, Size: 0x00000000, Max: 0x00000000, ABSOLUTE)

    Exec Addr    Load Addr    Size         Type   Attr      Idx    E Section Name        Object

    0x0100a110        -       0x00000000   Zero   RW           62    __ddsc_OPTION_SETTING_DUALSEL_START.bss  anon$$obj.o


    Execution Region .option_setting_dualsel.startof (Exec base: 0x0100a110, Load base: 0x0100a110, Size: 0x00000000, Max: 0x00000000, ABSOLUTE)

    Exec Addr    Load Addr    Size         Type   Attr      Idx    E Section Name        Object

    0x0100a110        -       0x00000000   Zero   RW           63    .option_setting_dualsel.startof.bss  anon$$obj.o


    Execution Region __option_setting_dualsel_reg (Exec base: 0x0100a110, Load base: 0x0100a110, Size: 0x00000000, Max: 0xffffffff, ABSOLUTE, FIXED)

    **** No section assigned to this execution region ****


    Execution Region __ddsc_OPTION_SETTING_DUALSEL_END (Exec base: 0x0100a110, Load base: 0x0100a110, Size: 0x00000000, Max: 0x00000000, ABSOLUTE)

    Exec Addr    Load Addr    Size         Type   Attr      Idx    E Section Name        Object

    0x0100a110        -       0x00000000   Zero   RW           64    __ddsc_OPTION_SETTING_DUALSEL_END.bss  anon$$obj.o


    Execution Region .option_setting_dualsel.endof (Exec base: 0x0100a110, Load base: 0x0100a110, Size: 0x00000000, Max: 0x00000000, ABSOLUTE)

    Exec Addr    Load Addr    Size         Type   Attr      Idx    E Section Name        Object

    0x0100a110        -       0x00000000   Zero   RW           65    .option_setting_dualsel.endof.bss  anon$$obj.o


    Execution Region __OPTION_SETTING_DUALSEL_end (Exec base: 0x0100a110, Load base: 0x0100a110, Size: 0x00000000, Max: 0x00000000, ABSOLUTE)

    Exec Addr    Load Addr    Size         Type   Attr      Idx    E Section Name        Object

    0x0100a110        -       0x00000000   Zero   RW           66    __OPTION_SETTING_DUALSEL_end.bss  anon$$obj.o



  Load Region LOAD_REGION_OPTION_SETTING_OFS1 (Base: 0x0100a180, Size: 0x00000000, Max: 0x00000004, ABSOLUTE)

    Execution Region __OPTION_SETTING_OFS1_start (Exec base: 0x0100a180, Load base: 0x0100a180, Size: 0x00000000, Max: 0x00000000, ABSOLUTE)

    Exec Addr    Load Addr    Size         Type   Attr      Idx    E Section Name        Object

    0x0100a180        -       0x00000000   Zero   RW           67    __OPTION_SETTING_OFS1_start.bss  anon$$obj.o


    Execution Region __OPTION_SETTING_OFS1_init (Exec base: 0x0100a180, Load base: 0x0100a180, Size: 0x00000000, Max: 0x00000000, ABSOLUTE)

    Exec Addr    Load Addr    Size         Type   Attr      Idx    E Section Name        Object

    0x0100a180        -       0x00000000   Zero   RW           68    __OPTION_SETTING_OFS1_init.bss  anon$$obj.o


    Execution Region __ddsc_OPTION_SETTING_OFS1_START (Exec base: 0x0100a180, Load base: 0x0100a180, Size: 0x00000000, Max: 0x00000000, ABSOLUTE)

    Exec Addr    Load Addr    Size         Type   Attr      Idx    E Section Name        Object

    0x0100a180        -       0x00000000   Zero   RW           69    __ddsc_OPTION_SETTING_OFS1_START.bss  anon$$obj.o


    Execution Region .option_setting_ofs1.startof (Exec base: 0x0100a180, Load base: 0x0100a180, Size: 0x00000000, Max: 0x00000000, ABSOLUTE)

    Exec Addr    Load Addr    Size         Type   Attr      Idx    E Section Name        Object

    0x0100a180        -       0x00000000   Zero   RW           70    .option_setting_ofs1.startof.bss  anon$$obj.o


    Execution Region __option_setting_ofs1_reg (Exec base: 0x0100a180, Load base: 0x0100a180, Size: 0x00000000, Max: 0xffffffff, ABSOLUTE, FIXED)

    **** No section assigned to this execution region ****


    Execution Region __ddsc_OPTION_SETTING_OFS1_END (Exec base: 0x0100a180, Load base: 0x0100a180, Size: 0x00000000, Max: 0x00000000, ABSOLUTE)

    Exec Addr    Load Addr    Size         Type   Attr      Idx    E Section Name        Object

    0x0100a180        -       0x00000000   Zero   RW           71    __ddsc_OPTION_SETTING_OFS1_END.bss  anon$$obj.o


    Execution Region .option_setting_ofs1.endof (Exec base: 0x0100a180, Load base: 0x0100a180, Size: 0x00000000, Max: 0x00000000, ABSOLUTE)

    Exec Addr    Load Addr    Size         Type   Attr      Idx    E Section Name        Object

    0x0100a180        -       0x00000000   Zero   RW           72    .option_setting_ofs1.endof.bss  anon$$obj.o


    Execution Region __OPTION_SETTING_OFS1_end (Exec base: 0x0100a180, Load base: 0x0100a180, Size: 0x00000000, Max: 0x00000000, ABSOLUTE)

    Exec Addr    Load Addr    Size         Type   Attr      Idx    E Section Name        Object

    0x0100a180        -       0x00000000   Zero   RW           73    __OPTION_SETTING_OFS1_end.bss  anon$$obj.o



  Load Region LOAD_REGION_OPTION_SETTING_BANKSEL (Base: 0x0100a190, Size: 0x00000000, Max: 0x00000004, ABSOLUTE)

    Execution Region __OPTION_SETTING_BANKSEL_start (Exec base: 0x0100a190, Load base: 0x0100a190, Size: 0x00000000, Max: 0x00000000, ABSOLUTE)

    Exec Addr    Load Addr    Size         Type   Attr      Idx    E Section Name        Object

    0x0100a190        -       0x00000000   Zero   RW           74    __OPTION_SETTING_BANKSEL_start.bss  anon$$obj.o


    Execution Region __OPTION_SETTING_BANKSEL_init (Exec base: 0x0100a190, Load base: 0x0100a190, Size: 0x00000000, Max: 0x00000000, ABSOLUTE)

    Exec Addr    Load Addr    Size         Type   Attr      Idx    E Section Name        Object

    0x0100a190        -       0x00000000   Zero   RW           75    __OPTION_SETTING_BANKSEL_init.bss  anon$$obj.o


    Execution Region __ddsc_OPTION_SETTING_BANKSEL_START (Exec base: 0x0100a190, Load base: 0x0100a190, Size: 0x00000000, Max: 0x00000000, ABSOLUTE)

    Exec Addr    Load Addr    Size         Type   Attr      Idx    E Section Name        Object

    0x0100a190        -       0x00000000   Zero   RW           76    __ddsc_OPTION_SETTING_BANKSEL_START.bss  anon$$obj.o


    Execution Region .option_setting_banksel.startof (Exec base: 0x0100a190, Load base: 0x0100a190, Size: 0x00000000, Max: 0x00000000, ABSOLUTE)

    Exec Addr    Load Addr    Size         Type   Attr      Idx    E Section Name        Object

    0x0100a190        -       0x00000000   Zero   RW           77    .option_setting_banksel.startof.bss  anon$$obj.o


    Execution Region __option_setting_banksel_reg (Exec base: 0x0100a190, Load base: 0x0100a190, Size: 0x00000000, Max: 0xffffffff, ABSOLUTE, FIXED)

    **** No section assigned to this execution region ****


    Execution Region __ddsc_OPTION_SETTING_BANKSEL_END (Exec base: 0x0100a190, Load base: 0x0100a190, Size: 0x00000000, Max: 0x00000000, ABSOLUTE)

    Exec Addr    Load Addr    Size         Type   Attr      Idx    E Section Name        Object

    0x0100a190        -       0x00000000   Zero   RW           78    __ddsc_OPTION_SETTING_BANKSEL_END.bss  anon$$obj.o


    Execution Region .option_setting_banksel.endof (Exec base: 0x0100a190, Load base: 0x0100a190, Size: 0x00000000, Max: 0x00000000, ABSOLUTE)

    Exec Addr    Load Addr    Size         Type   Attr      Idx    E Section Name        Object

    0x0100a190        -       0x00000000   Zero   RW           79    .option_setting_banksel.endof.bss  anon$$obj.o


    Execution Region __OPTION_SETTING_BANKSEL_end (Exec base: 0x0100a190, Load base: 0x0100a190, Size: 0x00000000, Max: 0x00000000, ABSOLUTE)

    Exec Addr    Load Addr    Size         Type   Attr      Idx    E Section Name        Object

    0x0100a190        -       0x00000000   Zero   RW           80    __OPTION_SETTING_BANKSEL_end.bss  anon$$obj.o



  Load Region LOAD_REGION_OPTION_SETTING_BPS (Base: 0x0100a1c0, Size: 0x00000000, Max: 0x00000010, ABSOLUTE)

    Execution Region __OPTION_SETTING_BPS_start (Exec base: 0x0100a1c0, Load base: 0x0100a1c0, Size: 0x00000000, Max: 0x00000000, ABSOLUTE)

    Exec Addr    Load Addr    Size         Type   Attr      Idx    E Section Name        Object

    0x0100a1c0        -       0x00000000   Zero   RW           81    __OPTION_SETTING_BPS_start.bss  anon$$obj.o


    Execution Region __OPTION_SETTING_BPS_init (Exec base: 0x0100a1c0, Load base: 0x0100a1c0, Size: 0x00000000, Max: 0x00000000, ABSOLUTE)

    Exec Addr    Load Addr    Size         Type   Attr      Idx    E Section Name        Object

    0x0100a1c0        -       0x00000000   Zero   RW           82    __OPTION_SETTING_BPS_init.bss  anon$$obj.o


    Execution Region __ddsc_OPTION_SETTING_BPS_START (Exec base: 0x0100a1c0, Load base: 0x0100a1c0, Size: 0x00000000, Max: 0x00000000, ABSOLUTE)

    Exec Addr    Load Addr    Size         Type   Attr      Idx    E Section Name        Object

    0x0100a1c0        -       0x00000000   Zero   RW           83    __ddsc_OPTION_SETTING_BPS_START.bss  anon$$obj.o


    Execution Region .option_setting_bps.startof (Exec base: 0x0100a1c0, Load base: 0x0100a1c0, Size: 0x00000000, Max: 0x00000000, ABSOLUTE)

    Exec Addr    Load Addr    Size         Type   Attr      Idx    E Section Name        Object

    0x0100a1c0        -       0x00000000   Zero   RW           84    .option_setting_bps.startof.bss  anon$$obj.o


    Execution Region __option_setting_bps_reg (Exec base: 0x0100a1c0, Load base: 0x0100a1c0, Size: 0x00000000, Max: 0xffffffff, ABSOLUTE, FIXED)

    **** No section assigned to this execution region ****


    Execution Region __ddsc_OPTION_SETTING_BPS_END (Exec base: 0x0100a1c0, Load base: 0x0100a1c0, Size: 0x00000000, Max: 0x00000000, ABSOLUTE)

    Exec Addr    Load Addr    Size         Type   Attr      Idx    E Section Name        Object

    0x0100a1c0        -       0x00000000   Zero   RW           85    __ddsc_OPTION_SETTING_BPS_END.bss  anon$$obj.o


    Execution Region .option_setting_bps.endof (Exec base: 0x0100a1c0, Load base: 0x0100a1c0, Size: 0x00000000, Max: 0x00000000, ABSOLUTE)

    Exec Addr    Load Addr    Size         Type   Attr      Idx    E Section Name        Object

    0x0100a1c0        -       0x00000000   Zero   RW           86    .option_setting_bps.endof.bss  anon$$obj.o


    Execution Region __OPTION_SETTING_BPS_end (Exec base: 0x0100a1c0, Load base: 0x0100a1c0, Size: 0x00000000, Max: 0x00000000, ABSOLUTE)

    Exec Addr    Load Addr    Size         Type   Attr      Idx    E Section Name        Object

    0x0100a1c0        -       0x00000000   Zero   RW           87    __OPTION_SETTING_BPS_end.bss  anon$$obj.o



  Load Region LOAD_REGION_OPTION_SETTING_PBPS (Base: 0x0100a1e0, Size: 0x00000000, Max: 0x00000010, ABSOLUTE)

    Execution Region __OPTION_SETTING_PBPS_start (Exec base: 0x0100a1e0, Load base: 0x0100a1e0, Size: 0x00000000, Max: 0x00000000, ABSOLUTE)

    Exec Addr    Load Addr    Size         Type   Attr      Idx    E Section Name        Object

    0x0100a1e0        -       0x00000000   Zero   RW           88    __OPTION_SETTING_PBPS_start.bss  anon$$obj.o


    Execution Region __OPTION_SETTING_PBPS_init (Exec base: 0x0100a1e0, Load base: 0x0100a1e0, Size: 0x00000000, Max: 0x00000000, ABSOLUTE)

    Exec Addr    Load Addr    Size         Type   Attr      Idx    E Section Name        Object

    0x0100a1e0        -       0x00000000   Zero   RW           89    __OPTION_SETTING_PBPS_init.bss  anon$$obj.o


    Execution Region __ddsc_OPTION_SETTING_PBPS_START (Exec base: 0x0100a1e0, Load base: 0x0100a1e0, Size: 0x00000000, Max: 0x00000000, ABSOLUTE)

    Exec Addr    Load Addr    Size         Type   Attr      Idx    E Section Name        Object

    0x0100a1e0        -       0x00000000   Zero   RW           90    __ddsc_OPTION_SETTING_PBPS_START.bss  anon$$obj.o


    Execution Region .option_setting_pbps.startof (Exec base: 0x0100a1e0, Load base: 0x0100a1e0, Size: 0x00000000, Max: 0x00000000, ABSOLUTE)

    Exec Addr    Load Addr    Size         Type   Attr      Idx    E Section Name        Object

    0x0100a1e0        -       0x00000000   Zero   RW           91    .option_setting_pbps.startof.bss  anon$$obj.o


    Execution Region __option_setting_pbps_reg (Exec base: 0x0100a1e0, Load base: 0x0100a1e0, Size: 0x00000000, Max: 0xffffffff, ABSOLUTE, FIXED)

    **** No section assigned to this execution region ****


    Execution Region __ddsc_OPTION_SETTING_PBPS_END (Exec base: 0x0100a1e0, Load base: 0x0100a1e0, Size: 0x00000000, Max: 0x00000000, ABSOLUTE)

    Exec Addr    Load Addr    Size         Type   Attr      Idx    E Section Name        Object

    0x0100a1e0        -       0x00000000   Zero   RW           92    __ddsc_OPTION_SETTING_PBPS_END.bss  anon$$obj.o


    Execution Region .option_setting_pbps.endof (Exec base: 0x0100a1e0, Load base: 0x0100a1e0, Size: 0x00000000, Max: 0x00000000, ABSOLUTE)

    Exec Addr    Load Addr    Size         Type   Attr      Idx    E Section Name        Object

    0x0100a1e0        -       0x00000000   Zero   RW           93    .option_setting_pbps.endof.bss  anon$$obj.o


    Execution Region __OPTION_SETTING_PBPS_end (Exec base: 0x0100a1e0, Load base: 0x0100a1e0, Size: 0x00000000, Max: 0x00000000, ABSOLUTE)

    Exec Addr    Load Addr    Size         Type   Attr      Idx    E Section Name        Object

    0x0100a1e0        -       0x00000000   Zero   RW           94    __OPTION_SETTING_PBPS_end.bss  anon$$obj.o



  Load Region LOAD_REGION_OPTION_SETTING_OFS1_SEC (Base: 0x0100a200, Size: 0x00000004, Max: 0x00000004, ABSOLUTE)

    Execution Region __OPTION_SETTING_OFS1_SEC_start (Exec base: 0x0100a200, Load base: 0x0100a200, Size: 0x00000000, Max: 0x00000000, ABSOLUTE)

    Exec Addr    Load Addr    Size         Type   Attr      Idx    E Section Name        Object

    0x0100a200        -       0x00000000   Zero   RW           95    __OPTION_SETTING_OFS1_SEC_start.bss  anon$$obj.o


    Execution Region __OPTION_SETTING_OFS1_SEC_init (Exec base: 0x0100a200, Load base: 0x0100a200, Size: 0x00000000, Max: 0x00000000, ABSOLUTE)

    Exec Addr    Load Addr    Size         Type   Attr      Idx    E Section Name        Object

    0x0100a200        -       0x00000000   Zero   RW           96    __OPTION_SETTING_OFS1_SEC_init.bss  anon$$obj.o


    Execution Region __ddsc_OPTION_SETTING_OFS1_SEC_START (Exec base: 0x0100a200, Load base: 0x0100a200, Size: 0x00000000, Max: 0x00000000, ABSOLUTE)

    Exec Addr    Load Addr    Size         Type   Attr      Idx    E Section Name        Object

    0x0100a200        -       0x00000000   Zero   RW           97    __ddsc_OPTION_SETTING_OFS1_SEC_START.bss  anon$$obj.o


    Execution Region .option_setting_ofs1_sec.startof (Exec base: 0x0100a200, Load base: 0x0100a200, Size: 0x00000000, Max: 0x00000000, ABSOLUTE)

    Exec Addr    Load Addr    Size         Type   Attr      Idx    E Section Name        Object

    0x0100a200        -       0x00000000   Zero   RW           98    .option_setting_ofs1_sec.startof.bss  anon$$obj.o


    Execution Region __option_setting_ofs1_sec_reg (Exec base: 0x0100a200, Load base: 0x0100a200, Size: 0x00000004, Max: 0xffffffff, ABSOLUTE, FIXED)

    Exec Addr    Load Addr    Size         Type   Attr      Idx    E Section Name        Object

    0x0100a200   0x0100a200   0x00000004   Data   RO         1270    .option_setting_ofs1_sec  bsp_linker.o


    Execution Region __ddsc_OPTION_SETTING_OFS1_SEC_END (Exec base: 0x0100a204, Load base: 0x0100a204, Size: 0x00000000, Max: 0x00000000, ABSOLUTE)

    Exec Addr    Load Addr    Size         Type   Attr      Idx    E Section Name        Object

    0x0100a204        -       0x00000000   Zero   RW           99    __ddsc_OPTION_SETTING_OFS1_SEC_END.bss  anon$$obj.o


    Execution Region .option_setting_ofs1_sec.endof (Exec base: 0x0100a204, Load base: 0x0100a204, Size: 0x00000000, Max: 0x00000000, ABSOLUTE)

    Exec Addr    Load Addr    Size         Type   Attr      Idx    E Section Name        Object

    0x0100a204        -       0x00000000   Zero   RW          100    .option_setting_ofs1_sec.endof.bss  anon$$obj.o


    Execution Region __OPTION_SETTING_OFS1_SEC_end (Exec base: 0x0100a204, Load base: 0x0100a204, Size: 0x00000000, Max: 0x00000000, ABSOLUTE)

    Exec Addr    Load Addr    Size         Type   Attr      Idx    E Section Name        Object

    0x0100a204        -       0x00000000   Zero   RW          101    __OPTION_SETTING_OFS1_SEC_end.bss  anon$$obj.o



  Load Region LOAD_REGION_OPTION_SETTING_BANKSEL_SEC (Base: 0x0100a210, Size: 0x00000000, Max: 0x00000004, ABSOLUTE)

    Execution Region __OPTION_SETTING_BANKSEL_SEC_start (Exec base: 0x0100a210, Load base: 0x0100a210, Size: 0x00000000, Max: 0x00000000, ABSOLUTE)

    Exec Addr    Load Addr    Size         Type   Attr      Idx    E Section Name        Object

    0x0100a210        -       0x00000000   Zero   RW          102    __OPTION_SETTING_BANKSEL_SEC_start.bss  anon$$obj.o


    Execution Region __OPTION_SETTING_BANKSEL_SEC_init (Exec base: 0x0100a210, Load base: 0x0100a210, Size: 0x00000000, Max: 0x00000000, ABSOLUTE)

    Exec Addr    Load Addr    Size         Type   Attr      Idx    E Section Name        Object

    0x0100a210        -       0x00000000   Zero   RW          103    __OPTION_SETTING_BANKSEL_SEC_init.bss  anon$$obj.o


    Execution Region __ddsc_OPTION_SETTING_BANKSEL_SEC_START (Exec base: 0x0100a210, Load base: 0x0100a210, Size: 0x00000000, Max: 0x00000000, ABSOLUTE)

    Exec Addr    Load Addr    Size         Type   Attr      Idx    E Section Name        Object

    0x0100a210        -       0x00000000   Zero   RW          104    __ddsc_OPTION_SETTING_BANKSEL_SEC_START.bss  anon$$obj.o


    Execution Region .option_setting_banksel_sec.startof (Exec base: 0x0100a210, Load base: 0x0100a210, Size: 0x00000000, Max: 0x00000000, ABSOLUTE)

    Exec Addr    Load Addr    Size         Type   Attr      Idx    E Section Name        Object

    0x0100a210        -       0x00000000   Zero   RW          105    .option_setting_banksel_sec.startof.bss  anon$$obj.o


    Execution Region __option_setting_banksel_sec_reg (Exec base: 0x0100a210, Load base: 0x0100a210, Size: 0x00000000, Max: 0xffffffff, ABSOLUTE, FIXED)

    **** No section assigned to this execution region ****


    Execution Region __ddsc_OPTION_SETTING_BANKSEL_SEC_END (Exec base: 0x0100a210, Load base: 0x0100a210, Size: 0x00000000, Max: 0x00000000, ABSOLUTE)

    Exec Addr    Load Addr    Size         Type   Attr      Idx    E Section Name        Object

    0x0100a210        -       0x00000000   Zero   RW          106    __ddsc_OPTION_SETTING_BANKSEL_SEC_END.bss  anon$$obj.o


    Execution Region .option_setting_banksel_sec.endof (Exec base: 0x0100a210, Load base: 0x0100a210, Size: 0x00000000, Max: 0x00000000, ABSOLUTE)

    Exec Addr    Load Addr    Size         Type   Attr      Idx    E Section Name        Object

    0x0100a210        -       0x00000000   Zero   RW          107    .option_setting_banksel_sec.endof.bss  anon$$obj.o


    Execution Region __OPTION_SETTING_BANKSEL_SEC_end (Exec base: 0x0100a210, Load base: 0x0100a210, Size: 0x00000000, Max: 0x00000000, ABSOLUTE)

    Exec Addr    Load Addr    Size         Type   Attr      Idx    E Section Name        Object

    0x0100a210        -       0x00000000   Zero   RW          108    __OPTION_SETTING_BANKSEL_SEC_end.bss  anon$$obj.o



  Load Region LOAD_REGION_OPTION_SETTING_BPS_SEC (Base: 0x0100a240, Size: 0x00000000, Max: 0x00000010, ABSOLUTE)

    Execution Region __OPTION_SETTING_BPS_SEC_start (Exec base: 0x0100a240, Load base: 0x0100a240, Size: 0x00000000, Max: 0x00000000, ABSOLUTE)

    Exec Addr    Load Addr    Size         Type   Attr      Idx    E Section Name        Object

    0x0100a240        -       0x00000000   Zero   RW          109    __OPTION_SETTING_BPS_SEC_start.bss  anon$$obj.o


    Execution Region __OPTION_SETTING_BPS_SEC_init (Exec base: 0x0100a240, Load base: 0x0100a240, Size: 0x00000000, Max: 0x00000000, ABSOLUTE)

    Exec Addr    Load Addr    Size         Type   Attr      Idx    E Section Name        Object

    0x0100a240        -       0x00000000   Zero   RW          110    __OPTION_SETTING_BPS_SEC_init.bss  anon$$obj.o


    Execution Region __ddsc_OPTION_SETTING_BPS_SEC_START (Exec base: 0x0100a240, Load base: 0x0100a240, Size: 0x00000000, Max: 0x00000000, ABSOLUTE)

    Exec Addr    Load Addr    Size         Type   Attr      Idx    E Section Name        Object

    0x0100a240        -       0x00000000   Zero   RW          111    __ddsc_OPTION_SETTING_BPS_SEC_START.bss  anon$$obj.o


    Execution Region .option_setting_bps_sec.startof (Exec base: 0x0100a240, Load base: 0x0100a240, Size: 0x00000000, Max: 0x00000000, ABSOLUTE)

    Exec Addr    Load Addr    Size         Type   Attr      Idx    E Section Name        Object

    0x0100a240        -       0x00000000   Zero   RW          112    .option_setting_bps_sec.startof.bss  anon$$obj.o


    Execution Region __option_setting_bps_sec_reg (Exec base: 0x0100a240, Load base: 0x0100a240, Size: 0x00000000, Max: 0xffffffff, ABSOLUTE, FIXED)

    **** No section assigned to this execution region ****


    Execution Region __ddsc_OPTION_SETTING_BPS_SEC_END (Exec base: 0x0100a240, Load base: 0x0100a240, Size: 0x00000000, Max: 0x00000000, ABSOLUTE)

    Exec Addr    Load Addr    Size         Type   Attr      Idx    E Section Name        Object

    0x0100a240        -       0x00000000   Zero   RW          113    __ddsc_OPTION_SETTING_BPS_SEC_END.bss  anon$$obj.o


    Execution Region .option_setting_bps_sec.endof (Exec base: 0x0100a240, Load base: 0x0100a240, Size: 0x00000000, Max: 0x00000000, ABSOLUTE)

    Exec Addr    Load Addr    Size         Type   Attr      Idx    E Section Name        Object

    0x0100a240        -       0x00000000   Zero   RW          114    .option_setting_bps_sec.endof.bss  anon$$obj.o


    Execution Region __OPTION_SETTING_BPS_SEC_end (Exec base: 0x0100a240, Load base: 0x0100a240, Size: 0x00000000, Max: 0x00000000, ABSOLUTE)

    Exec Addr    Load Addr    Size         Type   Attr      Idx    E Section Name        Object

    0x0100a240        -       0x00000000   Zero   RW          115    __OPTION_SETTING_BPS_SEC_end.bss  anon$$obj.o



  Load Region LOAD_REGION_OPTION_SETTING_PBPS_SEC (Base: 0x0100a260, Size: 0x00000000, Max: 0x00000010, ABSOLUTE)

    Execution Region __OPTION_SETTING_PBPS_SEC_start (Exec base: 0x0100a260, Load base: 0x0100a260, Size: 0x00000000, Max: 0x00000000, ABSOLUTE)

    Exec Addr    Load Addr    Size         Type   Attr      Idx    E Section Name        Object

    0x0100a260        -       0x00000000   Zero   RW          116    __OPTION_SETTING_PBPS_SEC_start.bss  anon$$obj.o


    Execution Region __OPTION_SETTING_PBPS_SEC_init (Exec base: 0x0100a260, Load base: 0x0100a260, Size: 0x00000000, Max: 0x00000000, ABSOLUTE)

    Exec Addr    Load Addr    Size         Type   Attr      Idx    E Section Name        Object

    0x0100a260        -       0x00000000   Zero   RW          117    __OPTION_SETTING_PBPS_SEC_init.bss  anon$$obj.o


    Execution Region __ddsc_OPTION_SETTING_PBPS_SEC_START (Exec base: 0x0100a260, Load base: 0x0100a260, Size: 0x00000000, Max: 0x00000000, ABSOLUTE)

    Exec Addr    Load Addr    Size         Type   Attr      Idx    E Section Name        Object

    0x0100a260        -       0x00000000   Zero   RW          118    __ddsc_OPTION_SETTING_PBPS_SEC_START.bss  anon$$obj.o


    Execution Region .option_setting_pbps_sec.startof (Exec base: 0x0100a260, Load base: 0x0100a260, Size: 0x00000000, Max: 0x00000000, ABSOLUTE)

    Exec Addr    Load Addr    Size         Type   Attr      Idx    E Section Name        Object

    0x0100a260        -       0x00000000   Zero   RW          119    .option_setting_pbps_sec.startof.bss  anon$$obj.o


    Execution Region __option_setting_pbps_sec_reg (Exec base: 0x0100a260, Load base: 0x0100a260, Size: 0x00000000, Max: 0xffffffff, ABSOLUTE, FIXED)

    **** No section assigned to this execution region ****


    Execution Region __ddsc_OPTION_SETTING_PBPS_SEC_END (Exec base: 0x0100a260, Load base: 0x0100a260, Size: 0x00000000, Max: 0x00000000, ABSOLUTE)

    Exec Addr    Load Addr    Size         Type   Attr      Idx    E Section Name        Object

    0x0100a260        -       0x00000000   Zero   RW          120    __ddsc_OPTION_SETTING_PBPS_SEC_END.bss  anon$$obj.o


    Execution Region .option_setting_pbps_sec.endof (Exec base: 0x0100a260, Load base: 0x0100a260, Size: 0x00000000, Max: 0x00000000, ABSOLUTE)

    Exec Addr    Load Addr    Size         Type   Attr      Idx    E Section Name        Object

    0x0100a260        -       0x00000000   Zero   RW          121    .option_setting_pbps_sec.endof.bss  anon$$obj.o


    Execution Region __OPTION_SETTING_PBPS_SEC_end (Exec base: 0x0100a260, Load base: 0x0100a260, Size: 0x00000000, Max: 0x00000000, ABSOLUTE)

    Exec Addr    Load Addr    Size         Type   Attr      Idx    E Section Name        Object

    0x0100a260        -       0x00000000   Zero   RW          122    __OPTION_SETTING_PBPS_SEC_end.bss  anon$$obj.o



  Load Region LOAD_REGION_OPTION_SETTING_OFS1_SEL (Base: 0x0100a280, Size: 0x00000004, Max: 0x00000004, ABSOLUTE)

    Execution Region __OPTION_SETTING_OFS1_SEL_start (Exec base: 0x0100a280, Load base: 0x0100a280, Size: 0x00000000, Max: 0x00000000, ABSOLUTE)

    Exec Addr    Load Addr    Size         Type   Attr      Idx    E Section Name        Object

    0x0100a280        -       0x00000000   Zero   RW          123    __OPTION_SETTING_OFS1_SEL_start.bss  anon$$obj.o


    Execution Region __OPTION_SETTING_OFS1_SEL_init (Exec base: 0x0100a280, Load base: 0x0100a280, Size: 0x00000000, Max: 0x00000000, ABSOLUTE)

    Exec Addr    Load Addr    Size         Type   Attr      Idx    E Section Name        Object

    0x0100a280        -       0x00000000   Zero   RW          124    __OPTION_SETTING_OFS1_SEL_init.bss  anon$$obj.o


    Execution Region __ddsc_OPTION_SETTING_OFS1_SEL_START (Exec base: 0x0100a280, Load base: 0x0100a280, Size: 0x00000000, Max: 0x00000000, ABSOLUTE)

    Exec Addr    Load Addr    Size         Type   Attr      Idx    E Section Name        Object

    0x0100a280        -       0x00000000   Zero   RW          125    __ddsc_OPTION_SETTING_OFS1_SEL_START.bss  anon$$obj.o


    Execution Region .option_setting_ofs1_sel.startof (Exec base: 0x0100a280, Load base: 0x0100a280, Size: 0x00000000, Max: 0x00000000, ABSOLUTE)

    Exec Addr    Load Addr    Size         Type   Attr      Idx    E Section Name        Object

    0x0100a280        -       0x00000000   Zero   RW          126    .option_setting_ofs1_sel.startof.bss  anon$$obj.o


    Execution Region __option_setting_ofs1_sel_reg (Exec base: 0x0100a280, Load base: 0x0100a280, Size: 0x00000004, Max: 0xffffffff, ABSOLUTE, FIXED)

    Exec Addr    Load Addr    Size         Type   Attr      Idx    E Section Name        Object

    0x0100a280   0x0100a280   0x00000004   Data   RO         1271    .option_setting_ofs1_sel  bsp_linker.o


    Execution Region __ddsc_OPTION_SETTING_OFS1_SEL_END (Exec base: 0x0100a284, Load base: 0x0100a284, Size: 0x00000000, Max: 0x00000000, ABSOLUTE)

    Exec Addr    Load Addr    Size         Type   Attr      Idx    E Section Name        Object

    0x0100a284        -       0x00000000   Zero   RW          127    __ddsc_OPTION_SETTING_OFS1_SEL_END.bss  anon$$obj.o


    Execution Region .option_setting_ofs1_sel.endof (Exec base: 0x0100a284, Load base: 0x0100a284, Size: 0x00000000, Max: 0x00000000, ABSOLUTE)

    Exec Addr    Load Addr    Size         Type   Attr      Idx    E Section Name        Object

    0x0100a284        -       0x00000000   Zero   RW          128    .option_setting_ofs1_sel.endof.bss  anon$$obj.o


    Execution Region __OPTION_SETTING_OFS1_SEL_end (Exec base: 0x0100a284, Load base: 0x0100a284, Size: 0x00000000, Max: 0x00000000, ABSOLUTE)

    Exec Addr    Load Addr    Size         Type   Attr      Idx    E Section Name        Object

    0x0100a284        -       0x00000000   Zero   RW          129    __OPTION_SETTING_OFS1_SEL_end.bss  anon$$obj.o



  Load Region LOAD_REGION_OPTION_SETTING_BANKSEL_SEL (Base: 0x0100a290, Size: 0x00000000, Max: 0x00000004, ABSOLUTE)

    Execution Region __OPTION_SETTING_BANKSEL_SEL_start (Exec base: 0x0100a290, Load base: 0x0100a290, Size: 0x00000000, Max: 0x00000000, ABSOLUTE)

    Exec Addr    Load Addr    Size         Type   Attr      Idx    E Section Name        Object

    0x0100a290        -       0x00000000   Zero   RW          130    __OPTION_SETTING_BANKSEL_SEL_start.bss  anon$$obj.o


    Execution Region __OPTION_SETTING_BANKSEL_SEL_init (Exec base: 0x0100a290, Load base: 0x0100a290, Size: 0x00000000, Max: 0x00000000, ABSOLUTE)

    Exec Addr    Load Addr    Size         Type   Attr      Idx    E Section Name        Object

    0x0100a290        -       0x00000000   Zero   RW          131    __OPTION_SETTING_BANKSEL_SEL_init.bss  anon$$obj.o


    Execution Region __ddsc_OPTION_SETTING_BANKSEL_SEL_START (Exec base: 0x0100a290, Load base: 0x0100a290, Size: 0x00000000, Max: 0x00000000, ABSOLUTE)

    Exec Addr    Load Addr    Size         Type   Attr      Idx    E Section Name        Object

    0x0100a290        -       0x00000000   Zero   RW          132    __ddsc_OPTION_SETTING_BANKSEL_SEL_START.bss  anon$$obj.o


    Execution Region .option_setting_banksel_sel.startof (Exec base: 0x0100a290, Load base: 0x0100a290, Size: 0x00000000, Max: 0x00000000, ABSOLUTE)

    Exec Addr    Load Addr    Size         Type   Attr      Idx    E Section Name        Object

    0x0100a290        -       0x00000000   Zero   RW          133    .option_setting_banksel_sel.startof.bss  anon$$obj.o


    Execution Region __option_setting_banksel_sel_reg (Exec base: 0x0100a290, Load base: 0x0100a290, Size: 0x00000000, Max: 0xffffffff, ABSOLUTE, FIXED)

    **** No section assigned to this execution region ****


    Execution Region __ddsc_OPTION_SETTING_BANKSEL_SEL_END (Exec base: 0x0100a290, Load base: 0x0100a290, Size: 0x00000000, Max: 0x00000000, ABSOLUTE)

    Exec Addr    Load Addr    Size         Type   Attr      Idx    E Section Name        Object

    0x0100a290        -       0x00000000   Zero   RW          134    __ddsc_OPTION_SETTING_BANKSEL_SEL_END.bss  anon$$obj.o


    Execution Region .option_setting_banksel_sel.endof (Exec base: 0x0100a290, Load base: 0x0100a290, Size: 0x00000000, Max: 0x00000000, ABSOLUTE)

    Exec Addr    Load Addr    Size         Type   Attr      Idx    E Section Name        Object

    0x0100a290        -       0x00000000   Zero   RW          135    .option_setting_banksel_sel.endof.bss  anon$$obj.o


    Execution Region __OPTION_SETTING_BANKSEL_SEL_end (Exec base: 0x0100a290, Load base: 0x0100a290, Size: 0x00000000, Max: 0x00000000, ABSOLUTE)

    Exec Addr    Load Addr    Size         Type   Attr      Idx    E Section Name        Object

    0x0100a290        -       0x00000000   Zero   RW          136    __OPTION_SETTING_BANKSEL_SEL_end.bss  anon$$obj.o



  Load Region LOAD_REGION_OPTION_SETTING_BPS_SEL (Base: 0x0100a2c0, Size: 0x00000000, Max: 0x00000010, ABSOLUTE)

    Execution Region __OPTION_SETTING_BPS_SEL_start (Exec base: 0x0100a2c0, Load base: 0x0100a2c0, Size: 0x00000000, Max: 0x00000000, ABSOLUTE)

    Exec Addr    Load Addr    Size         Type   Attr      Idx    E Section Name        Object

    0x0100a2c0        -       0x00000000   Zero   RW          137    __OPTION_SETTING_BPS_SEL_start.bss  anon$$obj.o


    Execution Region __OPTION_SETTING_BPS_SEL_init (Exec base: 0x0100a2c0, Load base: 0x0100a2c0, Size: 0x00000000, Max: 0x00000000, ABSOLUTE)

    Exec Addr    Load Addr    Size         Type   Attr      Idx    E Section Name        Object

    0x0100a2c0        -       0x00000000   Zero   RW          138    __OPTION_SETTING_BPS_SEL_init.bss  anon$$obj.o


    Execution Region __ddsc_OPTION_SETTING_BPS_SEL_START (Exec base: 0x0100a2c0, Load base: 0x0100a2c0, Size: 0x00000000, Max: 0x00000000, ABSOLUTE)

    Exec Addr    Load Addr    Size         Type   Attr      Idx    E Section Name        Object

    0x0100a2c0        -       0x00000000   Zero   RW          139    __ddsc_OPTION_SETTING_BPS_SEL_START.bss  anon$$obj.o


    Execution Region .option_setting_bps_sel.startof (Exec base: 0x0100a2c0, Load base: 0x0100a2c0, Size: 0x00000000, Max: 0x00000000, ABSOLUTE)

    Exec Addr    Load Addr    Size         Type   Attr      Idx    E Section Name        Object

    0x0100a2c0        -       0x00000000   Zero   RW          140    .option_setting_bps_sel.startof.bss  anon$$obj.o


    Execution Region __option_setting_bps_sel_reg (Exec base: 0x0100a2c0, Load base: 0x0100a2c0, Size: 0x00000000, Max: 0xffffffff, ABSOLUTE, FIXED)

    **** No section assigned to this execution region ****


    Execution Region __ddsc_OPTION_SETTING_BPS_SEL_END (Exec base: 0x0100a2c0, Load base: 0x0100a2c0, Size: 0x00000000, Max: 0x00000000, ABSOLUTE)

    Exec Addr    Load Addr    Size         Type   Attr      Idx    E Section Name        Object

    0x0100a2c0        -       0x00000000   Zero   RW          141    __ddsc_OPTION_SETTING_BPS_SEL_END.bss  anon$$obj.o


    Execution Region .option_setting_bps_sel.endof (Exec base: 0x0100a2c0, Load base: 0x0100a2c0, Size: 0x00000000, Max: 0x00000000, ABSOLUTE)

    Exec Addr    Load Addr    Size         Type   Attr      Idx    E Section Name        Object

    0x0100a2c0        -       0x00000000   Zero   RW          142    .option_setting_bps_sel.endof.bss  anon$$obj.o


    Execution Region __OPTION_SETTING_BPS_SEL_end (Exec base: 0x0100a2c0, Load base: 0x0100a2c0, Size: 0x00000000, Max: 0x00000000, ABSOLUTE)

    Exec Addr    Load Addr    Size         Type   Attr      Idx    E Section Name        Object

    0x0100a2c0        -       0x00000000   Zero   RW          143    __OPTION_SETTING_BPS_SEL_end.bss  anon$$obj.o


==============================================================================

Image component sizes


      Code (inc. data)   RO Data    RW Data    ZI Data      Debug   Object Name

       342          0          0          0        292      15460   bluetooth.o
       308          0         16          0         69      15892   bsp_can.o
       612          0          0          0         28      39626   bsp_clocks.o
         8          0         78          0          0      10095   bsp_common.o
       140          0          0          0          0       1947   bsp_delay.o
       328          0          0          0         21       4412   bsp_dwt.o
        68          0          0          0         64      14177   bsp_group_irq.o
         0          0          0          0          4        555   bsp_io.o
       138          0          0          0        100      18599   bsp_irq.o
         0          0        380          0          0       3613   bsp_linker.o
       160          0         10          0         10      21902   bsp_register_protection.o
       346          0          0          0         17      15454   bsp_uart.o
         2          0          0          0          8      17924   common_data.o
       928         20          0          0          0       5914   controller.o
       178          0          0          0        257       2027   daemon.o
       130         12          4          0       1124       2272   daemon_task.o
        12          0          0          0          0        923   daemon_task_entry.o
      1112         28          0          0        448      11549   dji_motor.o
       742         36          0          0         13       9591   dm_imu.o
      1184         84          0          0        332      15814   dummy_cmd.o
     11404        340         16          0          0      40442   dummy_kinematic_v2.o
      2404         84        648         28       1418      19446   dummy_motormatic.o
         4          0        492        228        216      62893   hal_data.o
        26          0          0          0          0      16813   hal_warmstart.o
       312         32        731          0       1044       5783   heap_4.o
       118          0          0          0          0       2236   list.o
       236          0          0          0       1297       3407   main.o
       716         12          0          0        173      16645   mc6c.o
       246          0          0         48          0       2767   message_center.o
       134         16          4          0       4196       2312   motor_ctrl_task.o
        16          0          0          0          0        436   motor_ctrl_task_entry.o
         0          0        132          0          0       8090   pin_data.o
       868        152        152          0          8      27634   port.o
      2270         80        651          0         80      21615   queue.o
      2704         16          0          0          8      60082   r_canfd.o
       592          0         44          0        101      26216   r_dtc.o
       430         12          0          0          0      57197   r_ioport.o
      2216          0          0          0          0      76177   r_sci_uart.o
         0          0          0          0          4      47792   r_usb_basic.o
        48          0          0          0          0      50750   r_usb_creg_access.o
        76          0          0         48         44      42156   r_usb_cstd_rtos.o
       176          0          0          0          0      49906   r_usb_mcu.o
       110          0          0          0        546      36146   r_usb_pinthandler_usbip0.o
       602          0          0          0          2      37267   r_usb_preg_abs.o
        56          0          0          0          0      21500   r_usb_preg_access.o
       130         12          4          0       4196       2262   robot_task.o
        24          0          0          0          0        462   robot_task_entry.o
       962         44          0          0         17      14731   rs_motor.o
        14          0         64          0       5120       1026   startup.o
       252          0          0          0          4       6769   system.o
      2992        220        524          0        260      31633   tasks.o
       932         74         95          0        252      15044   timers.o
         0          0        200          0          0       9918   vector_data.o
       434         12          0          0        296      16281   vision.o

    ----------------------------------------------------------------------
     38348       1286       4252        352      22100    1061580   Object Totals
         0          0          0          0          0          0   (incl. Generated)
       106          0          7          0         31          0   (incl. Padding)

    ----------------------------------------------------------------------

      Code (inc. data)   RO Data    RW Data    ZI Data      Debug   Library Member Name

       744        106        152          0          0        352   atan.o
       512         64          0          0          0        208   atan2.o
       200         20          0          0          0        164   cos.o
       368         46         48          0          0        200   cos_i.o
       336         56          0          0          0        136   cosf.o
       104         16          0          0          0        496   dunder.o
        24          0          0          0          0        124   fabs.o
        48          0          0          0          0        124   fpclassify.o
        38          0          0          0          0        116   fpclassifyf.o
        38         12          0          0          0        348   funder.o
       248          0          0          0          0        152   poly.o
         0          0          8          0          0          0   qnan.o
      1080        142        204          0          0        188   rred.o
       340         24         32          0          0        160   rredf.o
       200         20          0          0          0        164   sin.o
       304         24         40          0          0        208   sin_i.o
       400         56          0          0          0        212   sinf.o
       122          0          0          0          0        148   sqrt.o
        28          0          0          0          0         76   calloc.o
        12          6          0          4          0         68   errno.o
         0          0          0          0          0          0   iusefp.o
        30          0          0          0          0         68   llshl.o
        36          0          0          0          0         68   llsshr.o
        32          0          0          0          0         68   llushr.o
       188         20          0          0          0        160   malloc2.o
        36          0          0          0          0         68   memcpya.o
        36          0          0          0          0        108   memseta.o
         0          0          0          8          0          0   mvars.o
        28          0          0          0          0         76   strcmp.o
        18          0          0          0          0         68   strcpy.o
        22          0          0          0          0         68   strnlen.o
        48          0          0          0          0         68   cdcmple.o
        56          0          0          0          0         88   d2f.o
       334          0          0          0          0        148   dadd.o
        54          0          0          0          0         80   dcmpge.o
        54          0          0          0          0         80   dcmpgt.o
        54          0          0          0          0         80   dcmple.o
        54          0          0          0          0         80   dcmplt.o
       222          0          0          0          0        100   ddiv.o
       186          0          0          0          0        176   depilogue.o
        62          0          0          0          0         80   dfixi.o
        34          0          0          0          0         76   dflti.o
        26          0          0          0          0         76   dfltui.o
       228          0          0          0          0         96   dmul.o
       162          0          0          0          0        100   dsqrt.o
        38          0          0          0          0         68   f2d.o
       110          0          0          0          0        168   fepilogue.o

    ----------------------------------------------------------------------
      7308        612        488         12          0       5960   Library Totals
        14          0          4          0          0          0   (incl. Padding)

    ----------------------------------------------------------------------

      Code (inc. data)   RO Data    RW Data    ZI Data      Debug   Library Name

      5106        586        484          0          0       3500   m_wm.l
       466         26          0         12          0        896   mc_w.l
      1722          0          0          0          0       1564   mf_w.l

    ----------------------------------------------------------------------
      7308        612        488         12          0       5960   Library Totals

    ----------------------------------------------------------------------

==============================================================================


      Code (inc. data)   RO Data    RW Data    ZI Data      Debug   

     45656       1898       4740        364      22100    1063080   Grand Totals
     45656       1898       4740        364      22100    1063080   ELF Image Totals
     45656       1898       4740        364          0          0   ROM Totals

==============================================================================

    Total RO  Size (Code + RO Data)                50396 (  49.21kB)
    Total RW  Size (RW Data + ZI Data)             22464 (  21.94kB)
    Total ROM Size (Code + RO Data + RW Data)      50760 (  49.57kB)

==============================================================================

