Component: Arm Compiler for Embedded 6.23 Tool: armlink [5f102400]

==============================================================================

Section Cross References

    hal_warmstart.o(.text.R_BSP_WarmStart) refers to common_data.o(.bss.g_ioport_ctrl) for g_ioport_ctrl
    hal_warmstart.o(.text.R_BSP_WarmStart) refers to pin_data.o(.rodata.g_bsp_pin_cfg) for g_bsp_pin_cfg
    hal_warmstart.o(.text.R_BSP_WarmStart) refers to r_ioport.o(.text.R_IOPORT_Open) for R_IOPORT_Open
    hal_warmstart.o(.ARM.exidx.text.R_BSP_WarmStart) refers to hal_warmstart.o(.text.R_BSP_WarmStart) for [Anonymous Symbol]
    robot_task_entry.o(.text.robot_task_entry) refers to dummy_cmd.o(.text.DummyCmd_Init) for DummyCmd_Init
    robot_task_entry.o(.text.robot_task_entry) refers to dummy_cmd.o(.text.DummyCmd_Task) for DummyCmd_Task
    robot_task_entry.o(.text.robot_task_entry) refers to tasks.o(.text.vTaskDelay) for vTaskDelay
    robot_task_entry.o(.ARM.exidx.text.robot_task_entry) refers to robot_task_entry.o(.text.robot_task_entry) for [Anonymous Symbol]
    daemon_task_entry.o(.text.daemon_task_entry) refers to daemon.o(.text.DaemonTask) for DaemonTask
    daemon_task_entry.o(.text.daemon_task_entry) refers to tasks.o(.text.vTaskDelay) for vTaskDelay
    daemon_task_entry.o(.ARM.exidx.text.daemon_task_entry) refers to daemon_task_entry.o(.text.daemon_task_entry) for [Anonymous Symbol]
    motor_ctrl_task_entry.o(.text.motor_ctrl_task_entry) refers to dummy_motormatic.o(.text.Dummy_Motormatic_Init) for Dummy_Motormatic_Init
    motor_ctrl_task_entry.o(.text.motor_ctrl_task_entry) refers to dummy_motormatic.o(.text.Dummy_Motormatic_Task) for Dummy_Motormatic_Task
    motor_ctrl_task_entry.o(.text.motor_ctrl_task_entry) refers to tasks.o(.text.vTaskDelay) for vTaskDelay
    motor_ctrl_task_entry.o(.ARM.exidx.text.motor_ctrl_task_entry) refers to motor_ctrl_task_entry.o(.text.motor_ctrl_task_entry) for [Anonymous Symbol]
    bsp_can.o(.text.BSP_CAN_Init) refers to bsp_can.o(.bss.can0_instance) for can0_instance
    bsp_can.o(.text.BSP_CAN_Init) refers to calloc.o(.text) for calloc
    bsp_can.o(.text.BSP_CAN_Init) refers to r_canfd.o(.text.R_CANFD_Open) for R_CANFD_Open
    bsp_can.o(.text.BSP_CAN_Init) refers to malloc2.o(i.__free$2region) for free
    bsp_can.o(.ARM.exidx.text.BSP_CAN_Init) refers to bsp_can.o(.text.BSP_CAN_Init) for [Anonymous Symbol]
    bsp_can.o(.ARM.exidx.text.CANSetDLC) refers to bsp_can.o(.text.CANSetDLC) for [Anonymous Symbol]
    bsp_can.o(.text.can_callback) refers to bsp_can.o(.bss.can0_instance) for can0_instance
    bsp_can.o(.text.can_callback) refers to memcpya.o(.text) for __aeabi_memcpy4
    bsp_can.o(.ARM.exidx.text.can_callback) refers to bsp_can.o(.text.can_callback) for [Anonymous Symbol]
    bsp_can.o(.text.CANTransmit) refers to memcpya.o(.text) for __aeabi_memcpy
    bsp_can.o(.text.CANTransmit) refers to r_canfd.o(.text.R_CANFD_Write) for R_CANFD_Write
    bsp_can.o(.ARM.exidx.text.CANTransmit) refers to bsp_can.o(.text.CANTransmit) for [Anonymous Symbol]
    bsp_gpio.o(.text.LED_Set) refers to common_data.o(.bss.g_ioport_ctrl) for g_ioport_ctrl
    bsp_gpio.o(.text.LED_Set) refers to r_ioport.o(.text.R_IOPORT_PinWrite) for R_IOPORT_PinWrite
    bsp_gpio.o(.ARM.exidx.text.LED_Set) refers to bsp_gpio.o(.text.LED_Set) for [Anonymous Symbol]
    bsp_gpio.o(.text.Buzzer_Set) refers to common_data.o(.bss.g_ioport_ctrl) for g_ioport_ctrl
    bsp_gpio.o(.text.Buzzer_Set) refers to r_ioport.o(.text.R_IOPORT_PinWrite) for R_IOPORT_PinWrite
    bsp_gpio.o(.ARM.exidx.text.Buzzer_Set) refers to bsp_gpio.o(.text.Buzzer_Set) for [Anonymous Symbol]
    bsp_gpio.o(.text.WIFI_Weakmode_Set) refers to common_data.o(.bss.g_ioport_ctrl) for g_ioport_ctrl
    bsp_gpio.o(.text.WIFI_Weakmode_Set) refers to r_ioport.o(.text.R_IOPORT_PinWrite) for R_IOPORT_PinWrite
    bsp_gpio.o(.ARM.exidx.text.WIFI_Weakmode_Set) refers to bsp_gpio.o(.text.WIFI_Weakmode_Set) for [Anonymous Symbol]
    bsp_gpio.o(.text.WIFI_Reset_Set) refers to bsp_delay.o(.text.R_BSP_SoftwareDelay) for R_BSP_SoftwareDelay
    bsp_gpio.o(.ARM.exidx.text.WIFI_Reset_Set) refers to bsp_gpio.o(.text.WIFI_Reset_Set) for [Anonymous Symbol]
    bsp_uart.o(.text.USARTRegister) refers to bsp_uart.o(.bss.idx) for idx
    bsp_uart.o(.text.USARTRegister) refers to calloc.o(.text) for calloc
    bsp_uart.o(.text.USARTRegister) refers to bsp_uart.o(.bss.usart_instance) for usart_instance
    bsp_uart.o(.text.USARTRegister) refers to r_sci_uart.o(.text.R_SCI_UART_Open) for R_SCI_UART_Open
    bsp_uart.o(.text.USARTRegister) refers to malloc2.o(i.__free$2region) for free
    bsp_uart.o(.text.USARTRegister) refers to r_sci_uart.o(.text.R_SCI_UART_Read) for R_SCI_UART_Read
    bsp_uart.o(.ARM.exidx.text.USARTRegister) refers to bsp_uart.o(.text.USARTRegister) for [Anonymous Symbol]
    bsp_uart.o(.text.UART_Global_Callback) refers to bsp_uart.o(.bss.idx) for idx
[...]
    0x20000098   0x000000d8   0x00000030   Data   RW          355    .data.message_center  message_center.o
    0x200000c8   0x00000108   0x00000010   Data   RW         1259    .data.motor_ctrl_can_bit_timing_cfg  hal_data.o
    0x200000d8   0x00000118   0x00000010   Data   RW         1260    .data.motor_ctrl_can_data_timing_cfg  hal_data.o
    0x200000e8   0x00000128   0x00000020   Data   RW         1262    .data.motor_ctrl_can_extended_cfg  hal_data.o
    0x20000108   0x00000148   0x00000004   Data   RW         1254    .data.sbus_baud_setting  hal_data.o
    0x2000010c   0x0000014c   0x00000010   Data   RW         1249    .data.sbus_dtc_transfer_info  hal_data.o


    Execution Region __ram_noinit_nocache (Exec base: 0x20000120, Load base: 0x0000015c, Size: 0x00000000, Max: 0xffffffff, ABSOLUTE, UNINIT)

    **** No section assigned to this execution region ****


    Execution Region __ram_zero_nocache (Exec base: 0x20000120, Load base: 0x0000015c, Size: 0x00000000, Max: 0xffffffff, ABSOLUTE)

    **** No section assigned to this execution region ****


    Execution Region __ram_zero_nocache_pad (Exec base: 0x20000120, Load base: 0x0000015c, Size: 0x00000000, Max: 0x00000000, ABSOLUTE)

    Exec Addr    Load Addr    Size         Type   Attr      Idx    E Section Name        Object

    0x20000120        -       0x00000000   Zero   RW           43    __ram_zero_nocache_pad.bss  anon$$obj.o


    Execution Region __ram_noinit (Exec base: 0x20000120, Load base: 0x0000015c, Size: 0x00000000, Max: 0xffffffff, ABSOLUTE, UNINIT)

    **** No section assigned to this execution region ****


    Execution Region ARM_LIB_STACK (Exec base: 0x20000120, Load base: 0x0000015c, Size: 0x00000000, Max: 0x00000000, ABSOLUTE, UNINIT)

    Exec Addr    Load Addr    Size         Type   Attr      Idx    E Section Name        Object

    0x20000120        -       0x00000000   Zero   RW           44    ARM_LIB_STACK.bss   anon$$obj.o


    Execution Region ARM_LIB_HEAP (Exec base: 0x20000120, Load base: 0x0000015c, Size: 0x00001000, Max: 0xffffffff, ABSOLUTE, UNINIT)

    Exec Addr    Load Addr    Size         Type   Attr      Idx    E Section Name        Object

    0x20000120        -       0x00001000   Zero   RW          814    .bss.g_heap         startup.o


    Execution Region __post_heap (Exec base: 0x20001120, Load base: 0x0000015c, Size: 0x0000041c, Max: 0xffffffff, ABSOLUTE, UNINIT)

    Exec Addr    Load Addr    Size         Type   Attr      Idx    E Section Name        Object

    0x20001120        -       0x00000400   Zero   RW          812    .bss.g_main_stack   startup.o
    0x20001520        -       0x0000001c   Zero   RW          859    .bss.ram_noinit     bsp_clocks.o


    Execution Region __ram_zero (Exec base: 0x2000153c, Load base: 0x0000015c, Size: 0x000013cc, Max: 0xffffffff, ABSOLUTE)

    Exec Addr    Load Addr    Size         Type   Attr      Idx    E Section Name        Object

    0x2000153c        -       0x00000004   Zero   RW          250    .bss.CPU_FREQ_Hz    bsp_dwt.o
    0x20001540        -       0x00000004   Zero   RW          251    .bss.CPU_FREQ_Hz_ms  bsp_dwt.o
    0x20001544        -       0x00000004   Zero   RW          252    .bss.CPU_FREQ_Hz_us  bsp_dwt.o
    0x20001548        -       0x00000004   Zero   RW          258    .bss.CYCCNT_LAST    bsp_dwt.o
    0x2000154c        -       0x00000004   Zero   RW          253    .bss.CYCCNT_RountCount  bsp_dwt.o
    0x20001550        -       0x00000001   Zero   RW          257    .bss.DWT_CNT_Update.bit_locker  bsp_dwt.o
    0x20001551   0x0000015c   0x00000003   PAD
    0x20001554        -       0x00000004   Zero   RW          318    .bss.Joint_can_instance  step_motor.o
    0x20001558        -       0x00000008   Zero   RW          254    .bss.SysTime.0      bsp_dwt.o
    0x20001560        -       0x00000008   Zero   RW          255    .bss.SysTime.1      bsp_dwt.o
    0x20001568        -       0x00000008   Zero   RW          256    .bss.SysTime.2      bsp_dwt.o
    0x20001570        -       0x00000004   Zero   RW          828    .bss.SystemCoreClock  system.o
    0x20001574        -       0x00000004   Zero   RW          445    .bss.best_sol_index  dummy_motormatic.o
    0x20001578        -       0x00000004   Zero   RW          189    .bss.can0_instance  bsp_can.o
    0x2000157c        -       0x00000018   Zero   RW          436    .bss.current_joints_feedback  dummy_motormatic.o
    0x20001594        -       0x00000040   Zero   RW          434    .bss.current_pose   dummy_motormatic.o
    0x200015d4        -       0x00000100   Zero   RW          337    .bss.daemon_instances  daemon.o
    0x200016d4        -       0x00000004   Zero   RW         1213    .bss.daemon_task    daemon_task.o
    0x200016d8        -       0x00000060   Zero   RW         1212    .bss.daemon_task_memory  daemon_task.o
    0x20001738        -       0x00000050   Zero   RW          437    .bss.dummy_cmd_data  dummy_motormatic.o
    0x20001788        -       0x00000004   Zero   RW          418    .bss.dummy_cmd_pub  dummy_cmd.o
    0x2000178c        -       0x00000050   Zero   RW          416    .bss.dummy_cmd_send  dummy_cmd.o
    0x200017dc        -       0x00000174   Zero   RW          435    .bss.dummy_feed_data  dummy_motormatic.o
    0x20001950        -       0x00000004   Zero   RW          419    .bss.dummy_feed_sub  dummy_cmd.o
    0x20001954        -       0x00000174   Zero   RW          415    .bss.dummy_fetch_data  dummy_cmd.o
    0x20001ac8        -       0x000001b0   Zero   RW          320    .bss.dummy_joints   step_motor.o
    0x20001c78        -       0x00000004   Zero   RW          442    .bss.dummy_motormatic_pub  dummy_motormatic.o
    0x20001c7c        -       0x00000004   Zero   RW          443    .bss.dummy_motormatic_sub  dummy_motormatic.o
    0x20001c80        -       0x00000040   Zero   RW          901    .bss.g_bsp_group_irq_sources  bsp_group_irq.o
    0x20001cc0        -       0x00000001   Zero   RW         1283    .bss.g_fsp_common_initialized  main.o
    0x20001cc1   0x0000015c   0x00000003   PAD
    0x20001cc4        -       0x00000004   Zero   RW         1282    .bss.g_fsp_common_initialized_semaphore  main.o
    0x20001cc8        -       0x00000048   Zero   RW         1285    .bss.g_fsp_common_initialized_semaphore_memory  main.o
    0x20001d10        -       0x00000004   Zero   RW         1284    .bss.g_fsp_common_thread_count  main.o
    0x20001d14        -       0x00000008   Zero   RW         1198    .bss.g_ioport_ctrl  common_data.o
    0x20001d1c        -       0x00000004   Zero   RW         1187    .bss.g_mask_level_before_disable  port.o
    0x20001d20        -       0x0000000a   Zero   RW          935    .bss.g_protect_counters  bsp_register_protection.o
    0x20001d2a   0x0000015c   0x00000002   PAD
    0x20001d2c        -       0x00000004   Zero   RW          911    .bss.g_protect_pfswe_counter  bsp_io.o
    0x20001d30        -       0x00000008   Zero   RW         1025    .bss.gp_ctrl        r_canfd.o
    0x20001d38        -       0x00000044   Zero   RW          921    .bss.gp_renesas_isr_context  bsp_irq.o
    0x20001d7c        -       0x00000001   Zero   RW          220    .bss.idx            bsp_uart.o
    0x20001d7d        -       0x00000001   Zero   RW          338    .bss.idx            daemon.o
    0x20001d7e   0x0000015c   0x00000002   PAD
    0x20001d80        -       0x000000d8   Zero   RW          444    .bss.ik_results     dummy_motormatic.o
    0x20001e58        -       0x00000001   Zero   RW          317    .bss.is_driver_initialized  step_motor.o
    0x20001e59        -       0x00000001   Zero   RW          433    .bss.is_pose_initialized  dummy_motormatic.o
    0x20001e5a        -       0x00000001   Zero   RW          414    .bss.is_synced      dummy_cmd.o
    0x20001e5b   0x0000015c   0x00000001   PAD
    0x20001e5c        -       0x0000006c   Zero   RW          319    .bss.joint_configs  step_motor.o
    0x20001ec8        -       0x000000ec   Zero   RW          440    .bss.kinematic_handle  dummy_motormatic.o
    0x20001fb4        -       0x00000020   Zero   RW          375    .bss.mc_ctrl        mc6c.o
    0x20001fd4        -       0x00000004   Zero   RW          373    .bss.mc_daemon_instance  mc6c.o
    0x20001fd8        -       0x00000004   Zero   RW          417    .bss.mc_data        dummy_cmd.o
    0x20001fdc        -       0x00000001   Zero   RW          372    .bss.mc_init_flag   mc6c.o
    0x20001fdd   0x0000015c   0x00000003   PAD
    0x20001fe0        -       0x00000004   Zero   RW          374    .bss.mc_usart_instance  mc6c.o
    0x20001fe4        -       0x00000020   Zero   RW         1264    .bss.motor_ctrl_can_ctrl  hal_data.o
    0x20002004        -       0x00000004   Zero   RW         1306    .bss.motor_ctrl_task  motor_ctrl_task.o
    0x20002008        -       0x00000060   Zero   RW         1305    .bss.motor_ctrl_task_memory  motor_ctrl_task.o
    0x20002068        -       0x00000078   Zero   RW          799    .bss.prvCheckForValidListAndQueue.ucStaticTimerQueueStorage  timers.o
    0x200020e0        -       0x00000048   Zero   RW          798    .bss.prvCheckForValidListAndQueue.xStaticTimerQueue  timers.o
    0x20002128        -       0x00000004   Zero   RW          795    .bss.prvSampleTimeNow.xLastTime  timers.o
    0x2000212c        -       0x00000004   Zero   RW          715    .bss.pxCurrentTCB   tasks.o
    0x20002130        -       0x00000004   Zero   RW          793    .bss.pxCurrentTimerList  timers.o
    0x20002134        -       0x00000004   Zero   RW          733    .bss.pxDelayedTaskList  tasks.o
    0x20002138        -       0x00000004   Zero   RW          734    .bss.pxOverflowDelayedTaskList  tasks.o
    0x2000213c        -       0x00000004   Zero   RW          794    .bss.pxOverflowTimerList  timers.o
    0x20002140        -       0x00000064   Zero   RW          724    .bss.pxReadyTasksLists  tasks.o
    0x200021a4        -       0x00000001   Zero   RW         1060    .bss.r_dtc_state_initialize.g_dtc_state_initialized  r_dtc.o
    0x200021a5   0x0000015c   0x00000003   PAD
    0x200021a8        -       0x00000004   Zero   RW         1329    .bss.robot_task     robot_task.o
    0x200021ac        -       0x00000060   Zero   RW         1328    .bss.robot_task_memory  robot_task.o
    0x2000220c        -       0x00000002   Zero   RW          377    .bss.s_head         mc6c.o
    0x2000220e        -       0x00000080   Zero   RW          376    .bss.s_raw_fifo     mc6c.o
    0x2000228e        -       0x00000002   Zero   RW          378    .bss.s_tail         mc6c.o
    0x20002290        -       0x00000030   Zero   RW         1257    .bss.sbus_ctrl      hal_data.o
    0x200022c0        -       0x00000008   Zero   RW         1252    .bss.sbus_dtc_transfer_ctrl  hal_data.o
    0x200022c8        -       0x00000018   Zero   RW          446    .bss.target_joints_angle  dummy_motormatic.o
    0x200022e0        -       0x00000040   Zero   RW          441    .bss.target_pose    dummy_motormatic.o
    0x20002320        -       0x00000010   Zero   RW          221    .bss.usart_instance  bsp_uart.o
    0x20002330        -       0x00000004   Zero   RW         1186    .bss.uxCriticalNesting  port.o
    0x20002334        -       0x00000004   Zero   RW          720    .bss.uxCurrentNumberOfTasks  tasks.o
    0x20002338        -       0x00000004   Zero   RW          719    .bss.uxDeletedTasksWaitingCleanUp  tasks.o
    0x2000233c        -       0x00000004   Zero   RW          721    .bss.uxSchedulerSuspended  tasks.o
    0x20002340        -       0x00000004   Zero   RW          716    .bss.uxTaskNumber   tasks.o
    0x20002344        -       0x00000004   Zero   RW          725    .bss.uxTopReadyPriority  tasks.o
    0x20002348        -       0x00000200   Zero   RW         1287    .bss.vApplicationGetIdleTaskMemory.uxIdleTaskStack  main.o
    0x20002548        -       0x00000060   Zero   RW         1286    .bss.vApplicationGetIdleTaskMemory.xIdleTaskTCB  main.o
    0x200025a8        -       0x00000200   Zero   RW         1289    .bss.vApplicationGetTimerTaskMemory.uxTimerTaskStack  main.o
    0x200027a8        -       0x00000060   Zero   RW         1288    .bss.vApplicationGetTimerTaskMemory.xTimerTaskTCB  main.o
    0x20002808        -       0x00000014   Zero   RW          796    .bss.xActiveTimerList1  timers.o
    0x2000281c        -       0x00000014   Zero   RW          797    .bss.xActiveTimerList2  timers.o
    0x20002830        -       0x00000014   Zero   RW          736    .bss.xDelayedTaskList1  tasks.o
    0x20002844        -       0x00000014   Zero   RW          737    .bss.xDelayedTaskList2  tasks.o
    0x20002858        -       0x00000004   Zero   RW          730    .bss.xIdleTaskHandles.0  tasks.o
    0x2000285c        -       0x00000004   Zero   RW          729    .bss.xNextTaskUnblockTime  tasks.o
    0x20002860        -       0x00000004   Zero   RW          735    .bss.xNumOfOverflows  tasks.o
    0x20002864        -       0x00000004   Zero   RW          732    .bss.xPendedTicks   tasks.o
    0x20002868        -       0x00000014   Zero   RW          728    .bss.xPendingReadyList  tasks.o
    0x2000287c        -       0x00000050   Zero   RW          555    .bss.xQueueRegistry  queue.o
    0x200028cc        -       0x00000004   Zero   RW          717    .bss.xSchedulerRunning  tasks.o
    0x200028d0        -       0x00000014   Zero   RW          726    .bss.xSuspendedTaskList  tasks.o
    0x200028e4        -       0x00000014   Zero   RW          718    .bss.xTasksWaitingTermination  tasks.o
    0x200028f8        -       0x00000004   Zero   RW          723    .bss.xTickCount     tasks.o
    0x200028fc        -       0x00000004   Zero   RW          790    .bss.xTimerQueue    timers.o
    0x20002900        -       0x00000004   Zero   RW          791    .bss.xTimerTaskHandle  timers.o
    0x20002904        -       0x00000004   Zero   RW          727    .bss.xYieldPendings  tasks.o


    Execution Region __ram_thread_stack (Exec base: 0x20002908, Load base: 0x0000015c, Size: 0x00002400, Max: 0xffffffff, ABSOLUTE, UNINIT)

    Exec Addr    Load Addr    Size         Type   Attr      Idx    E Section Name        Object

    0x20002908        -       0x00000400   Zero   RW         1211    .bss.stack.thread   daemon_task.o
    0x20002d08        -       0x00001000   Zero   RW         1304    .bss.stack.thread   motor_ctrl_task.o
    0x20003d08        -       0x00001000   Zero   RW         1327    .bss.stack.thread   robot_task.o


    Execution Region __ddsc_RAM_END (Exec base: 0x20004e00, Load base: 0x0000015c, Size: 0x00000000, Max: 0x00000000, ABSOLUTE)

    Exec Addr    Load Addr    Size         Type   Attr      Idx    E Section Name        Object

    0x20004e00        -       0x00000000   Zero   RW           45    __ddsc_RAM_END.bss  anon$$obj.o


    Execution Region .ram.endof (Exec base: 0x20004e00, Load base: 0x0000015c, Size: 0x00000000, Max: 0x00000000, ABSOLUTE)

    Exec Addr    Load Addr    Size         Type   Attr      Idx    E Section Name        Object

    0x20004e00        -       0x00000000   Zero   RW           46    .ram.endof.bss      anon$$obj.o


    Execution Region __RAM_end (Exec base: 0x20004e00, Load base: 0x0000015c, Size: 0x00000000, Max: 0x00000000, ABSOLUTE)

    Exec Addr    Load Addr    Size         Type   Attr      Idx    E Section Name        Object

    0x20004e00        -       0x00000000   Zero   RW           47    __RAM_end.bss       anon$$obj.o


    Execution Region __ospi0_cs0_from_data_flash_jump (Exec base: 0x68000000, Load base: 0x00000084, Size: 0x00000000, Max: 0x00000000, ABSOLUTE)

    Exec Addr    Load Addr    Size         Type   Attr      Idx    E Section Name        Object

    0x68000000        -       0x00000000   Zero   RW           37    __ospi0_cs0_from_data_flash_jump.bss  anon$$obj.o


    Execution Region __ospi0_cs0_from_flash (Exec base: 0x68000000, Load base: 0x00000084, Size: 0x00000000, Max: 0xffffffff, ABSOLUTE)

    **** No section assigned to this execution region ****


    Execution Region __ospi0_cs0_noinit_nocache (Exec base: 0x68000000, Load base: 0x00000084, Size: 0x00000000, Max: 0xffffffff, ABSOLUTE, UNINIT)

    **** No section assigned to this execution region ****


    Execution Region __ospi0_cs0_zero_nocache (Exec base: 0x68000000, Load base: 0x00000084, Size: 0x00000000, Max: 0xffffffff, ABSOLUTE)

    **** No section assigned to this execution region ****


    Execution Region __ospi0_cs0_zero_nocache_pad (Exec base: 0x68000000, Load base: 0x00000084, Size: 0x00000000, Max: 0x00000000, ABSOLUTE)

    Exec Addr    Load Addr    Size         Type   Attr      Idx    E Section Name        Object

    0x68000000        -       0x00000000   Zero   RW           38    __ospi0_cs0_zero_nocache_pad.bss  anon$$obj.o


    Execution Region __ospi0_cs0_noinit (Exec base: 0x68000000, Load base: 0x00000084, Size: 0x00000000, Max: 0xffffffff, ABSOLUTE, UNINIT)

    **** No section assigned to this execution region ****


    Execution Region __ospi0_cs0_zero (Exec base: 0x68000000, Load base: 0x00000084, Size: 0x00000000, Max: 0xffffffff, ABSOLUTE)

    **** No section assigned to this execution region ****


    Execution Region __ddsc_OSPI0_CS0_END (Exec base: 0x68000000, Load base: 0x00000084, Size: 0x00000000, Max: 0x00000000, ABSOLUTE)

    Exec Addr    Load Addr    Size         Type   Attr      Idx    E Section Name        Object

    0x68000000        -       0x00000000   Zero   RW           39    __ddsc_OSPI0_CS0_END.bss  anon$$obj.o


    Execution Region .ospi0_cs0.endof (Exec base: 0x68000000, Load base: 0x00000084, Size: 0x00000000, Max: 0x00000000, ABSOLUTE)

    Exec Addr    Load Addr    Size         Type   Attr      Idx    E Section Name        Object

    0x68000000        -       0x00000000   Zero   RW           40    .ospi0_cs0.endof.bss  anon$$obj.o


    Execution Region __OSPI0_CS0_end (Exec base: 0x68000000, Load base: 0x00000084, Size: 0x00000000, Max: 0x00000000, ABSOLUTE)

    Exec Addr    Load Addr    Size         Type   Attr      Idx    E Section Name        Object

    0x68000000        -       0x00000000   Zero   RW           41    __OSPI0_CS0_end.bss  anon$$obj.o



  Load Region LOAD_REGION_FLASH_JUMP (Base: 0x0000015c, Size: 0x00006cdc, Max: 0xffffffff, ABSOLUTE)

    Execution Region __flash_readonly (Exec base: 0x0000015c, Load base: 0x0000015c, Size: 0x00006cdc, Max: 0xffffffff, ABSOLUTE, FIXED)

    Exec Addr    Load Addr    Size         Type   Attr      Idx    E Section Name        Object

    0x0000015c   0x0000015c   0x00000062   Code   RO         1382    .text               mc_w.l(uldiv.o)
    0x000001be   0x000001be   0x00000024   Code   RO         1386    .text               mc_w.l(memcpya.o)
    0x000001e2   0x000001e2   0x00000024   Code   RO         1388    .text               mc_w.l(memseta.o)
    0x00000206   0x00000206   0x0000001c   Code   RO         1390    .text               mc_w.l(strcmp.o)
    0x00000222   0x00000222   0x00000012   Code   RO         1392    .text               mc_w.l(strcpy.o)
    0x00000234   0x00000234   0x00000016   Code   RO         1396    .text               mc_w.l(strnlen.o)
    0x0000024a   0x0000024a   0x0000001c   Code   RO         1426    .text               mc_w.l(calloc.o)
    0x00000266   0x00000266   0x0000001c   Code   RO         1430    .text               mf_w.l(ffltul.o)
    0x00000282   0x00000282   0x0000001e   Code   RO         1459    .text               mc_w.l(llshl.o)
    0x000002a0   0x000002a0   0x00000020   Code   RO         1461    .text               mc_w.l(llushr.o)
    0x000002c0   0x000002c0   0x00000000   Code   RO         1472    .text               mc_w.l(iusefp.o)
    0x000002c0   0x000002c0   0x0000006e   Code   RO         1473    .text               mf_w.l(fepilogue.o)
    0x0000032e   0x0000032e   0x00000052   Code   RO         1475    .text               mf_w.l(frem.o)
    0x00000380   0x00000380   0x00000044   Code   RO          180    .text.BSP_CAN_Init  bsp_can.o
    0x000003c4   0x000003c4   0x0000003e   Code   RO          186    .text.CANTransmit   bsp_can.o
    0x00000402   0x00000402   0x0000004a   Code   RO          232    .text.DWT_CNT_Update  bsp_dwt.o
    0x0000044c   0x0000044c   0x0000006c   Code   RO          244    .text.DWT_GetTimeline_ms  bsp_dwt.o
    0x000004b8   0x000004b8   0x0000007e   Code   RO          230    .text.DWT_Init      bsp_dwt.o
    0x00000536   0x00000536   0x000000a8   Code   RO          240    .text.DWT_SysTimeUpdate  bsp_dwt.o
    0x000005de   0x000005de   0x0000003c   Code   RO          329    .text.DaemonRegister  daemon.o
    0x0000061a   0x0000061a   0x00000006   Code   RO          331    .text.DaemonReload  daemon.o
    0x00000620   0x00000620   0x0000003a   Code   RO          335    .text.DaemonTask    daemon.o
    0x0000065a   0x0000065a   0x00000004   Code   RO          810    .text.Default_Handler  startup.o
    0x0000065e   0x0000065e   0x00000002   PAD
    0x00000660   0x00000660   0x00000068   Code   RO          410    .text.DummyCmd_Init  dummy_cmd.o
    0x000006c8   0x000006c8   0x00000058   Code   RO          412    .text.DummyCmd_Task  dummy_cmd.o
    0x00000720   0x00000720   0x00000064   Code   RO          427    .text.Dummy_Joint_Update  dummy_motormatic.o
    0x00000784   0x00000784   0x000000ac   Code   RO          429    .text.Dummy_Motormatic_Init  dummy_motormatic.o
    0x00000830   0x00000830   0x000001a4   Code   RO          431    .text.Dummy_Motormatic_Task  dummy_motormatic.o
    0x000009d4   0x000009d4   0x000000bc   Code   RO          287    .text.Joint_Motor_Callback  step_motor.o
    0x00000a90   0x00000a90   0x00000060   Code   RO          311    .text.Joint_Motor_Check_Connection  step_motor.o
    0x00000af0   0x00000af0   0x00000008   Code   RO          289    .text.Joint_Motor_Enable  step_motor.o
    0x00000af8   0x00000af8   0x0000001e   Code   RO          396    .text.Joint_Motor_Get_All_Angles  dummy_kinematic.o
    0x00000b16   0x00000b16   0x00000002   PAD
    0x00000b18   0x00000b18   0x0000002c   Code   RO          313    .text.Joint_Motor_Get_Angle  step_motor.o
    0x00000b44   0x00000b44   0x000000b2   Code   RO          285    .text.Joint_Motor_Init  step_motor.o
    0x00000bf6   0x00000bf6   0x00000024   Code   RO          303    .text.Joint_Motor_Query_State  step_motor.o
    0x00000c1a   0x00000c1a   0x00000002   PAD
    0x00000c1c   0x00000c1c   0x00000098   Code   RO          293    .text.Joint_Motor_Set_Pos_With_SpeedLimit  step_motor.o
    0x00000cb4   0x00000cb4   0x000000d8   Code   RO          388    .text.Kinematic_Init  dummy_kinematic.o
    0x00000d8c   0x00000d8c   0x000000bc   Code   RO          394    .text.Kinematic_Select_Best_Sol  dummy_kinematic.o
    0x00000e48   0x00000e48   0x000004ec   Code   RO          390    .text.Kinematic_SolveFK  dummy_kinematic.o
    0x00001334   0x00001334   0x00000870   Code   RO          392    .text.Kinematic_SolveIK  dummy_kinematic.o
    0x00001ba4   0x00001ba4   0x0000006c   Code   RO          366    .text.MCControlInit  mc6c.o
    0x00001c10   0x00001c10   0x00000022   Code   RO          370    .text.MCLostCallback  mc6c.o
    0x00001c32   0x00001c32   0x00000002   PAD
    0x00001c34   0x00001c34   0x0000022c   Code   RO          368    .text.MCRxCallback  mc6c.o
    0x00001e60   0x00001e60   0x0000007e   Code   RO          408    .text.MC_Remote_Ctrl  dummy_cmd.o
    0x00001ede   0x00001ede   0x00000002   PAD
    0x00001ee0   0x00001ee0   0x00000044   Code   RO          899    .text.NMI_Handler   bsp_group_irq.o
    0x00001f24   0x00001f24   0x00000044   Code   RO         1157    .text.PendSV_Handler  port.o
    0x00001f68   0x00001f68   0x0000003c   Code   RO          353    .text.PubPushMessage  message_center.o
    0x00001fa4   0x00001fa4   0x0000005c   Code   RO          347    .text.PubRegister   message_center.o
    0x00002000   0x00002000   0x0000007a   Code   RO          857    .text.R_BSP_Init_RTC  bsp_clocks.o
    0x0000207a   0x0000207a   0x0000004e   Code   RO          933    .text.R_BSP_RegisterProtectDisable  bsp_register_protection.o
    0x000020c8   0x000020c8   0x00000052   Code   RO          931    .text.R_BSP_RegisterProtectEnable  bsp_register_protection.o
    0x0000211a   0x0000211a   0x00000084   Code   RO          885    .text.R_BSP_SoftwareDelay  bsp_delay.o
    0x0000219e   0x0000219e   0x00000002   Code   RO          851    .text.R_BSP_SubClockStabilizeWaitAfterReset  bsp_clocks.o
    0x000021a0   0x000021a0   0x0000001a   Code   RO          145    .text.R_BSP_WarmStart  hal_warmstart.o
    0x000021ba   0x000021ba   0x00000002   PAD
    0x000021bc   0x000021bc   0x00000360   Code   RO          998    .text.R_CANFD_Open  r_canfd.o
    0x0000251c   0x0000251c   0x0000012e   Code   RO         1000    .text.R_CANFD_Write  r_canfd.o
    0x0000264a   0x0000264a   0x00000004   Code   RO         1054    .text.R_DTC_CallbackSet  r_dtc.o
    0x0000264e   0x0000264e   0x0000002c   Code   RO         1050    .text.R_DTC_Close   r_dtc.o
    0x0000267a   0x0000267a   0x0000001a   Code   RO         1042    .text.R_DTC_Disable  r_dtc.o
    0x00002694   0x00002694   0x0000001a   Code   RO         1040    .text.R_DTC_Enable  r_dtc.o
    0x000026ae   0x000026ae   0x0000004a   Code   RO         1048    .text.R_DTC_InfoGet  r_dtc.o
    0x000026f8   0x000026f8   0x00000084   Code   RO         1034    .text.R_DTC_Open    r_dtc.o
    0x0000277c   0x0000277c   0x00000046   Code   RO         1036    .text.R_DTC_Reconfigure  r_dtc.o
    0x000027c2   0x000027c2   0x00000004   Code   RO         1052    .text.R_DTC_Reload  r_dtc.o
    0x000027c6   0x000027c6   0x00000002   PAD
    0x000027c8   0x000027c8   0x00000088   Code   RO         1038    .text.R_DTC_Reset   r_dtc.o
    0x00002850   0x00002850   0x00000004   Code   RO         1044    .text.R_DTC_SoftwareStart  r_dtc.o
    0x00002854   0x00002854   0x00000004   Code   RO         1046    .text.R_DTC_SoftwareStop  r_dtc.o
    0x00002858   0x00002858   0x00000016   Code   RO         1069    .text.R_IOPORT_Open  r_ioport.o
    0x0000286e   0x0000286e   0x00000002   PAD
    0x00002870   0x00002870   0x00000078   Code   RO         1118    .text.R_SCI_UART_Abort  r_sci_uart.o
    0x000028e8   0x000028e8   0x000003b4   Code   RO         1108    .text.R_SCI_UART_Open  r_sci_uart.o
    0x00002c9c   0x00002c9c   0x00000036   Code   RO         1110    .text.R_SCI_UART_Read  r_sci_uart.o
    0x00002cd2   0x00002cd2   0x00000002   PAD
    0x00002cd4   0x00002cd4   0x0000000a   Code   RO          808  * .text.Reset_Handler  startup.o
    0x00002cde   0x00002cde   0x00000002   PAD
    0x00002ce0   0x00002ce0   0x00000018   Code   RO         1155    .text.SVC_Handler   port.o
    0x00002cf8   0x00002cf8   0x00000028   Code   RO          291    .text.Send_U32      step_motor.o
    0x00002d20   0x00002d20   0x00000028   Code   RO          351    .text.SubGetMessage  message_center.o
    0x00002d48   0x00002d48   0x00000036   Code   RO          349    .text.SubRegister   message_center.o
    0x00002d7e   0x00002d7e   0x00000026   Code   RO         1161    .text.SysTick_Handler  port.o
    0x00002da4   0x00002da4   0x0000002c   Code   RO          841    .text.SystemCoreClockUpdate  bsp_clocks.o
    0x00002dd0   0x00002dd0   0x000000a2   Code   RO          822    .text.SystemInit    system.o
    0x00002e72   0x00002e72   0x00000002   PAD
    0x00002e74   0x00002e74   0x0000005a   Code   RO          826    .text.SystemRuntimeInit  system.o
    0x00002ece   0x00002ece   0x00000002   PAD
    0x00002ed0   0x00002ed0   0x000000c2   Code   RO          216    .text.UART_Global_Callback  bsp_uart.o
    0x00002f92   0x00002f92   0x0000006c   Code   RO          214    .text.USARTRegister  bsp_uart.o
    0x00002ffe   0x00002ffe   0x00000024   Code   RO          218    .text.USART_Force_Restart  bsp_uart.o
    0x00003022   0x00003022   0x00000002   PAD
    0x00003024   0x00003024   0x00000006   Code   RO          872    .text.__aeabi_assert  bsp_common.o
    0x0000302a   0x0000302a   0x00000002   PAD
    0x0000302c   0x0000302c   0x0000018c   Code   RO          847    .text.bsp_clock_init  bsp_clocks.o
    0x000031b8   0x000031b8   0x00000002   Code   RO          868    .text.bsp_init_internal  bsp_common.o
    0x000031ba   0x000031ba   0x00000002   PAD
    0x000031bc   0x000031bc   0x0000008a   Code   RO          918    .text.bsp_irq_cfg   bsp_irq.o
    0x00003246   0x00003246   0x00000008   Code   RO          887    .text.bsp_prv_software_delay_loop  bsp_delay.o
    0x0000324e   0x0000324e   0x00000002   PAD
    0x00003250   0x00003250   0x000000d8   Code   RO         1097    .text.bsp_vbatt_init  r_ioport.o
    0x00003328   0x00003328   0x00000042   Code   RO          184    .text.can_callback  bsp_can.o
    0x0000336a   0x0000336a   0x00000002   PAD
    0x0000336c   0x0000336c   0x0000014c   Code   RO         1020    .text.canfd_channel_tx_isr  r_canfd.o
    0x000034b8   0x000034b8   0x00000106   Code   RO         1022    .text.canfd_common_fifo_rx_isr  r_canfd.o
    0x000035be   0x000035be   0x00000100   Code   RO         1016    .text.canfd_error_isr  r_canfd.o
    0x000036be   0x000036be   0x00000002   PAD
    0x000036c0   0x000036c0   0x000000e4   Code   RO         1018    .text.canfd_rx_fifo_isr  r_canfd.o
    0x000037a4   0x000037a4   0x00000070   Code   RO         1206    .text.daemon_task_create  daemon_task.o
    0x00003814   0x00003814   0x0000000c   Code   RO          163    .text.daemon_task_entry  daemon_task_entry.o
    0x00003820   0x00003820   0x00000012   Code   RO         1208    .text.daemon_task_func  daemon_task.o
    0x00003832   0x00003832   0x00000002   Code   RO         1196    .text.g_common_init  common_data.o
    0x00003834   0x00003834   0x00000004   Code   RO         1222    .text.g_hal_init    hal_data.o
    0x00003838   0x00003838   0x00000052   Code   RO         1276    .text.main          main.o
    0x0000388a   0x0000388a   0x00000002   PAD
    0x0000388c   0x0000388c   0x00000074   Code   RO         1299    .text.motor_ctrl_task_create  motor_ctrl_task.o
    0x00003900   0x00003900   0x00000010   Code   RO          171    .text.motor_ctrl_task_entry  motor_ctrl_task_entry.o
    0x00003910   0x00003910   0x00000012   Code   RO         1301    .text.motor_ctrl_task_func  motor_ctrl_task.o
    0x00003922   0x00003922   0x000000a4   Code   RO          627    .text.prvAddCurrentTaskToDelayedList  tasks.o
    0x000039c6   0x000039c6   0x00000002   PAD
    0x000039c8   0x000039c8   0x0000007c   Code   RO          748    .text.prvCheckForValidListAndQueue  timers.o
    0x00003a44   0x00003a44   0x00000046   Code   RO          651    .text.prvCheckTasksWaitingTermination  tasks.o
    0x00003a8a   0x00003a8a   0x00000062   Code   RO          512    .text.prvCopyDataToQueue  queue.o
    0x00003aec   0x00003aec   0x0000002e   Code   RO          713    .text.prvIdleTask   tasks.o
    0x00003b1a   0x00003b1a   0x00000040   Code   RO          788    .text.prvInsertTimerInActiveList  timers.o
    0x00003b5a   0x00003b5a   0x00000040   Code   RO          784    .text.prvProcessExpiredTimer  timers.o
    0x00003b9a   0x00003b9a   0x00000002   PAD
    0x00003b9c   0x00003b9c   0x0000002e   Code   RO          786    .text.prvReloadTimer  timers.o
    0x00003bca   0x00003bca   0x00000002   PAD
    0x00003bcc   0x00003bcc   0x00000056   Code   RO          782    .text.prvSampleTimeNow  timers.o
    0x00003c22   0x00003c22   0x00000002   PAD
    0x00003c24   0x00003c24   0x00000006   Code   RO         1167    .text.prvTaskExitError  port.o
    0x00003c2a   0x00003c2a   0x00000002   PAD
    0x00003c2c   0x00003c2c   0x00000198   Code   RO          750    .text.prvTimerTask  timers.o
    0x00003dc4   0x00003dc4   0x00000072   Code   RO          514    .text.prvUnlockQueue  queue.o
    0x00003e36   0x00003e36   0x00000028   Code   RO         1165    .text.pxPortInitialiseStack  port.o
    0x00003e5e   0x00003e5e   0x00000002   PAD
    0x00003e60   0x00003e60   0x000000a0   Code   RO         1014    .text.r_canfd_mb_read  r_canfd.o
    0x00003f00   0x00003f00   0x0000012c   Code   RO         1012    .text.r_canfd_mode_transition  r_canfd.o
    0x0000402c   0x0000402c   0x00000044   Code   RO         1056    .text.r_dtc_set_info  r_dtc.o
    0x00004070   0x00004070   0x000000c0   Code   RO         1095    .text.r_ioport_pins_config  r_ioport.o
    0x00004130   0x00004130   0x00000040   Code   RO         1134    .text.r_sci_uart_call_callback  r_sci_uart.o
    0x00004170   0x00004170   0x00000042   Code   RO         1142    .text.r_sci_uart_transfer_configure  r_sci_uart.o
    0x000041b2   0x000041b2   0x00000002   PAD
    0x000041b4   0x000041b4   0x00000024   Code   RO         1159    .text.rm_freertos_port_restore_task_stackless  port.o
    0x000041d8   0x000041d8   0x0000006e   Code   RO         1179    .text.rm_freertos_port_sleep_preserving_lpm  port.o
    0x00004246   0x00004246   0x00000002   PAD
    0x00004248   0x00004248   0x00000070   Code   RO         1322    .text.robot_task_create  robot_task.o
    0x000042b8   0x000042b8   0x00000010   Code   RO          154    .text.robot_task_entry  robot_task_entry.o
    0x000042c8   0x000042c8   0x00000012   Code   RO         1324    .text.robot_task_func  robot_task.o
    0x000042da   0x000042da   0x00000002   PAD
    0x000042dc   0x000042dc   0x00000062   Code   RO         1274    .text.rtos_startup_common_init  main.o
    0x0000433e   0x0000433e   0x00000004   Code   RO         1272    .text.rtos_startup_err_callback_internal  main.o
    0x00004342   0x00004342   0x00000072   Code   RO         1140    .text.sci_uart_eri_isr  r_sci_uart.o
    0x000043b4   0x000043b4   0x000000cc   Code   RO         1136    .text.sci_uart_rxi_isr  r_sci_uart.o
    0x00004480   0x00004480   0x0000004a   Code   RO         1138    .text.sci_uart_tei_isr  r_sci_uart.o
    0x000044ca   0x000044ca   0x00000002   PAD
    0x000044cc   0x000044cc   0x000000f6   Code   RO         1132    .text.sci_uart_txi_isr  r_sci_uart.o
    0x000045c2   0x000045c2   0x00000020   Code   RO          492    .text.uxListRemove  list.o
    0x000045e2   0x000045e2   0x0000001a   Code   RO         1278    .text.vApplicationGetIdleTaskMemory  main.o
    0x000045fc   0x000045fc   0x0000001a   Code   RO         1280    .text.vApplicationGetTimerTaskMemory  main.o
    0x00004616   0x00004616   0x00000018   Code   RO         1181    .text.vApplicationIdleHook  port.o
    0x0000462e   0x0000462e   0x00000016   Code   RO          484    .text.vListInitialise  list.o
    0x00004644   0x00004644   0x00000006   Code   RO          486    .text.vListInitialiseItem  list.o
    0x0000464a   0x0000464a   0x00000002   PAD
    0x0000464c   0x0000464c   0x0000003a   Code   RO          490    .text.vListInsert   list.o
    0x00004686   0x00004686   0x0000004c   Code   RO         1175    .text.vPortEnterCritical  port.o
    0x000046d2   0x000046d2   0x00000002   PAD
    0x000046d4   0x000046d4   0x0000004c   Code   RO         1177    .text.vPortExitCritical  port.o
    0x00004720   0x00004720   0x0000003c   Code   RO         1163    .text.vPortSVCHandler_C  port.o
    0x0000475c   0x0000475c   0x00000046   Code   RO         1171    .text.vPortSetupTimerInterrupt  port.o
    0x000047a2   0x000047a2   0x00000002   PAD
    0x000047a4   0x000047a4   0x0000005e   Code   RO          548    .text.vQueueAddToRegistry  queue.o
    0x00004802   0x00004802   0x00000046   Code   RO          552    .text.vQueueWaitForMessageRestricted  queue.o
    0x00004848   0x00004848   0x00000056   Code   RO          631    .text.vTaskDelay    tasks.o
    0x0000489e   0x0000489e   0x0000001a   Code   RO          679    .text.vTaskInternalSetTimeOutState  tasks.o
    0x000048b8   0x000048b8   0x0000000e   Code   RO          683    .text.vTaskMissedYield  tasks.o
    0x000048c6   0x000048c6   0x0000003a   Code   RO          667    .text.vTaskPlaceOnEventList  tasks.o
    0x00004900   0x00004900   0x0000006c   Code   RO          671    .text.vTaskPlaceOnEventListRestricted  tasks.o
    0x0000496c   0x0000496c   0x000000b8   Code   RO          647    .text.vTaskStartScheduler  tasks.o
    0x00004a24   0x00004a24   0x00000010   Code   RO          625    .text.vTaskSuspendAll  tasks.o
    0x00004a34   0x00004a34   0x0000009c   Code   RO          641    .text.vTaskSwitchContext  tasks.o
    0x00004ad0   0x00004ad0   0x0000003c   Code   RO         1169    .text.xPortStartScheduler  port.o
    0x00004b0c   0x00004b0c   0x00000044   Code   RO          508    .text.xQueueCreateCountingSemaphoreStatic  queue.o
    0x00004b50   0x00004b50   0x000000a8   Code   RO          504    .text.xQueueGenericCreateStatic  queue.o
    0x00004bf8   0x00004bf8   0x000000cc   Code   RO          502    .text.xQueueGenericReset  queue.o
    0x00004cc4   0x00004cc4   0x000001a8   Code   RO          510    .text.xQueueGenericSend  queue.o
    0x00004e6c   0x00004e6c   0x0000019a   Code   RO          520    .text.xQueueReceive  queue.o
    0x00005006   0x00005006   0x00000002   PAD
    0x00005008   0x00005008   0x00000172   Code   RO          522    .text.xQueueSemaphoreTake  queue.o
    0x0000517a   0x0000517a   0x00000002   PAD
    0x0000517c   0x0000517c   0x0000009c   Code   RO          681    .text.xTaskCheckForTimeOut  tasks.o
    0x00005218   0x00005218   0x0000025c   Code   RO          619    .text.xTaskCreateStatic  tasks.o
    0x00005474   0x00005474   0x00000024   Code   RO          693    .text.xTaskGetSchedulerState  tasks.o
    0x00005498   0x00005498   0x0000000c   Code   RO          655    .text.xTaskGetTickCount  tasks.o
    0x000054a4   0x000054a4   0x00000192   Code   RO          653    .text.xTaskIncrementTick  tasks.o
    0x00005636   0x00005636   0x000000f2   Code   RO          673    .text.xTaskRemoveFromEventList  tasks.o
    0x00005728   0x00005728   0x00000198   Code   RO          629    .text.xTaskResumeAll  tasks.o
    0x000058c0   0x000058c0   0x0000007c   Code   RO          746    .text.xTimerCreateTimerTask  timers.o
    0x0000593c   0x0000593c   0x00000026   Code   RO         1434    i.__ARM_fpclassifyf  m_wm.l(fpclassifyf.o)
    0x00005962   0x00005962   0x00000002   PAD
    0x00005964   0x00005964   0x00000050   Code   RO         1398    i.__free$2region    mc_w.l(malloc2.o)
    0x000059b4   0x000059b4   0x00000118   Code   RO         1344    i.__hardfp_acosf    m_wm.l(acosf.o)
    0x00005acc   0x00005acc   0x000002ac   Code   RO         1350    i.__hardfp_atan2f   m_wm.l(atan2f.o)
    0x00005d78   0x00005d78   0x00000160   Code   RO         1356    i.__hardfp_atanf    m_wm.l(atanf.o)
    0x00005ed8   0x00005ed8   0x00000150   Code   RO         1362    i.__hardfp_cosf     m_wm.l(cosf.o)
    0x00006028   0x00006028   0x000000b0   Code   RO         1368    i.__hardfp_fmodf    m_wm.l(fmodf.o)
    0x000060d8   0x000060d8   0x00000190   Code   RO         1374    i.__hardfp_sinf     m_wm.l(sinf.o)
    0x00006268   0x00006268   0x0000006c   Code   RO         1399    i.__malloc$2region  mc_w.l(malloc2.o)
    0x000062d4   0x000062d4   0x00000006   Code   RO         1437    i.__mathlib_flt_infnan  m_wm.l(funder.o)
    0x000062da   0x000062da   0x00000006   Code   RO         1438    i.__mathlib_flt_infnan2  m_wm.l(funder.o)
    0x000062e0   0x000062e0   0x00000010   Code   RO         1439    i.__mathlib_flt_invalid  m_wm.l(funder.o)
    0x000062f0   0x000062f0   0x00000010   Code   RO         1442    i.__mathlib_flt_underflow  m_wm.l(funder.o)
    0x00006300   0x00006300   0x00000154   Code   RO         1450    i.__mathlib_rredf2  m_wm.l(rredf.o)
    0x00006454   0x00006454   0x0000000c   Code   RO         1467    i.__set_errno       mc_w.l(errno.o)
    0x00006460   0x00006460   0x0000003e   Code   RO         1455    i.sqrtf             m_wm.l(sqrtf.o)
    0x0000649e   0x0000649e   0x00000002   PAD
    0x000064a0   0x000064a0   0x00000020   Data   RO         1451    .constdata          m_wm.l(rredf.o)
    0x000064c0   0x000064c0   0x00000054   Data   RO          439    .rodata..L__const.Dummy_Motormatic_Init.motor_configs  dummy_motormatic.o
    0x00006514   0x00006514   0x00000048   Data   RO          438    .rodata..L__const.Dummy_Motormatic_Init.my_arm_config  dummy_motormatic.o
    0x0000655c   0x0000655c   0x00000010   Data   RO          188    .rodata.can_afl     bsp_can.o
    0x0000656c   0x0000656c   0x00000080   Data   RO          990    .rodata.copy_list   bsp_linker.o
    0x000065ec   0x000065ec   0x00000004   Data   RO         1210    .rodata.daemon_task_parameters  daemon_task.o
    0x000065f0   0x000065f0   0x0000000c   Data   RO         1316    .rodata.g_bsp_pin_cfg  pin_data.o
    0x000065fc   0x000065fc   0x00000078   Data   RO         1315    .rodata.g_bsp_pin_cfg_data  pin_data.o
    0x00006674   0x00006674   0x00000018   Data   RO          992    .rodata.g_init_info  bsp_linker.o
    0x0000668c   0x0000668c   0x00000044   Data   RO         1339    .rodata.g_interrupt_event_link_select  vector_data.o
    0x000066d0   0x000066d0   0x0000000a   Data   RO          936    .rodata.g_prcr_masks  bsp_register_protection.o
    0x000066da   0x000066da   0x00000002   PAD
    0x000066dc   0x000066dc   0x0000002c   Data   RO         1058    .rodata.g_transfer_on_dtc  r_dtc.o
    0x00006708   0x00006708   0x00000004   Data   RO          958    .rodata.gp_ddsc_DATA_FLASH_END  bsp_linker.o
    0x0000670c   0x0000670c   0x00000004   Data   RO          957    .rodata.gp_ddsc_DATA_FLASH_START  bsp_linker.o
    0x00006710   0x00006710   0x00000004   Data   RO          960    .rodata.gp_ddsc_FLASH_END  bsp_linker.o
    0x00006714   0x00006714   0x00000004   Data   RO          959    .rodata.gp_ddsc_FLASH_START  bsp_linker.o
    0x00006718   0x00006718   0x00000004   Data   RO          970    .rodata.gp_ddsc_OPTION_SETTING_BANKSEL_END  bsp_linker.o
    0x0000671c   0x0000671c   0x00000004   Data   RO          978    .rodata.gp_ddsc_OPTION_SETTING_BANKSEL_SEC_END  bsp_linker.o
    0x00006720   0x00006720   0x00000004   Data   RO          977    .rodata.gp_ddsc_OPTION_SETTING_BANKSEL_SEC_START  bsp_linker.o
    0x00006724   0x00006724   0x00000004   Data   RO          986    .rodata.gp_ddsc_OPTION_SETTING_BANKSEL_SEL_END  bsp_linker.o
    0x00006728   0x00006728   0x00000004   Data   RO          985    .rodata.gp_ddsc_OPTION_SETTING_BANKSEL_SEL_START  bsp_linker.o
    0x0000672c   0x0000672c   0x00000004   Data   RO          969    .rodata.gp_ddsc_OPTION_SETTING_BANKSEL_START  bsp_linker.o
    0x00006730   0x00006730   0x00000004   Data   RO          972    .rodata.gp_ddsc_OPTION_SETTING_BPS_END  bsp_linker.o
    0x00006734   0x00006734   0x00000004   Data   RO          980    .rodata.gp_ddsc_OPTION_SETTING_BPS_SEC_END  bsp_linker.o
    0x00006738   0x00006738   0x00000004   Data   RO          979    .rodata.gp_ddsc_OPTION_SETTING_BPS_SEC_START  bsp_linker.o
    0x0000673c   0x0000673c   0x00000004   Data   RO          988    .rodata.gp_ddsc_OPTION_SETTING_BPS_SEL_END  bsp_linker.o
    0x00006740   0x00006740   0x00000004   Data   RO          987    .rodata.gp_ddsc_OPTION_SETTING_BPS_SEL_START  bsp_linker.o
    0x00006744   0x00006744   0x00000004   Data   RO          971    .rodata.gp_ddsc_OPTION_SETTING_BPS_START  bsp_linker.o
    0x00006748   0x00006748   0x00000004   Data   RO          966    .rodata.gp_ddsc_OPTION_SETTING_DUALSEL_END  bsp_linker.o
    0x0000674c   0x0000674c   0x00000004   Data   RO          965    .rodata.gp_ddsc_OPTION_SETTING_DUALSEL_START  bsp_linker.o
    0x00006750   0x00006750   0x00000004   Data   RO          964    .rodata.gp_ddsc_OPTION_SETTING_OFS0_END  bsp_linker.o
    0x00006754   0x00006754   0x00000004   Data   RO          963    .rodata.gp_ddsc_OPTION_SETTING_OFS0_START  bsp_linker.o
    0x00006758   0x00006758   0x00000004   Data   RO          968    .rodata.gp_ddsc_OPTION_SETTING_OFS1_END  bsp_linker.o
    0x0000675c   0x0000675c   0x00000004   Data   RO          976    .rodata.gp_ddsc_OPTION_SETTING_OFS1_SEC_END  bsp_linker.o
    0x00006760   0x00006760   0x00000004   Data   RO          975    .rodata.gp_ddsc_OPTION_SETTING_OFS1_SEC_START  bsp_linker.o
    0x00006764   0x00006764   0x00000004   Data   RO          984    .rodata.gp_ddsc_OPTION_SETTING_OFS1_SEL_END  bsp_linker.o
    0x00006768   0x00006768   0x00000004   Data   RO          983    .rodata.gp_ddsc_OPTION_SETTING_OFS1_SEL_START  bsp_linker.o
    0x0000676c   0x0000676c   0x00000004   Data   RO          967    .rodata.gp_ddsc_OPTION_SETTING_OFS1_START  bsp_linker.o
    0x00006770   0x00006770   0x00000004   Data   RO          974    .rodata.gp_ddsc_OPTION_SETTING_PBPS_END  bsp_linker.o
    0x00006774   0x00006774   0x00000004   Data   RO          982    .rodata.gp_ddsc_OPTION_SETTING_PBPS_SEC_END  bsp_linker.o
    0x00006778   0x00006778   0x00000004   Data   RO          981    .rodata.gp_ddsc_OPTION_SETTING_PBPS_SEC_START  bsp_linker.o
    0x0000677c   0x0000677c   0x00000004   Data   RO          973    .rodata.gp_ddsc_OPTION_SETTING_PBPS_START  bsp_linker.o
    0x00006780   0x00006780   0x00000004   Data   RO          956    .rodata.gp_ddsc_OSPI0_CS0_END  bsp_linker.o
    0x00006784   0x00006784   0x00000004   Data   RO          955    .rodata.gp_ddsc_OSPI0_CS0_START  bsp_linker.o
    0x00006788   0x00006788   0x00000004   Data   RO          954    .rodata.gp_ddsc_OSPI0_CS1_END  bsp_linker.o
    0x0000678c   0x0000678c   0x00000004   Data   RO          953    .rodata.gp_ddsc_OSPI0_CS1_START  bsp_linker.o
    0x00006790   0x00006790   0x00000004   Data   RO          952    .rodata.gp_ddsc_QSPI_FLASH_END  bsp_linker.o
    0x00006794   0x00006794   0x00000004   Data   RO          951    .rodata.gp_ddsc_QSPI_FLASH_START  bsp_linker.o
    0x00006798   0x00006798   0x00000004   Data   RO          962    .rodata.gp_ddsc_RAM_END  bsp_linker.o
    0x0000679c   0x0000679c   0x00000004   Data   RO          961    .rodata.gp_ddsc_RAM_START  bsp_linker.o
    0x000067a0   0x000067a0   0x00000024   Data   RO         1263    .rodata.motor_ctrl_can_cfg  hal_data.o
    0x000067c4   0x000067c4   0x00000004   Data   RO         1303    .rodata.motor_ctrl_task_parameters  motor_ctrl_task.o
    0x000067c8   0x000067c8   0x00000010   Data   RO          991    .rodata.nocache_list  bsp_linker.o
    0x000067d8   0x000067d8   0x00000004   Data   RO         1326    .rodata.robot_task_parameters  robot_task.o
    0x000067dc   0x000067dc   0x00000044   Data   RO         1256    .rodata.sbus_cfg    hal_data.o
    0x00006820   0x00006820   0x0000002c   Data   RO         1255    .rodata.sbus_cfg_extend  hal_data.o
    0x0000684c   0x0000684c   0x0000000c   Data   RO         1253    .rodata.sbus_dtc_transfer  hal_data.o
    0x00006858   0x00006858   0x00000008   Data   RO         1251    .rodata.sbus_dtc_transfer_cfg  hal_data.o
    0x00006860   0x00006860   0x00000004   Data   RO         1250    .rodata.sbus_dtc_transfer_cfg_extend  hal_data.o
    0x00006864   0x00006864   0x0000026e   Data   RO          554    .rodata.str1.1      queue.o
    0x00006ad2   0x00006ad2   0x000001fe   Data   RO          722    .rodata.str1.1      tasks.o
    0x00006cd0   0x00006cd0   0x00000055   Data   RO          792    .rodata.str1.1      timers.o
    0x00006d25   0x00006d25   0x0000008e   Data   RO         1185    .rodata.str1.1      port.o
    0x00006db3   0x00006db3   0x00000001   PAD
    0x00006db4   0x00006db4   0x00000004   Data   RO          731    .rodata.uxTopUsedPriority  tasks.o
    0x00006db8   0x00006db8   0x00000030   Data   RO          989    .rodata.zero_list   bsp_linker.o
    0x00006de8   0x00006de8   0x00000004   Data   RO          874    .version            bsp_common.o
    0x00006dec   0x00006dec   0x00000006   Data   RO          875    .version            bsp_common.o
    0x00006df2   0x00006df2   0x00000044   Data   RO          876    .version            bsp_common.o


    Execution Region __init_array_start (Exec base: 0x00006e38, Load base: 0x00006e38, Size: 0x00000000, Max: 0x00000000, ABSOLUTE)

    Exec Addr    Load Addr    Size         Type   Attr      Idx    E Section Name        Object

    0x00006e38        -       0x00000000   Zero   RW           48    __init_array_start.bss  anon$$obj.o


    Execution Region __flash_init_array (Exec base: 0x00006e38, Load base: 0x00006e38, Size: 0x00000000, Max: 0xffffffff, ABSOLUTE, FIXED)

    **** No section assigned to this execution region ****


    Execution Region __init_array_end (Exec base: 0x00006e38, Load base: 0x00006e38, Size: 0x00000000, Max: 0x00000000, ABSOLUTE)

    Exec Addr    Load Addr    Size         Type   Attr      Idx    E Section Name        Object

    0x00006e38        -       0x00000000   Zero   RW           49    __init_array_end.bss  anon$$obj.o


    Execution Region __ddsc_FLASH_END (Exec base: 0x00007000, Load base: 0x00006e38, Size: 0x00000000, Max: 0x00000000, ABSOLUTE)

    Exec Addr    Load Addr    Size         Type   Attr      Idx    E Section Name        Object

    0x00007000        -       0x00000000   Zero   RW           50    __ddsc_FLASH_END.bss  anon$$obj.o


    Execution Region .flash.endof (Exec base: 0x00007000, Load base: 0x00006e38, Size: 0x00000000, Max: 0x00000000, ABSOLUTE)

    Exec Addr    Load Addr    Size         Type   Attr      Idx    E Section Name        Object

    0x00007000        -       0x00000000   Zero   RW           51    .flash.endof.bss    anon$$obj.o


    Execution Region __FLASH_end (Exec base: 0x00007000, Load base: 0x00006e38, Size: 0x00000000, Max: 0x00000000, ABSOLUTE)

    Exec Addr    Load Addr    Size         Type   Attr      Idx    E Section Name        Object

    0x00007000        -       0x00000000   Zero   RW           52    __FLASH_end.bss     anon$$obj.o



  Load Region LOAD_REGION_OPTION_SETTING_OFS0 (Base: 0x0100a100, Size: 0x00000004, Max: 0x00000004, ABSOLUTE)

    Execution Region __OPTION_SETTING_OFS0_start (Exec base: 0x0100a100, Load base: 0x0100a100, Size: 0x00000000, Max: 0x00000000, ABSOLUTE)

    Exec Addr    Load Addr    Size         Type   Attr      Idx    E Section Name        Object

    0x0100a100        -       0x00000000   Zero   RW           53    __OPTION_SETTING_OFS0_start.bss  anon$$obj.o


    Execution Region __OPTION_SETTING_OFS0_init (Exec base: 0x0100a100, Load base: 0x0100a100, Size: 0x00000000, Max: 0x00000000, ABSOLUTE)

    Exec Addr    Load Addr    Size         Type   Attr      Idx    E Section Name        Object

    0x0100a100        -       0x00000000   Zero   RW           54    __OPTION_SETTING_OFS0_init.bss  anon$$obj.o


    Execution Region __ddsc_OPTION_SETTING_OFS0_START (Exec base: 0x0100a100, Load base: 0x0100a100, Size: 0x00000000, Max: 0x00000000, ABSOLUTE)

    Exec Addr    Load Addr    Size         Type   Attr      Idx    E Section Name        Object

    0x0100a100        -       0x00000000   Zero   RW           55    __ddsc_OPTION_SETTING_OFS0_START.bss  anon$$obj.o


    Execution Region .option_setting_ofs0.startof (Exec base: 0x0100a100, Load base: 0x0100a100, Size: 0x00000000, Max: 0x00000000, ABSOLUTE)

    Exec Addr    Load Addr    Size         Type   Attr      Idx    E Section Name        Object

    0x0100a100        -       0x00000000   Zero   RW           56    .option_setting_ofs0.startof.bss  anon$$obj.o


    Execution Region __option_setting_ofs0_reg (Exec base: 0x0100a100, Load base: 0x0100a100, Size: 0x00000004, Max: 0xffffffff, ABSOLUTE, FIXED)

    Exec Addr    Load Addr    Size         Type   Attr      Idx    E Section Name        Object

    0x0100a100   0x0100a100   0x00000004   Data   RO          948    .option_setting_ofs0  bsp_linker.o


    Execution Region __ddsc_OPTION_SETTING_OFS0_END (Exec base: 0x0100a104, Load base: 0x0100a104, Size: 0x00000000, Max: 0x00000000, ABSOLUTE)

    Exec Addr    Load Addr    Size         Type   Attr      Idx    E Section Name        Object

    0x0100a104        -       0x00000000   Zero   RW           57    __ddsc_OPTION_SETTING_OFS0_END.bss  anon$$obj.o


    Execution Region .option_setting_ofs0.endof (Exec base: 0x0100a104, Load base: 0x0100a104, Size: 0x00000000, Max: 0x00000000, ABSOLUTE)

    Exec Addr    Load Addr    Size         Type   Attr      Idx    E Section Name        Object

    0x0100a104        -       0x00000000   Zero   RW           58    .option_setting_ofs0.endof.bss  anon$$obj.o


    Execution Region __OPTION_SETTING_OFS0_end (Exec base: 0x0100a104, Load base: 0x0100a104, Size: 0x00000000, Max: 0x00000000, ABSOLUTE)

    Exec Addr    Load Addr    Size         Type   Attr      Idx    E Section Name        Object

    0x0100a104        -       0x00000000   Zero   RW           59    __OPTION_SETTING_OFS0_end.bss  anon$$obj.o



  Load Region LOAD_REGION_OPTION_SETTING_DUALSEL (Base: 0x0100a110, Size: 0x00000000, Max: 0x00000004, ABSOLUTE)

    Execution Region __OPTION_SETTING_DUALSEL_start (Exec base: 0x0100a110, Load base: 0x0100a110, Size: 0x00000000, Max: 0x00000000, ABSOLUTE)

    Exec Addr    Load Addr    Size         Type   Attr      Idx    E Section Name        Object

    0x0100a110        -       0x00000000   Zero   RW           60    __OPTION_SETTING_DUALSEL_start.bss  anon$$obj.o


    Execution Region __OPTION_SETTING_DUALSEL_init (Exec base: 0x0100a110, Load base: 0x0100a110, Size: 0x00000000, Max: 0x00000000, ABSOLUTE)

    Exec Addr    Load Addr    Size         Type   Attr      Idx    E Section Name        Object

    0x0100a110        -       0x00000000   Zero   RW           61    __OPTION_SETTING_DUALSEL_init.bss  anon$$obj.o


    Execution Region __ddsc_OPTION_SETTING_DUALSEL_START (Exec base: 0x0100a110, Load base: 0x0100a110, Size: 0x00000000, Max: 0x00000000, ABSOLUTE)

    Exec Addr    Load Addr    Size         Type   Attr      Idx    E Section Name        Object

    0x0100a110        -       0x00000000   Zero   RW           62    __ddsc_OPTION_SETTING_DUALSEL_START.bss  anon$$obj.o


    Execution Region .option_setting_dualsel.startof (Exec base: 0x0100a110, Load base: 0x0100a110, Size: 0x00000000, Max: 0x00000000, ABSOLUTE)

    Exec Addr    Load Addr    Size         Type   Attr      Idx    E Section Name        Object

    0x0100a110        -       0x00000000   Zero   RW           63    .option_setting_dualsel.startof.bss  anon$$obj.o


    Execution Region __option_setting_dualsel_reg (Exec base: 0x0100a110, Load base: 0x0100a110, Size: 0x00000000, Max: 0xffffffff, ABSOLUTE, FIXED)

    **** No section assigned to this execution region ****


    Execution Region __ddsc_OPTION_SETTING_DUALSEL_END (Exec base: 0x0100a110, Load base: 0x0100a110, Size: 0x00000000, Max: 0x00000000, ABSOLUTE)

    Exec Addr    Load Addr    Size         Type   Attr      Idx    E Section Name        Object

    0x0100a110        -       0x00000000   Zero   RW           64    __ddsc_OPTION_SETTING_DUALSEL_END.bss  anon$$obj.o


    Execution Region .option_setting_dualsel.endof (Exec base: 0x0100a110, Load base: 0x0100a110, Size: 0x00000000, Max: 0x00000000, ABSOLUTE)

    Exec Addr    Load Addr    Size         Type   Attr      Idx    E Section Name        Object

    0x0100a110        -       0x00000000   Zero   RW           65    .option_setting_dualsel.endof.bss  anon$$obj.o


    Execution Region __OPTION_SETTING_DUALSEL_end (Exec base: 0x0100a110, Load base: 0x0100a110, Size: 0x00000000, Max: 0x00000000, ABSOLUTE)

    Exec Addr    Load Addr    Size         Type   Attr      Idx    E Section Name        Object

    0x0100a110        -       0x00000000   Zero   RW           66    __OPTION_SETTING_DUALSEL_end.bss  anon$$obj.o



  Load Region LOAD_REGION_OPTION_SETTING_OFS1 (Base: 0x0100a180, Size: 0x00000000, Max: 0x00000004, ABSOLUTE)

    Execution Region __OPTION_SETTING_OFS1_start (Exec base: 0x0100a180, Load base: 0x0100a180, Size: 0x00000000, Max: 0x00000000, ABSOLUTE)

    Exec Addr    Load Addr    Size         Type   Attr      Idx    E Section Name        Object

    0x0100a180        -       0x00000000   Zero   RW           67    __OPTION_SETTING_OFS1_start.bss  anon$$obj.o


    Execution Region __OPTION_SETTING_OFS1_init (Exec base: 0x0100a180, Load base: 0x0100a180, Size: 0x00000000, Max: 0x00000000, ABSOLUTE)

    Exec Addr    Load Addr    Size         Type   Attr      Idx    E Section Name        Object

    0x0100a180        -       0x00000000   Zero   RW           68    __OPTION_SETTING_OFS1_init.bss  anon$$obj.o


    Execution Region __ddsc_OPTION_SETTING_OFS1_START (Exec base: 0x0100a180, Load base: 0x0100a180, Size: 0x00000000, Max: 0x00000000, ABSOLUTE)

    Exec Addr    Load Addr    Size         Type   Attr      Idx    E Section Name        Object

    0x0100a180        -       0x00000000   Zero   RW           69    __ddsc_OPTION_SETTING_OFS1_START.bss  anon$$obj.o


    Execution Region .option_setting_ofs1.startof (Exec base: 0x0100a180, Load base: 0x0100a180, Size: 0x00000000, Max: 0x00000000, ABSOLUTE)

    Exec Addr    Load Addr    Size         Type   Attr      Idx    E Section Name        Object

    0x0100a180        -       0x00000000   Zero   RW           70    .option_setting_ofs1.startof.bss  anon$$obj.o


    Execution Region __option_setting_ofs1_reg (Exec base: 0x0100a180, Load base: 0x0100a180, Size: 0x00000000, Max: 0xffffffff, ABSOLUTE, FIXED)

    **** No section assigned to this execution region ****


    Execution Region __ddsc_OPTION_SETTING_OFS1_END (Exec base: 0x0100a180, Load base: 0x0100a180, Size: 0x00000000, Max: 0x00000000, ABSOLUTE)

    Exec Addr    Load Addr    Size         Type   Attr      Idx    E Section Name        Object

    0x0100a180        -       0x00000000   Zero   RW           71    __ddsc_OPTION_SETTING_OFS1_END.bss  anon$$obj.o


    Execution Region .option_setting_ofs1.endof (Exec base: 0x0100a180, Load base: 0x0100a180, Size: 0x00000000, Max: 0x00000000, ABSOLUTE)

    Exec Addr    Load Addr    Size         Type   Attr      Idx    E Section Name        Object

    0x0100a180        -       0x00000000   Zero   RW           72    .option_setting_ofs1.endof.bss  anon$$obj.o


    Execution Region __OPTION_SETTING_OFS1_end (Exec base: 0x0100a180, Load base: 0x0100a180, Size: 0x00000000, Max: 0x00000000, ABSOLUTE)

    Exec Addr    Load Addr    Size         Type   Attr      Idx    E Section Name        Object

    0x0100a180        -       0x00000000   Zero   RW           73    __OPTION_SETTING_OFS1_end.bss  anon$$obj.o



  Load Region LOAD_REGION_OPTION_SETTING_BANKSEL (Base: 0x0100a190, Size: 0x00000000, Max: 0x00000004, ABSOLUTE)

    Execution Region __OPTION_SETTING_BANKSEL_start (Exec base: 0x0100a190, Load base: 0x0100a190, Size: 0x00000000, Max: 0x00000000, ABSOLUTE)

    Exec Addr    Load Addr    Size         Type   Attr      Idx    E Section Name        Object

    0x0100a190        -       0x00000000   Zero   RW           74    __OPTION_SETTING_BANKSEL_start.bss  anon$$obj.o


    Execution Region __OPTION_SETTING_BANKSEL_init (Exec base: 0x0100a190, Load base: 0x0100a190, Size: 0x00000000, Max: 0x00000000, ABSOLUTE)

    Exec Addr    Load Addr    Size         Type   Attr      Idx    E Section Name        Object

    0x0100a190        -       0x00000000   Zero   RW           75    __OPTION_SETTING_BANKSEL_init.bss  anon$$obj.o


    Execution Region __ddsc_OPTION_SETTING_BANKSEL_START (Exec base: 0x0100a190, Load base: 0x0100a190, Size: 0x00000000, Max: 0x00000000, ABSOLUTE)

    Exec Addr    Load Addr    Size         Type   Attr      Idx    E Section Name        Object

    0x0100a190        -       0x00000000   Zero   RW           76    __ddsc_OPTION_SETTING_BANKSEL_START.bss  anon$$obj.o


    Execution Region .option_setting_banksel.startof (Exec base: 0x0100a190, Load base: 0x0100a190, Size: 0x00000000, Max: 0x00000000, ABSOLUTE)

    Exec Addr    Load Addr    Size         Type   Attr      Idx    E Section Name        Object

    0x0100a190        -       0x00000000   Zero   RW           77    .option_setting_banksel.startof.bss  anon$$obj.o


    Execution Region __option_setting_banksel_reg (Exec base: 0x0100a190, Load base: 0x0100a190, Size: 0x00000000, Max: 0xffffffff, ABSOLUTE, FIXED)

    **** No section assigned to this execution region ****


    Execution Region __ddsc_OPTION_SETTING_BANKSEL_END (Exec base: 0x0100a190, Load base: 0x0100a190, Size: 0x00000000, Max: 0x00000000, ABSOLUTE)

    Exec Addr    Load Addr    Size         Type   Attr      Idx    E Section Name        Object

    0x0100a190        -       0x00000000   Zero   RW           78    __ddsc_OPTION_SETTING_BANKSEL_END.bss  anon$$obj.o


    Execution Region .option_setting_banksel.endof (Exec base: 0x0100a190, Load base: 0x0100a190, Size: 0x00000000, Max: 0x00000000, ABSOLUTE)

    Exec Addr    Load Addr    Size         Type   Attr      Idx    E Section Name        Object

    0x0100a190        -       0x00000000   Zero   RW           79    .option_setting_banksel.endof.bss  anon$$obj.o


    Execution Region __OPTION_SETTING_BANKSEL_end (Exec base: 0x0100a190, Load base: 0x0100a190, Size: 0x00000000, Max: 0x00000000, ABSOLUTE)

    Exec Addr    Load Addr    Size         Type   Attr      Idx    E Section Name        Object

    0x0100a190        -       0x00000000   Zero   RW           80    __OPTION_SETTING_BANKSEL_end.bss  anon$$obj.o



  Load Region LOAD_REGION_OPTION_SETTING_BPS (Base: 0x0100a1c0, Size: 0x00000000, Max: 0x00000010, ABSOLUTE)

    Execution Region __OPTION_SETTING_BPS_start (Exec base: 0x0100a1c0, Load base: 0x0100a1c0, Size: 0x00000000, Max: 0x00000000, ABSOLUTE)

    Exec Addr    Load Addr    Size         Type   Attr      Idx    E Section Name        Object

    0x0100a1c0        -       0x00000000   Zero   RW           81    __OPTION_SETTING_BPS_start.bss  anon$$obj.o


    Execution Region __OPTION_SETTING_BPS_init (Exec base: 0x0100a1c0, Load base: 0x0100a1c0, Size: 0x00000000, Max: 0x00000000, ABSOLUTE)

    Exec Addr    Load Addr    Size         Type   Attr      Idx    E Section Name        Object

    0x0100a1c0        -       0x00000000   Zero   RW           82    __OPTION_SETTING_BPS_init.bss  anon$$obj.o


    Execution Region __ddsc_OPTION_SETTING_BPS_START (Exec base: 0x0100a1c0, Load base: 0x0100a1c0, Size: 0x00000000, Max: 0x00000000, ABSOLUTE)

    Exec Addr    Load Addr    Size         Type   Attr      Idx    E Section Name        Object

    0x0100a1c0        -       0x00000000   Zero   RW           83    __ddsc_OPTION_SETTING_BPS_START.bss  anon$$obj.o


    Execution Region .option_setting_bps.startof (Exec base: 0x0100a1c0, Load base: 0x0100a1c0, Size: 0x00000000, Max: 0x00000000, ABSOLUTE)

    Exec Addr    Load Addr    Size         Type   Attr      Idx    E Section Name        Object

    0x0100a1c0        -       0x00000000   Zero   RW           84    .option_setting_bps.startof.bss  anon$$obj.o


    Execution Region __option_setting_bps_reg (Exec base: 0x0100a1c0, Load base: 0x0100a1c0, Size: 0x00000000, Max: 0xffffffff, ABSOLUTE, FIXED)

    **** No section assigned to this execution region ****


    Execution Region __ddsc_OPTION_SETTING_BPS_END (Exec base: 0x0100a1c0, Load base: 0x0100a1c0, Size: 0x00000000, Max: 0x00000000, ABSOLUTE)

    Exec Addr    Load Addr    Size         Type   Attr      Idx    E Section Name        Object

    0x0100a1c0        -       0x00000000   Zero   RW           85    __ddsc_OPTION_SETTING_BPS_END.bss  anon$$obj.o


    Execution Region .option_setting_bps.endof (Exec base: 0x0100a1c0, Load base: 0x0100a1c0, Size: 0x00000000, Max: 0x00000000, ABSOLUTE)

    Exec Addr    Load Addr    Size         Type   Attr      Idx    E Section Name        Object

    0x0100a1c0        -       0x00000000   Zero   RW           86    .option_setting_bps.endof.bss  anon$$obj.o


    Execution Region __OPTION_SETTING_BPS_end (Exec base: 0x0100a1c0, Load base: 0x0100a1c0, Size: 0x00000000, Max: 0x00000000, ABSOLUTE)

    Exec Addr    Load Addr    Size         Type   Attr      Idx    E Section Name        Object

    0x0100a1c0        -       0x00000000   Zero   RW           87    __OPTION_SETTING_BPS_end.bss  anon$$obj.o



  Load Region LOAD_REGION_OPTION_SETTING_PBPS (Base: 0x0100a1e0, Size: 0x00000000, Max: 0x00000010, ABSOLUTE)

    Execution Region __OPTION_SETTING_PBPS_start (Exec base: 0x0100a1e0, Load base: 0x0100a1e0, Size: 0x00000000, Max: 0x00000000, ABSOLUTE)

    Exec Addr    Load Addr    Size         Type   Attr      Idx    E Section Name        Object

    0x0100a1e0        -       0x00000000   Zero   RW           88    __OPTION_SETTING_PBPS_start.bss  anon$$obj.o


    Execution Region __OPTION_SETTING_PBPS_init (Exec base: 0x0100a1e0, Load base: 0x0100a1e0, Size: 0x00000000, Max: 0x00000000, ABSOLUTE)

    Exec Addr    Load Addr    Size         Type   Attr      Idx    E Section Name        Object

    0x0100a1e0        -       0x00000000   Zero   RW           89    __OPTION_SETTING_PBPS_init.bss  anon$$obj.o


    Execution Region __ddsc_OPTION_SETTING_PBPS_START (Exec base: 0x0100a1e0, Load base: 0x0100a1e0, Size: 0x00000000, Max: 0x00000000, ABSOLUTE)

    Exec Addr    Load Addr    Size         Type   Attr      Idx    E Section Name        Object

    0x0100a1e0        -       0x00000000   Zero   RW           90    __ddsc_OPTION_SETTING_PBPS_START.bss  anon$$obj.o


    Execution Region .option_setting_pbps.startof (Exec base: 0x0100a1e0, Load base: 0x0100a1e0, Size: 0x00000000, Max: 0x00000000, ABSOLUTE)

    Exec Addr    Load Addr    Size         Type   Attr      Idx    E Section Name        Object

    0x0100a1e0        -       0x00000000   Zero   RW           91    .option_setting_pbps.startof.bss  anon$$obj.o


    Execution Region __option_setting_pbps_reg (Exec base: 0x0100a1e0, Load base: 0x0100a1e0, Size: 0x00000000, Max: 0xffffffff, ABSOLUTE, FIXED)

    **** No section assigned to this execution region ****


    Execution Region __ddsc_OPTION_SETTING_PBPS_END (Exec base: 0x0100a1e0, Load base: 0x0100a1e0, Size: 0x00000000, Max: 0x00000000, ABSOLUTE)

    Exec Addr    Load Addr    Size         Type   Attr      Idx    E Section Name        Object

    0x0100a1e0        -       0x00000000   Zero   RW           92    __ddsc_OPTION_SETTING_PBPS_END.bss  anon$$obj.o


    Execution Region .option_setting_pbps.endof (Exec base: 0x0100a1e0, Load base: 0x0100a1e0, Size: 0x00000000, Max: 0x00000000, ABSOLUTE)

    Exec Addr    Load Addr    Size         Type   Attr      Idx    E Section Name        Object

    0x0100a1e0        -       0x00000000   Zero   RW           93    .option_setting_pbps.endof.bss  anon$$obj.o


    Execution Region __OPTION_SETTING_PBPS_end (Exec base: 0x0100a1e0, Load base: 0x0100a1e0, Size: 0x00000000, Max: 0x00000000, ABSOLUTE)

    Exec Addr    Load Addr    Size         Type   Attr      Idx    E Section Name        Object

    0x0100a1e0        -       0x00000000   Zero   RW           94    __OPTION_SETTING_PBPS_end.bss  anon$$obj.o



  Load Region LOAD_REGION_OPTION_SETTING_OFS1_SEC (Base: 0x0100a200, Size: 0x00000004, Max: 0x00000004, ABSOLUTE)

    Execution Region __OPTION_SETTING_OFS1_SEC_start (Exec base: 0x0100a200, Load base: 0x0100a200, Size: 0x00000000, Max: 0x00000000, ABSOLUTE)

    Exec Addr    Load Addr    Size         Type   Attr      Idx    E Section Name        Object

    0x0100a200        -       0x00000000   Zero   RW           95    __OPTION_SETTING_OFS1_SEC_start.bss  anon$$obj.o


    Execution Region __OPTION_SETTING_OFS1_SEC_init (Exec base: 0x0100a200, Load base: 0x0100a200, Size: 0x00000000, Max: 0x00000000, ABSOLUTE)

    Exec Addr    Load Addr    Size         Type   Attr      Idx    E Section Name        Object

    0x0100a200        -       0x00000000   Zero   RW           96    __OPTION_SETTING_OFS1_SEC_init.bss  anon$$obj.o


    Execution Region __ddsc_OPTION_SETTING_OFS1_SEC_START (Exec base: 0x0100a200, Load base: 0x0100a200, Size: 0x00000000, Max: 0x00000000, ABSOLUTE)

    Exec Addr    Load Addr    Size         Type   Attr      Idx    E Section Name        Object

    0x0100a200        -       0x00000000   Zero   RW           97    __ddsc_OPTION_SETTING_OFS1_SEC_START.bss  anon$$obj.o


    Execution Region .option_setting_ofs1_sec.startof (Exec base: 0x0100a200, Load base: 0x0100a200, Size: 0x00000000, Max: 0x00000000, ABSOLUTE)

    Exec Addr    Load Addr    Size         Type   Attr      Idx    E Section Name        Object

    0x0100a200        -       0x00000000   Zero   RW           98    .option_setting_ofs1_sec.startof.bss  anon$$obj.o


    Execution Region __option_setting_ofs1_sec_reg (Exec base: 0x0100a200, Load base: 0x0100a200, Size: 0x00000004, Max: 0xffffffff, ABSOLUTE, FIXED)

    Exec Addr    Load Addr    Size         Type   Attr      Idx    E Section Name        Object

    0x0100a200   0x0100a200   0x00000004   Data   RO          949    .option_setting_ofs1_sec  bsp_linker.o


    Execution Region __ddsc_OPTION_SETTING_OFS1_SEC_END (Exec base: 0x0100a204, Load base: 0x0100a204, Size: 0x00000000, Max: 0x00000000, ABSOLUTE)

    Exec Addr    Load Addr    Size         Type   Attr      Idx    E Section Name        Object

    0x0100a204        -       0x00000000   Zero   RW           99    __ddsc_OPTION_SETTING_OFS1_SEC_END.bss  anon$$obj.o


    Execution Region .option_setting_ofs1_sec.endof (Exec base: 0x0100a204, Load base: 0x0100a204, Size: 0x00000000, Max: 0x00000000, ABSOLUTE)

    Exec Addr    Load Addr    Size         Type   Attr      Idx    E Section Name        Object

    0x0100a204        -       0x00000000   Zero   RW          100    .option_setting_ofs1_sec.endof.bss  anon$$obj.o


    Execution Region __OPTION_SETTING_OFS1_SEC_end (Exec base: 0x0100a204, Load base: 0x0100a204, Size: 0x00000000, Max: 0x00000000, ABSOLUTE)

    Exec Addr    Load Addr    Size         Type   Attr      Idx    E Section Name        Object

    0x0100a204        -       0x00000000   Zero   RW          101    __OPTION_SETTING_OFS1_SEC_end.bss  anon$$obj.o



  Load Region LOAD_REGION_OPTION_SETTING_BANKSEL_SEC (Base: 0x0100a210, Size: 0x00000000, Max: 0x00000004, ABSOLUTE)

    Execution Region __OPTION_SETTING_BANKSEL_SEC_start (Exec base: 0x0100a210, Load base: 0x0100a210, Size: 0x00000000, Max: 0x00000000, ABSOLUTE)

    Exec Addr    Load Addr    Size         Type   Attr      Idx    E Section Name        Object

    0x0100a210        -       0x00000000   Zero   RW          102    __OPTION_SETTING_BANKSEL_SEC_start.bss  anon$$obj.o


    Execution Region __OPTION_SETTING_BANKSEL_SEC_init (Exec base: 0x0100a210, Load base: 0x0100a210, Size: 0x00000000, Max: 0x00000000, ABSOLUTE)

    Exec Addr    Load Addr    Size         Type   Attr      Idx    E Section Name        Object

    0x0100a210        -       0x00000000   Zero   RW          103    __OPTION_SETTING_BANKSEL_SEC_init.bss  anon$$obj.o


    Execution Region __ddsc_OPTION_SETTING_BANKSEL_SEC_START (Exec base: 0x0100a210, Load base: 0x0100a210, Size: 0x00000000, Max: 0x00000000, ABSOLUTE)

    Exec Addr    Load Addr    Size         Type   Attr      Idx    E Section Name        Object

    0x0100a210        -       0x00000000   Zero   RW          104    __ddsc_OPTION_SETTING_BANKSEL_SEC_START.bss  anon$$obj.o


    Execution Region .option_setting_banksel_sec.startof (Exec base: 0x0100a210, Load base: 0x0100a210, Size: 0x00000000, Max: 0x00000000, ABSOLUTE)

    Exec Addr    Load Addr    Size         Type   Attr      Idx    E Section Name        Object

    0x0100a210        -       0x00000000   Zero   RW          105    .option_setting_banksel_sec.startof.bss  anon$$obj.o


    Execution Region __option_setting_banksel_sec_reg (Exec base: 0x0100a210, Load base: 0x0100a210, Size: 0x00000000, Max: 0xffffffff, ABSOLUTE, FIXED)

    **** No section assigned to this execution region ****


    Execution Region __ddsc_OPTION_SETTING_BANKSEL_SEC_END (Exec base: 0x0100a210, Load base: 0x0100a210, Size: 0x00000000, Max: 0x00000000, ABSOLUTE)

    Exec Addr    Load Addr    Size         Type   Attr      Idx    E Section Name        Object

    0x0100a210        -       0x00000000   Zero   RW          106    __ddsc_OPTION_SETTING_BANKSEL_SEC_END.bss  anon$$obj.o


    Execution Region .option_setting_banksel_sec.endof (Exec base: 0x0100a210, Load base: 0x0100a210, Size: 0x00000000, Max: 0x00000000, ABSOLUTE)

    Exec Addr    Load Addr    Size         Type   Attr      Idx    E Section Name        Object

    0x0100a210        -       0x00000000   Zero   RW          107    .option_setting_banksel_sec.endof.bss  anon$$obj.o


    Execution Region __OPTION_SETTING_BANKSEL_SEC_end (Exec base: 0x0100a210, Load base: 0x0100a210, Size: 0x00000000, Max: 0x00000000, ABSOLUTE)

    Exec Addr    Load Addr    Size         Type   Attr      Idx    E Section Name        Object

    0x0100a210        -       0x00000000   Zero   RW          108    __OPTION_SETTING_BANKSEL_SEC_end.bss  anon$$obj.o



  Load Region LOAD_REGION_OPTION_SETTING_BPS_SEC (Base: 0x0100a240, Size: 0x00000000, Max: 0x00000010, ABSOLUTE)

    Execution Region __OPTION_SETTING_BPS_SEC_start (Exec base: 0x0100a240, Load base: 0x0100a240, Size: 0x00000000, Max: 0x00000000, ABSOLUTE)

    Exec Addr    Load Addr    Size         Type   Attr      Idx    E Section Name        Object

    0x0100a240        -       0x00000000   Zero   RW          109    __OPTION_SETTING_BPS_SEC_start.bss  anon$$obj.o


    Execution Region __OPTION_SETTING_BPS_SEC_init (Exec base: 0x0100a240, Load base: 0x0100a240, Size: 0x00000000, Max: 0x00000000, ABSOLUTE)

    Exec Addr    Load Addr    Size         Type   Attr      Idx    E Section Name        Object

    0x0100a240        -       0x00000000   Zero   RW          110    __OPTION_SETTING_BPS_SEC_init.bss  anon$$obj.o


    Execution Region __ddsc_OPTION_SETTING_BPS_SEC_START (Exec base: 0x0100a240, Load base: 0x0100a240, Size: 0x00000000, Max: 0x00000000, ABSOLUTE)

    Exec Addr    Load Addr    Size         Type   Attr      Idx    E Section Name        Object

    0x0100a240        -       0x00000000   Zero   RW          111    __ddsc_OPTION_SETTING_BPS_SEC_START.bss  anon$$obj.o


    Execution Region .option_setting_bps_sec.startof (Exec base: 0x0100a240, Load base: 0x0100a240, Size: 0x00000000, Max: 0x00000000, ABSOLUTE)

    Exec Addr    Load Addr    Size         Type   Attr      Idx    E Section Name        Object

    0x0100a240        -       0x00000000   Zero   RW          112    .option_setting_bps_sec.startof.bss  anon$$obj.o


    Execution Region __option_setting_bps_sec_reg (Exec base: 0x0100a240, Load base: 0x0100a240, Size: 0x00000000, Max: 0xffffffff, ABSOLUTE, FIXED)

    **** No section assigned to this execution region ****


    Execution Region __ddsc_OPTION_SETTING_BPS_SEC_END (Exec base: 0x0100a240, Load base: 0x0100a240, Size: 0x00000000, Max: 0x00000000, ABSOLUTE)

    Exec Addr    Load Addr    Size         Type   Attr      Idx    E Section Name        Object

    0x0100a240        -       0x00000000   Zero   RW          113    __ddsc_OPTION_SETTING_BPS_SEC_END.bss  anon$$obj.o


    Execution Region .option_setting_bps_sec.endof (Exec base: 0x0100a240, Load base: 0x0100a240, Size: 0x00000000, Max: 0x00000000, ABSOLUTE)

    Exec Addr    Load Addr    Size         Type   Attr      Idx    E Section Name        Object

    0x0100a240        -       0x00000000   Zero   RW          114    .option_setting_bps_sec.endof.bss  anon$$obj.o


    Execution Region __OPTION_SETTING_BPS_SEC_end (Exec base: 0x0100a240, Load base: 0x0100a240, Size: 0x00000000, Max: 0x00000000, ABSOLUTE)

    Exec Addr    Load Addr    Size         Type   Attr      Idx    E Section Name        Object

    0x0100a240        -       0x00000000   Zero   RW          115    __OPTION_SETTING_BPS_SEC_end.bss  anon$$obj.o



  Load Region LOAD_REGION_OPTION_SETTING_PBPS_SEC (Base: 0x0100a260, Size: 0x00000000, Max: 0x00000010, ABSOLUTE)

    Execution Region __OPTION_SETTING_PBPS_SEC_start (Exec base: 0x0100a260, Load base: 0x0100a260, Size: 0x00000000, Max: 0x00000000, ABSOLUTE)

    Exec Addr    Load Addr    Size         Type   Attr      Idx    E Section Name        Object

    0x0100a260        -       0x00000000   Zero   RW          116    __OPTION_SETTING_PBPS_SEC_start.bss  anon$$obj.o


    Execution Region __OPTION_SETTING_PBPS_SEC_init (Exec base: 0x0100a260, Load base: 0x0100a260, Size: 0x00000000, Max: 0x00000000, ABSOLUTE)

    Exec Addr    Load Addr    Size         Type   Attr      Idx    E Section Name        Object

    0x0100a260        -       0x00000000   Zero   RW          117    __OPTION_SETTING_PBPS_SEC_init.bss  anon$$obj.o


    Execution Region __ddsc_OPTION_SETTING_PBPS_SEC_START (Exec base: 0x0100a260, Load base: 0x0100a260, Size: 0x00000000, Max: 0x00000000, ABSOLUTE)

    Exec Addr    Load Addr    Size         Type   Attr      Idx    E Section Name        Object

    0x0100a260        -       0x00000000   Zero   RW          118    __ddsc_OPTION_SETTING_PBPS_SEC_START.bss  anon$$obj.o


    Execution Region .option_setting_pbps_sec.startof (Exec base: 0x0100a260, Load base: 0x0100a260, Size: 0x00000000, Max: 0x00000000, ABSOLUTE)

    Exec Addr    Load Addr    Size         Type   Attr      Idx    E Section Name        Object

    0x0100a260        -       0x00000000   Zero   RW          119    .option_setting_pbps_sec.startof.bss  anon$$obj.o


    Execution Region __option_setting_pbps_sec_reg (Exec base: 0x0100a260, Load base: 0x0100a260, Size: 0x00000000, Max: 0xffffffff, ABSOLUTE, FIXED)

    **** No section assigned to this execution region ****


    Execution Region __ddsc_OPTION_SETTING_PBPS_SEC_END (Exec base: 0x0100a260, Load base: 0x0100a260, Size: 0x00000000, Max: 0x00000000, ABSOLUTE)

    Exec Addr    Load Addr    Size         Type   Attr      Idx    E Section Name        Object

    0x0100a260        -       0x00000000   Zero   RW          120    __ddsc_OPTION_SETTING_PBPS_SEC_END.bss  anon$$obj.o


    Execution Region .option_setting_pbps_sec.endof (Exec base: 0x0100a260, Load base: 0x0100a260, Size: 0x00000000, Max: 0x00000000, ABSOLUTE)

    Exec Addr    Load Addr    Size         Type   Attr      Idx    E Section Name        Object

    0x0100a260        -       0x00000000   Zero   RW          121    .option_setting_pbps_sec.endof.bss  anon$$obj.o


    Execution Region __OPTION_SETTING_PBPS_SEC_end (Exec base: 0x0100a260, Load base: 0x0100a260, Size: 0x00000000, Max: 0x00000000, ABSOLUTE)

    Exec Addr    Load Addr    Size         Type   Attr      Idx    E Section Name        Object

    0x0100a260        -       0x00000000   Zero   RW          122    __OPTION_SETTING_PBPS_SEC_end.bss  anon$$obj.o



  Load Region LOAD_REGION_OPTION_SETTING_OFS1_SEL (Base: 0x0100a280, Size: 0x00000004, Max: 0x00000004, ABSOLUTE)

    Execution Region __OPTION_SETTING_OFS1_SEL_start (Exec base: 0x0100a280, Load base: 0x0100a280, Size: 0x00000000, Max: 0x00000000, ABSOLUTE)

    Exec Addr    Load Addr    Size         Type   Attr      Idx    E Section Name        Object

    0x0100a280        -       0x00000000   Zero   RW          123    __OPTION_SETTING_OFS1_SEL_start.bss  anon$$obj.o


    Execution Region __OPTION_SETTING_OFS1_SEL_init (Exec base: 0x0100a280, Load base: 0x0100a280, Size: 0x00000000, Max: 0x00000000, ABSOLUTE)

    Exec Addr    Load Addr    Size         Type   Attr      Idx    E Section Name        Object

    0x0100a280        -       0x00000000   Zero   RW          124    __OPTION_SETTING_OFS1_SEL_init.bss  anon$$obj.o


    Execution Region __ddsc_OPTION_SETTING_OFS1_SEL_START (Exec base: 0x0100a280, Load base: 0x0100a280, Size: 0x00000000, Max: 0x00000000, ABSOLUTE)

    Exec Addr    Load Addr    Size         Type   Attr      Idx    E Section Name        Object

    0x0100a280        -       0x00000000   Zero   RW          125    __ddsc_OPTION_SETTING_OFS1_SEL_START.bss  anon$$obj.o


    Execution Region .option_setting_ofs1_sel.startof (Exec base: 0x0100a280, Load base: 0x0100a280, Size: 0x00000000, Max: 0x00000000, ABSOLUTE)

    Exec Addr    Load Addr    Size         Type   Attr      Idx    E Section Name        Object

    0x0100a280        -       0x00000000   Zero   RW          126    .option_setting_ofs1_sel.startof.bss  anon$$obj.o


    Execution Region __option_setting_ofs1_sel_reg (Exec base: 0x0100a280, Load base: 0x0100a280, Size: 0x00000004, Max: 0xffffffff, ABSOLUTE, FIXED)

    Exec Addr    Load Addr    Size         Type   Attr      Idx    E Section Name        Object

    0x0100a280   0x0100a280   0x00000004   Data   RO          950    .option_setting_ofs1_sel  bsp_linker.o


    Execution Region __ddsc_OPTION_SETTING_OFS1_SEL_END (Exec base: 0x0100a284, Load base: 0x0100a284, Size: 0x00000000, Max: 0x00000000, ABSOLUTE)

    Exec Addr    Load Addr    Size         Type   Attr      Idx    E Section Name        Object

    0x0100a284        -       0x00000000   Zero   RW          127    __ddsc_OPTION_SETTING_OFS1_SEL_END.bss  anon$$obj.o


    Execution Region .option_setting_ofs1_sel.endof (Exec base: 0x0100a284, Load base: 0x0100a284, Size: 0x00000000, Max: 0x00000000, ABSOLUTE)

    Exec Addr    Load Addr    Size         Type   Attr      Idx    E Section Name        Object

    0x0100a284        -       0x00000000   Zero   RW          128    .option_setting_ofs1_sel.endof.bss  anon$$obj.o


    Execution Region __OPTION_SETTING_OFS1_SEL_end (Exec base: 0x0100a284, Load base: 0x0100a284, Size: 0x00000000, Max: 0x00000000, ABSOLUTE)

    Exec Addr    Load Addr    Size         Type   Attr      Idx    E Section Name        Object

    0x0100a284        -       0x00000000   Zero   RW          129    __OPTION_SETTING_OFS1_SEL_end.bss  anon$$obj.o



  Load Region LOAD_REGION_OPTION_SETTING_BANKSEL_SEL (Base: 0x0100a290, Size: 0x00000000, Max: 0x00000004, ABSOLUTE)

    Execution Region __OPTION_SETTING_BANKSEL_SEL_start (Exec base: 0x0100a290, Load base: 0x0100a290, Size: 0x00000000, Max: 0x00000000, ABSOLUTE)

    Exec Addr    Load Addr    Size         Type   Attr      Idx    E Section Name        Object

    0x0100a290        -       0x00000000   Zero   RW          130    __OPTION_SETTING_BANKSEL_SEL_start.bss  anon$$obj.o


    Execution Region __OPTION_SETTING_BANKSEL_SEL_init (Exec base: 0x0100a290, Load base: 0x0100a290, Size: 0x00000000, Max: 0x00000000, ABSOLUTE)

    Exec Addr    Load Addr    Size         Type   Attr      Idx    E Section Name        Object

    0x0100a290        -       0x00000000   Zero   RW          131    __OPTION_SETTING_BANKSEL_SEL_init.bss  anon$$obj.o


    Execution Region __ddsc_OPTION_SETTING_BANKSEL_SEL_START (Exec base: 0x0100a290, Load base: 0x0100a290, Size: 0x00000000, Max: 0x00000000, ABSOLUTE)

    Exec Addr    Load Addr    Size         Type   Attr      Idx    E Section Name        Object

    0x0100a290        -       0x00000000   Zero   RW          132    __ddsc_OPTION_SETTING_BANKSEL_SEL_START.bss  anon$$obj.o


    Execution Region .option_setting_banksel_sel.startof (Exec base: 0x0100a290, Load base: 0x0100a290, Size: 0x00000000, Max: 0x00000000, ABSOLUTE)

    Exec Addr    Load Addr    Size         Type   Attr      Idx    E Section Name        Object

    0x0100a290        -       0x00000000   Zero   RW          133    .option_setting_banksel_sel.startof.bss  anon$$obj.o


    Execution Region __option_setting_banksel_sel_reg (Exec base: 0x0100a290, Load base: 0x0100a290, Size: 0x00000000, Max: 0xffffffff, ABSOLUTE, FIXED)

    **** No section assigned to this execution region ****


    Execution Region __ddsc_OPTION_SETTING_BANKSEL_SEL_END (Exec base: 0x0100a290, Load base: 0x0100a290, Size: 0x00000000, Max: 0x00000000, ABSOLUTE)

    Exec Addr    Load Addr    Size         Type   Attr      Idx    E Section Name        Object

    0x0100a290        -       0x00000000   Zero   RW          134    __ddsc_OPTION_SETTING_BANKSEL_SEL_END.bss  anon$$obj.o


    Execution Region .option_setting_banksel_sel.endof (Exec base: 0x0100a290, Load base: 0x0100a290, Size: 0x00000000, Max: 0x00000000, ABSOLUTE)

    Exec Addr    Load Addr    Size         Type   Attr      Idx    E Section Name        Object

    0x0100a290        -       0x00000000   Zero   RW          135    .option_setting_banksel_sel.endof.bss  anon$$obj.o


    Execution Region __OPTION_SETTING_BANKSEL_SEL_end (Exec base: 0x0100a290, Load base: 0x0100a290, Size: 0x00000000, Max: 0x00000000, ABSOLUTE)

    Exec Addr    Load Addr    Size         Type   Attr      Idx    E Section Name        Object

    0x0100a290        -       0x00000000   Zero   RW          136    __OPTION_SETTING_BANKSEL_SEL_end.bss  anon$$obj.o



  Load Region LOAD_REGION_OPTION_SETTING_BPS_SEL (Base: 0x0100a2c0, Size: 0x00000000, Max: 0x00000010, ABSOLUTE)

    Execution Region __OPTION_SETTING_BPS_SEL_start (Exec base: 0x0100a2c0, Load base: 0x0100a2c0, Size: 0x00000000, Max: 0x00000000, ABSOLUTE)

    Exec Addr    Load Addr    Size         Type   Attr      Idx    E Section Name        Object

    0x0100a2c0        -       0x00000000   Zero   RW          137    __OPTION_SETTING_BPS_SEL_start.bss  anon$$obj.o


    Execution Region __OPTION_SETTING_BPS_SEL_init (Exec base: 0x0100a2c0, Load base: 0x0100a2c0, Size: 0x00000000, Max: 0x00000000, ABSOLUTE)

    Exec Addr    Load Addr    Size         Type   Attr      Idx    E Section Name        Object

    0x0100a2c0        -       0x00000000   Zero   RW          138    __OPTION_SETTING_BPS_SEL_init.bss  anon$$obj.o


    Execution Region __ddsc_OPTION_SETTING_BPS_SEL_START (Exec base: 0x0100a2c0, Load base: 0x0100a2c0, Size: 0x00000000, Max: 0x00000000, ABSOLUTE)

    Exec Addr    Load Addr    Size         Type   Attr      Idx    E Section Name        Object

    0x0100a2c0        -       0x00000000   Zero   RW          139    __ddsc_OPTION_SETTING_BPS_SEL_START.bss  anon$$obj.o


    Execution Region .option_setting_bps_sel.startof (Exec base: 0x0100a2c0, Load base: 0x0100a2c0, Size: 0x00000000, Max: 0x00000000, ABSOLUTE)

    Exec Addr    Load Addr    Size         Type   Attr      Idx    E Section Name        Object

    0x0100a2c0        -       0x00000000   Zero   RW          140    .option_setting_bps_sel.startof.bss  anon$$obj.o


    Execution Region __option_setting_bps_sel_reg (Exec base: 0x0100a2c0, Load base: 0x0100a2c0, Size: 0x00000000, Max: 0xffffffff, ABSOLUTE, FIXED)

    **** No section assigned to this execution region ****


    Execution Region __ddsc_OPTION_SETTING_BPS_SEL_END (Exec base: 0x0100a2c0, Load base: 0x0100a2c0, Size: 0x00000000, Max: 0x00000000, ABSOLUTE)

    Exec Addr    Load Addr    Size         Type   Attr      Idx    E Section Name        Object

    0x0100a2c0        -       0x00000000   Zero   RW          141    __ddsc_OPTION_SETTING_BPS_SEL_END.bss  anon$$obj.o


    Execution Region .option_setting_bps_sel.endof (Exec base: 0x0100a2c0, Load base: 0x0100a2c0, Size: 0x00000000, Max: 0x00000000, ABSOLUTE)

    Exec Addr    Load Addr    Size         Type   Attr      Idx    E Section Name        Object

    0x0100a2c0        -       0x00000000   Zero   RW          142    .option_setting_bps_sel.endof.bss  anon$$obj.o


    Execution Region __OPTION_SETTING_BPS_SEL_end (Exec base: 0x0100a2c0, Load base: 0x0100a2c0, Size: 0x00000000, Max: 0x00000000, ABSOLUTE)

    Exec Addr    Load Addr    Size         Type   Attr      Idx    E Section Name        Object

    0x0100a2c0        -       0x00000000   Zero   RW          143    __OPTION_SETTING_BPS_SEL_end.bss  anon$$obj.o


==============================================================================

Image component sizes


      Code (inc. data)   RO Data    RW Data    ZI Data      Debug   Object Name

       196          0         16          0          4      15540   bsp_can.o
       564          0          0          0         28      39549   bsp_clocks.o
         8          0         78          0          0      10065   bsp_common.o
       140          0          0          0          0       1917   bsp_delay.o
       476          8          0          0         45       4402   bsp_dwt.o
        68          0          0          0         64      14147   bsp_group_irq.o
         0          0          0          0          4        525   bsp_io.o
       138          0          0          0         68      18569   bsp_irq.o
         0          0        380          0          0       3549   bsp_linker.o
       160          0         10          0         10      21872   bsp_register_protection.o
       338          0          0          0         17      15579   bsp_uart.o
         2          0          0          0          8      17894   common_data.o
       124          0          0          0        257       1878   daemon.o
       130         12          4          0       1124       2219   daemon_task.o
        12          0          0          0          0        413   daemon_task_entry.o
       318         24          0          0        465      13959   dummy_cmd.o
      3854        100          0          0          0      15607   dummy_kinematic.o
       692         28        156          0       1093       4548   dummy_motormatic.o
         4          0        172        156         88      57356   hal_data.o
        26          0          0          0          0      16803   hal_warmstart.o
       118          0          0          0          0       2206   list.o
       236          0          0          0       1297       3332   main.o
       698         12          0          0        173      16573   mc6c.o
       246          0          0         48          0       2757   message_center.o
       134         16          4          0       4196       2259   motor_ctrl_task.o
        16          0          0          0          0        465   motor_ctrl_task_entry.o
         0          0        132          0          0       8060   pin_data.o
       688         52        142          0          8      27604   port.o
      2020        100        622          0         80      20627   queue.o
      2704         16          0          0          8      60052   r_canfd.o
       592          0         44          0         69      26186   r_dtc.o
       430         12          0          0          0      57167   r_ioport.o
      1890          0          0          0          0      76147   r_sci_uart.o
       130         12          4          0       4196       2209   robot_task.o
        16          0          0          0          0        450   robot_task_entry.o
        14          0         64          0       5120        996   startup.o
       742         26          0          0        545       9838   step_motor.o
       252          0          0          0          4       6739   system.o
      2788        168        514          0        260      30196   tasks.o
       916         74         85          0        252      14448   timers.o
         0          0        136          0          0       9888   vector_data.o

    ----------------------------------------------------------------------
     21948        660       2568        204      19500     654590   Object Totals
         0          0          0          0          0          0   (incl. Generated)
        68          0          5          0         17          0   (incl. Padding)

    ----------------------------------------------------------------------

      Code (inc. data)   RO Data    RW Data    ZI Data      Debug   Library Member Name

       280         46          0          0          0        176   acosf.o
       684         90          0          0          0        208   atan2f.o
       352         56          0          0          0        172   atanf.o
       336         56          0          0          0        136   cosf.o
       176          0          0          0          0        168   fmodf.o
        38          0          0          0          0        116   fpclassifyf.o
        44         12          0          0          0        464   funder.o
       340         24         32          0          0        160   rredf.o
       400         56          0          0          0        212   sinf.o
        62          0          0          0          0        136   sqrtf.o
        28          0          0          0          0         76   calloc.o
        12          6          0          4          0         68   errno.o
         0          0          0          0          0          0   iusefp.o
        30          0          0          0          0         68   llshl.o
        32          0          0          0          0         68   llushr.o
       188         20          0          0          0        160   malloc2.o
        36          0          0          0          0         68   memcpya.o
        36          0          0          0          0        108   memseta.o
         0          0          0          8          0          0   mvars.o
        28          0          0          0          0         76   strcmp.o
        18          0          0          0          0         68   strcpy.o
        22          0          0          0          0         68   strnlen.o
        98          0          0          0          0         92   uldiv.o
       110          0          0          0          0        168   fepilogue.o
        28          0          0          0          0         84   ffltul.o
        82          0          0          0          0         96   frem.o

    ----------------------------------------------------------------------
      3464        366         32         12          0       3216   Library Totals
         4          0          0          0          0          0   (incl. Padding)

    ----------------------------------------------------------------------

      Code (inc. data)   RO Data    RW Data    ZI Data      Debug   Library Name

      2712        340         32          0          0       1948   m_wm.l
       528         26          0         12          0        920   mc_w.l
       220          0          0          0          0        348   mf_w.l

    ----------------------------------------------------------------------
      3464        366         32         12          0       3216   Library Totals

    ----------------------------------------------------------------------

==============================================================================


      Code (inc. data)   RO Data    RW Data    ZI Data      Debug   

     25412       1026       2600        216      19500     655210   Grand Totals
     25412       1026       2600        216      19500     655210   ELF Image Totals
     25412       1026       2600        216          0          0   ROM Totals

==============================================================================

    Total RO  Size (Code + RO Data)                28012 (  27.36kB)
    Total RW  Size (RW Data + ZI Data)             19716 (  19.25kB)
    Total ROM Size (Code + RO Data + RW Data)      28228 (  27.57kB)

==============================================================================

